Archive member included to satisfy reference by file (symbol)

/usr/local/mcuxpressoide-11.0.1_2563/ide/plugins/com.nxp.mcuxpresso.tools.linux_11.0.1.201907311258/tools/bin/../lib/gcc/arm-none-eabi/8.2.1/../../../../arm-none-eabi/lib/thumb/v6-m/nofp/libcr_c.a(memcpy.o)
                              ./debug_frdm/drivers/fsl_flash.o (memcpy)
/usr/local/mcuxpressoide-11.0.1_2563/ide/plugins/com.nxp.mcuxpresso.tools.linux_11.0.1.201907311258/tools/bin/../lib/gcc/arm-none-eabi/8.2.1/../../../../arm-none-eabi/lib/thumb/v6-m/nofp/libcr_c.a(memset.o)
                              ./debug_frdm/drivers/fsl_flash.o (memset)
/usr/local/mcuxpressoide-11.0.1_2563/ide/plugins/com.nxp.mcuxpresso.tools.linux_11.0.1.201907311258/tools/bin/../lib/gcc/arm-none-eabi/8.2.1/../../../../arm-none-eabi/lib/thumb/v6-m/nofp/libcr_c.a(alloc.o)
                              ./debug_frdm/frdm_includes/allocate_words.o (malloc)
/usr/local/mcuxpressoide-11.0.1_2563/ide/plugins/com.nxp.mcuxpresso.tools.linux_11.0.1.201907311258/tools/bin/../lib/gcc/arm-none-eabi/8.2.1/../../../../arm-none-eabi/lib/thumb/v6-m/nofp/libcr_c.a(fpprintf.o)
                              ./debug_frdm/main.o (printf)
/usr/local/mcuxpressoide-11.0.1_2563/ide/plugins/com.nxp.mcuxpresso.tools.linux_11.0.1.201907311258/tools/bin/../lib/gcc/arm-none-eabi/8.2.1/../../../../arm-none-eabi/lib/thumb/v6-m/nofp/libcr_c.a(printf.o)
                              /usr/local/mcuxpressoide-11.0.1_2563/ide/plugins/com.nxp.mcuxpresso.tools.linux_11.0.1.201907311258/tools/bin/../lib/gcc/arm-none-eabi/8.2.1/../../../../arm-none-eabi/lib/thumb/v6-m/nofp/libcr_c.a(fpprintf.o) (__vfprintf)
/usr/local/mcuxpressoide-11.0.1_2563/ide/plugins/com.nxp.mcuxpresso.tools.linux_11.0.1.201907311258/tools/bin/../lib/gcc/arm-none-eabi/8.2.1/../../../../arm-none-eabi/lib/thumb/v6-m/nofp/libcr_c.a(strlen.o)
                              ./debug_frdm/utilities/fsl_debug_console.o (strlen)
/usr/local/mcuxpressoide-11.0.1_2563/ide/plugins/com.nxp.mcuxpresso.tools.linux_11.0.1.201907311258/tools/bin/../lib/gcc/arm-none-eabi/8.2.1/../../../../arm-none-eabi/lib/thumb/v6-m/nofp/libcr_c.a(__init_alloc.o)
                              /usr/local/mcuxpressoide-11.0.1_2563/ide/plugins/com.nxp.mcuxpresso.tools.linux_11.0.1.201907311258/tools/bin/../lib/gcc/arm-none-eabi/8.2.1/../../../../arm-none-eabi/lib/thumb/v6-m/nofp/libcr_c.a(alloc.o) (__heaps)
/usr/local/mcuxpressoide-11.0.1_2563/ide/plugins/com.nxp.mcuxpresso.tools.linux_11.0.1.201907311258/tools/bin/../lib/gcc/arm-none-eabi/8.2.1/../../../../arm-none-eabi/lib/thumb/v6-m/nofp/libcr_c.a(_cr_sbrk.o)
                              /usr/local/mcuxpressoide-11.0.1_2563/ide/plugins/com.nxp.mcuxpresso.tools.linux_11.0.1.201907311258/tools/bin/../lib/gcc/arm-none-eabi/8.2.1/../../../../arm-none-eabi/lib/thumb/v6-m/nofp/libcr_c.a(alloc.o) (_sbrk)
/usr/local/mcuxpressoide-11.0.1_2563/ide/plugins/com.nxp.mcuxpresso.tools.linux_11.0.1.201907311258/tools/bin/../lib/gcc/arm-none-eabi/8.2.1/../../../../arm-none-eabi/lib/thumb/v6-m/nofp/libcr_c.a(_deferredlazyseek.o)
                              /usr/local/mcuxpressoide-11.0.1_2563/ide/plugins/com.nxp.mcuxpresso.tools.linux_11.0.1.201907311258/tools/bin/../lib/gcc/arm-none-eabi/8.2.1/../../../../arm-none-eabi/lib/thumb/v6-m/nofp/libcr_c.a(fpprintf.o) (__flsbuf)
/usr/local/mcuxpressoide-11.0.1_2563/ide/plugins/com.nxp.mcuxpresso.tools.linux_11.0.1.201907311258/tools/bin/../lib/gcc/arm-none-eabi/8.2.1/../../../../arm-none-eabi/lib/thumb/v6-m/nofp/libcr_c.a(_fflush.o)
                              /usr/local/mcuxpressoide-11.0.1_2563/ide/plugins/com.nxp.mcuxpresso.tools.linux_11.0.1.201907311258/tools/bin/../lib/gcc/arm-none-eabi/8.2.1/../../../../arm-none-eabi/lib/thumb/v6-m/nofp/libcr_c.a(_deferredlazyseek.o) (_fflush)
/usr/local/mcuxpressoide-11.0.1_2563/ide/plugins/com.nxp.mcuxpresso.tools.linux_11.0.1.201907311258/tools/bin/../lib/gcc/arm-none-eabi/8.2.1/../../../../arm-none-eabi/lib/thumb/v6-m/nofp/libcr_c.a(_frexpl.o)
                              /usr/local/mcuxpressoide-11.0.1_2563/ide/plugins/com.nxp.mcuxpresso.tools.linux_11.0.1.201907311258/tools/bin/../lib/gcc/arm-none-eabi/8.2.1/../../../../arm-none-eabi/lib/thumb/v6-m/nofp/libcr_c.a(fpprintf.o) (_frexpl)
/usr/local/mcuxpressoide-11.0.1_2563/ide/plugins/com.nxp.mcuxpresso.tools.linux_11.0.1.201907311258/tools/bin/../lib/gcc/arm-none-eabi/8.2.1/../../../../arm-none-eabi/lib/thumb/v6-m/nofp/libcr_c.a(_ldexpl.o)
                              /usr/local/mcuxpressoide-11.0.1_2563/ide/plugins/com.nxp.mcuxpresso.tools.linux_11.0.1.201907311258/tools/bin/../lib/gcc/arm-none-eabi/8.2.1/../../../../arm-none-eabi/lib/thumb/v6-m/nofp/libcr_c.a(fpprintf.o) (_ldexpl)
/usr/local/mcuxpressoide-11.0.1_2563/ide/plugins/com.nxp.mcuxpresso.tools.linux_11.0.1.201907311258/tools/bin/../lib/gcc/arm-none-eabi/8.2.1/../../../../arm-none-eabi/lib/thumb/v6-m/nofp/libcr_c.a(_writebuf.o)
[...]
Memory Configuration

Name             Origin             Length             Attributes
PROGRAM_FLASH    0x0000000000000000 0x0000000000020000 xr
SRAM             0x000000001ffff000 0x0000000000004000 xrw
*default*        0x0000000000000000 0xffffffffffffffff

Linker script and memory map

LOAD ./debug_frdm/main.o
LOAD ./debug_frdm/CMSIS/startup_MKL25Z4.o
LOAD ./debug_frdm/CMSIS/system_MKL25Z4.o
LOAD ./debug_frdm/board/board.o
LOAD ./debug_frdm/board/clock_config.o
LOAD ./debug_frdm/board/peripherals.o
LOAD ./debug_frdm/board/pin_mux.o
LOAD ./debug_frdm/drivers/fsl_clock.o
LOAD ./debug_frdm/drivers/fsl_common.o
LOAD ./debug_frdm/drivers/fsl_flash.o
LOAD ./debug_frdm/drivers/fsl_gpio.o
LOAD ./debug_frdm/drivers/fsl_lpsci.o
LOAD ./debug_frdm/drivers/fsl_lptmr.o
LOAD ./debug_frdm/drivers/fsl_smc.o
LOAD ./debug_frdm/drivers/fsl_tsi_v4.o
LOAD ./debug_frdm/drivers/fsl_uart.o
LOAD ./debug_frdm/utilities/fsl_debug_console.o
LOAD ./debug_frdm/frdm_includes/allocate_words.o
LOAD ./debug_frdm/frdm_includes/display_memory.o
LOAD ./debug_frdm/frdm_includes/free_words.o
LOAD ./debug_frdm/frdm_includes/gen_pattern.o
LOAD ./debug_frdm/frdm_includes/invert_block.o
LOAD ./debug_frdm/frdm_includes/malloc.o
LOAD ./debug_frdm/frdm_includes/verify_pattern.o
LOAD ./debug_frdm/frdm_includes/write_memory.o
LOAD ./debug_frdm/frdm_includes/write_pattern.o
LOAD ./debug_frdm/frdm_includes/get_address.o
LOAD ./debug_frdm/frdm_includes/ledControl.o
LOAD ./debug_frdm/frdm_includes/loggerFunctions.o
START GROUP
LOAD /usr/local/mcuxpressoide-11.0.1_2563/ide/plugins/com.nxp.mcuxpresso.tools.linux_11.0.1.201907311258/tools/bin/../lib/gcc/arm-none-eabi/8.2.1/../../../../arm-none-eabi/lib/thumb/v6-m/nofp/libcr_semihost_nf.a
LOAD /usr/local/mcuxpressoide-11.0.1_2563/ide/plugins/com.nxp.mcuxpresso.tools.linux_11.0.1.201907311258/tools/bin/../lib/gcc/arm-none-eabi/8.2.1/../../../../arm-none-eabi/lib/thumb/v6-m/nofp/libcr_c.a
LOAD /usr/local/mcuxpressoide-11.0.1_2563/ide/plugins/com.nxp.mcuxpresso.tools.linux_11.0.1.201907311258/tools/bin/../lib/gcc/arm-none-eabi/8.2.1/thumb/v6-m/nofp/libcr_eabihelpers.a
END GROUP
                0x0000000000000000                __base_PROGRAM_FLASH = 0x0
                0x0000000000000000                __base_Flash = 0x0
                0x0000000000020000                __top_PROGRAM_FLASH = 0x20000
                0x0000000000020000                __top_Flash = 0x20000
                0x000000001ffff000                __base_SRAM = 0x1ffff000
                0x000000001ffff000                __base_RAM = 0x1ffff000
                0x0000000020003000                __top_SRAM = 0x20003000
                0x0000000020003000                __top_RAM = 0x20003000

.text           0x0000000000000000     0x51e8
 FILL mask 0xff
                0x0000000000000000                __vectors_start__ = ABSOLUTE (.)
 *(.isr_vector)
 .isr_vector    0x0000000000000000       0xc0 ./debug_frdm/CMSIS/startup_MKL25Z4.o
                0x0000000000000000                __Vectors
                0x0000000000000000                g_pfnVectors
                0x00000000000000c0                . = ALIGN (0x4)
                0x00000000000000c0                __section_table_start = .
                0x00000000000000c0                __data_section_table = .
                0x00000000000000c0        0x4 LONG 0x51e8 LOADADDR (.data)
                0x00000000000000c4        0x4 LONG 0x1ffff000 ADDR (.data)
                0x00000000000000c8        0x4 LONG 0x18 SIZEOF (.data)
                0x00000000000000cc                __data_section_table_end = .
                0x00000000000000cc                __bss_section_table = .
                0x00000000000000cc        0x4 LONG 0x1ffff018 ADDR (.bss)
                0x00000000000000d0        0x4 LONG 0xf4 SIZEOF (.bss)
                0x00000000000000d4                __bss_section_table_end = .
                0x00000000000000d4                __section_table_end = .
 *(.after_vectors*)
 .after_vectors.init_data
                0x00000000000000d4       0x40 ./debug_frdm/CMSIS/startup_MKL25Z4.o
                0x00000000000000d4                data_init
 .after_vectors.init_bss
                0x0000000000000114       0x34 ./debug_frdm/CMSIS/startup_MKL25Z4.o
                0x0000000000000114                bss_init
 .after_vectors.reset
                0x0000000000000148       0x84 ./debug_frdm/CMSIS/startup_MKL25Z4.o
                0x0000000000000148                ResetISR
 .after_vectors
                0x00000000000001cc      0x1e4 ./debug_frdm/CMSIS/startup_MKL25Z4.o
                0x00000000000001cc                NMI_Handler
                0x00000000000001d2                HardFault_Handler
                0x00000000000001d8                SVC_Handler
                0x00000000000001de                PendSV_Handler
                0x00000000000001e4                SysTick_Handler
                0x00000000000001ea                PIT_DriverIRQHandler
                0x00000000000001ea                Reserved39_DriverIRQHandler
                0x00000000000001ea                DMA0_DriverIRQHandler
                0x00000000000001ea                SPI1_DriverIRQHandler
                0x00000000000001ea                LPTMR0_DriverIRQHandler
                0x00000000000001ea                TPM2_DriverIRQHandler
                0x00000000000001ea                TSI0_DriverIRQHandler
                0x00000000000001ea                RTC_Seconds_DriverIRQHandler
                0x00000000000001ea                LLWU_DriverIRQHandler
                0x00000000000001ea                MCG_DriverIRQHandler
                0x00000000000001ea                FTFA_DriverIRQHandler
                0x00000000000001ea                IntDefaultHandler
                0x00000000000001ea                USB0_DriverIRQHandler
                0x00000000000001ea                DAC0_DriverIRQHandler
                0x00000000000001ea                LVD_LVW_DriverIRQHandler
                0x00000000000001ea                TPM0_DriverIRQHandler
                0x00000000000001ea                Reserved20_DriverIRQHandler
                0x00000000000001ea                DMA3_DriverIRQHandler
                0x00000000000001ea                Reserved45_DriverIRQHandler
                0x00000000000001ea                PORTA_DriverIRQHandler
                0x00000000000001ea                TPM1_DriverIRQHandler
                0x00000000000001ea                RTC_DriverIRQHandler
                0x00000000000001ea                DMA1_DriverIRQHandler
                0x00000000000001ea                I2C1_DriverIRQHandler
                0x00000000000001ea                SPI0_DriverIRQHandler
                0x00000000000001ea                ADC0_DriverIRQHandler
                0x00000000000001ea                CMP0_DriverIRQHandler
                0x00000000000001ea                DMA2_DriverIRQHandler
                0x00000000000001ea                PORTD_DriverIRQHandler
                0x00000000000001ea                I2C0_DriverIRQHandler
                0x00000000000001f0                DMA0_IRQHandler
                0x00000000000001fe                DMA1_IRQHandler
                0x000000000000020c                DMA2_IRQHandler
                0x000000000000021a                DMA3_IRQHandler
                0x0000000000000228                Reserved20_IRQHandler
                0x0000000000000236                FTFA_IRQHandler
                0x0000000000000244                LVD_LVW_IRQHandler
                0x0000000000000252                LLWU_IRQHandler
                0x0000000000000260                I2C0_IRQHandler
                0x000000000000026e                I2C1_IRQHandler
                0x000000000000027c                SPI0_IRQHandler
                0x000000000000028a                SPI1_IRQHandler
                0x0000000000000298                UART0_IRQHandler
                0x00000000000002a6                UART1_IRQHandler
                0x00000000000002b4                UART2_IRQHandler
                0x00000000000002c2                ADC0_IRQHandler
                0x00000000000002d0                CMP0_IRQHandler
                0x00000000000002de                TPM0_IRQHandler
                0x00000000000002ec                TPM1_IRQHandler
                0x00000000000002fa                TPM2_IRQHandler
                0x0000000000000308                RTC_IRQHandler
                0x0000000000000316                RTC_Seconds_IRQHandler
                0x0000000000000324                PIT_IRQHandler
                0x0000000000000332                Reserved39_IRQHandler
                0x0000000000000340                USB0_IRQHandler
                0x000000000000034e                DAC0_IRQHandler
                0x000000000000035c                TSI0_IRQHandler
                0x000000000000036a                MCG_IRQHandler
                0x0000000000000378                LPTMR0_IRQHandler
                0x0000000000000386                Reserved45_IRQHandler
                0x0000000000000394                PORTA_IRQHandler
                0x00000000000003a2                PORTD_IRQHandler
                0x0000000000000400                . = 0x400
 *fill*         0x00000000000003b0       0x50 ff
                0x0000000000000400                PROVIDE (__FLASH_CONFIG_START__ = .)
 *(.FlashConfig)
 .FlashConfig   0x0000000000000400       0x10 ./debug_frdm/CMSIS/startup_MKL25Z4.o
                0x0000000000000400                Flash_Config
                0x0000000000000410                PROVIDE (__FLASH_CONFIG_END__ = .)
                0x0000000000000001                ASSERT (! ((__FLASH_CONFIG_START__ == __FLASH_CONFIG_END__)), Linker Flash Config Support Enabled, but no .FlashConfig section provided within application)
 *(.text*)
 .text.main     0x0000000000000410      0x240 ./debug_frdm/main.o
                0x0000000000000410                main
 .text.SystemInit
                0x0000000000000650       0x18 ./debug_frdm/CMSIS/system_MKL25Z4.o
                0x0000000000000650                SystemInit
 .text.CLOCK_SetLpsci0Clock
                0x0000000000000668       0x38 ./debug_frdm/board/board.o
 .text.BOARD_InitDebugConsole
                0x00000000000006a0       0x30 ./debug_frdm/board/board.o
                0x00000000000006a0                BOARD_InitDebugConsole
 .text.CLOCK_SetLpsci0Clock
                0x00000000000006d0       0x38 ./debug_frdm/board/clock_config.o
 .text.CLOCK_SetSimSafeDivs
                0x0000000000000708       0x20 ./debug_frdm/board/clock_config.o
 .text.CLOCK_SetXtal0Freq
                0x0000000000000728       0x1c ./debug_frdm/board/clock_config.o
 .text.CLOCK_SetXtal32Freq
                0x0000000000000744       0x1c ./debug_frdm/board/clock_config.o
 .text.CLOCK_CONFIG_SetFllExtRefDiv
                0x0000000000000760       0x3c ./debug_frdm/board/clock_config.o
 .text.BOARD_InitBootClocks
                0x000000000000079c        0xe ./debug_frdm/board/clock_config.o
                0x000000000000079c                BOARD_InitBootClocks
 *fill*         0x00000000000007aa        0x2 ff
 .text.BOARD_BootClockRUN
                0x00000000000007ac       0x74 ./debug_frdm/board/clock_config.o
                0x00000000000007ac                BOARD_BootClockRUN
 .text.BOARD_InitBootPeripherals
                0x0000000000000820        0xa ./debug_frdm/board/peripherals.o
                0x0000000000000820                BOARD_InitBootPeripherals
 *fill*         0x000000000000082a        0x2 ff
 .text.CLOCK_EnableClock
                0x000000000000082c       0x34 ./debug_frdm/board/pin_mux.o
 .text.PORT_SetPinMux
                0x0000000000000860       0x40 ./debug_frdm/board/pin_mux.o
 .text.BOARD_InitBootPins
                0x00000000000008a0        0xe ./debug_frdm/board/pin_mux.o
                0x00000000000008a0                BOARD_InitBootPins
 *fill*         0x00000000000008ae        0x2 ff
 .text.BOARD_InitPins
                0x00000000000008b0       0x90 ./debug_frdm/board/pin_mux.o
                0x00000000000008b0                BOARD_InitPins
 .text.CLOCK_SetEr32kClock
                0x0000000000000940       0x34 ./debug_frdm/drivers/fsl_clock.o
 .text.CLOCK_SetPllFllSelClock
                0x0000000000000974       0x38 ./debug_frdm/drivers/fsl_clock.o
 .text.OSC_SetExtRefClkConfig
                0x00000000000009ac       0x3e ./debug_frdm/drivers/fsl_clock.o
 .text.OSC_SetCapLoad
                0x00000000000009ea       0x42 ./debug_frdm/drivers/fsl_clock.o
 .text.CLOCK_GetMcgExtClkFreq
                0x0000000000000a2c       0x34 ./debug_frdm/drivers/fsl_clock.o
 .text.CLOCK_GetFllExtRefClkFreq
                0x0000000000000a60       0xa4 ./debug_frdm/drivers/fsl_clock.o
 .text.CLOCK_GetFllRefClkFreq
                0x0000000000000b04       0x2c ./debug_frdm/drivers/fsl_clock.o
 .text.CLOCK_GetPll0RefFreq
                0x0000000000000b30       0x10 ./debug_frdm/drivers/fsl_clock.o
 .text.CLOCK_GetOscRangeFromFreq
                0x0000000000000b40       0x4c ./debug_frdm/drivers/fsl_clock.o
 .text.CLOCK_GetPllFllSelClkFreq
                0x0000000000000b8c       0x4c ./debug_frdm/drivers/fsl_clock.o
                0x0000000000000b8c                CLOCK_GetPllFllSelClkFreq
 .text.CLOCK_SetSimConfig
                0x0000000000000bd8       0x38 ./debug_frdm/drivers/fsl_clock.o
                0x0000000000000bd8                CLOCK_SetSimConfig
 .text.CLOCK_GetFllFreq
                0x0000000000000c10       0x84 ./debug_frdm/drivers/fsl_clock.o
                0x0000000000000c10                CLOCK_GetFllFreq
 .text.CLOCK_GetPll0Freq
                0x0000000000000c94       0x80 ./debug_frdm/drivers/fsl_clock.o
                0x0000000000000c94                CLOCK_GetPll0Freq
 .text.CLOCK_SetExternalRefClkConfig
                0x0000000000000d14       0x16 ./debug_frdm/drivers/fsl_clock.o
                0x0000000000000d14                CLOCK_SetExternalRefClkConfig
 *fill*         0x0000000000000d2a        0x2 ff
 .text.CLOCK_SetInternalRefClkConfig
                0x0000000000000d2c      0x124 ./debug_frdm/drivers/fsl_clock.o
                0x0000000000000d2c                CLOCK_SetInternalRefClkConfig
 .text.CLOCK_EnablePll0
                0x0000000000000e50       0xa0 ./debug_frdm/drivers/fsl_clock.o
                0x0000000000000e50                CLOCK_EnablePll0
 .text.CLOCK_InitOsc0
                0x0000000000000ef0       0x94 ./debug_frdm/drivers/fsl_clock.o
                0x0000000000000ef0                CLOCK_InitOsc0
 .text.CLOCK_SetPbeMode
                0x0000000000000f84       0xc0 ./debug_frdm/drivers/fsl_clock.o
                0x0000000000000f84                CLOCK_SetPbeMode
 .text.CLOCK_BootToPeeMode
                0x0000000000001044       0x80 ./debug_frdm/drivers/fsl_clock.o
                0x0000000000001044                CLOCK_BootToPeeMode
 .text.__assert_func
                0x00000000000010c4       0x28 ./debug_frdm/drivers/fsl_common.o
                0x00000000000010c4                __assert_func
 .text.CLOCK_EnableClock
                0x00000000000010ec       0x34 ./debug_frdm/drivers/fsl_lpsci.o
 .text.LPSCI_GetInstance
                0x0000000000001120       0x54 ./debug_frdm/drivers/fsl_lpsci.o
                0x0000000000001120                LPSCI_GetInstance
 .text.LPSCI_Init
                0x0000000000001174      0x268 ./debug_frdm/drivers/fsl_lpsci.o
                0x0000000000001174                LPSCI_Init
 .text.LPSCI_GetDefaultConfig
                0x00000000000013dc       0x54 ./debug_frdm/drivers/fsl_lpsci.o
                0x00000000000013dc                LPSCI_GetDefaultConfig
 .text.LPSCI_GetStatusFlags
                0x0000000000001430       0x26 ./debug_frdm/drivers/fsl_lpsci.o
                0x0000000000001430                LPSCI_GetStatusFlags
 *fill*         0x0000000000001456        0x2 ff
 .text.LPSCI_ClearStatusFlags
                0x0000000000001458       0x94 ./debug_frdm/drivers/fsl_lpsci.o
                0x0000000000001458                LPSCI_ClearStatusFlags
 .text.LPSCI_WriteBlocking
                0x00000000000014ec       0x5c ./debug_frdm/drivers/fsl_lpsci.o
                0x00000000000014ec                LPSCI_WriteBlocking
 .text.LPSCI_ReadBlocking
                0x0000000000001548       0xd0 ./debug_frdm/drivers/fsl_lpsci.o
                0x0000000000001548                LPSCI_ReadBlocking
 .text.UART0_DriverIRQHandler
                0x0000000000001618       0x24 ./debug_frdm/drivers/fsl_lpsci.o
                0x0000000000001618                UART0_DriverIRQHandler
 .text.CLOCK_EnableClock
                0x000000000000163c       0x34 ./debug_frdm/drivers/fsl_uart.o
 .text.UART_GetInstance
                0x0000000000001670       0x60 ./debug_frdm/drivers/fsl_uart.o
                0x0000000000001670                UART_GetInstance
 .text.UART_Init
                0x00000000000016d0      0x1f0 ./debug_frdm/drivers/fsl_uart.o
                0x00000000000016d0                UART_Init
 .text.UART_GetDefaultConfig
                0x00000000000018c0       0x54 ./debug_frdm/drivers/fsl_uart.o
                0x00000000000018c0                UART_GetDefaultConfig
 .text.UART_GetStatusFlags
                0x0000000000001914       0x26 ./debug_frdm/drivers/fsl_uart.o
                0x0000000000001914                UART_GetStatusFlags
 .text.UART_WriteBlocking
                0x000000000000193a       0x3a ./debug_frdm/drivers/fsl_uart.o
                0x000000000000193a                UART_WriteBlocking
 .text.UART_ReadBlocking
                0x0000000000001974       0xa8 ./debug_frdm/drivers/fsl_uart.o
                0x0000000000001974                UART_ReadBlocking
 .text.UART1_DriverIRQHandler
                0x0000000000001a1c       0x24 ./debug_frdm/drivers/fsl_uart.o
                0x0000000000001a1c                UART1_DriverIRQHandler
 .text.UART2_DriverIRQHandler
                0x0000000000001a40       0x24 ./debug_frdm/drivers/fsl_uart.o
                0x0000000000001a40                UART2_DriverIRQHandler
 .text.UART_EnableTx
                0x0000000000001a64       0x40 ./debug_frdm/utilities/fsl_debug_console.o
 .text.UART_EnableRx
                0x0000000000001aa4       0x40 ./debug_frdm/utilities/fsl_debug_console.o
 .text.LPSCI_EnableTx
                0x0000000000001ae4       0x40 ./debug_frdm/utilities/fsl_debug_console.o
 .text.LPSCI_EnableRx
                0x0000000000001b24       0x40 ./debug_frdm/utilities/fsl_debug_console.o
 .text.DbgConsole_Init
                0x0000000000001b64       0xf0 ./debug_frdm/utilities/fsl_debug_console.o
                0x0000000000001b64                DbgConsole_Init
 .text.DbgConsole_Printf
                0x0000000000001c54       0x44 ./debug_frdm/utilities/fsl_debug_console.o
                0x0000000000001c54                DbgConsole_Printf
 .text.DbgConsole_Putchar
                0x0000000000001c98       0x34 ./debug_frdm/utilities/fsl_debug_console.o
                0x0000000000001c98                DbgConsole_Putchar
 .text.DbgConsole_PrintfPaddingCharacter
                0x0000000000001ccc       0x46 ./debug_frdm/utilities/fsl_debug_console.o
 .text.DbgConsole_ConvertRadixNumToString
                0x0000000000001d12      0x114 ./debug_frdm/utilities/fsl_debug_console.o
 .text.DbgConsole_PrintfFormattedData
                0x0000000000001e26      0x336 ./debug_frdm/utilities/fsl_debug_console.o
 .text.allocate_words
                0x000000000000215c       0x34 ./debug_frdm/frdm_includes/allocate_words.o
                0x000000000000215c                allocate_words
 .text.gen_pattern
                0x0000000000002190       0x62 ./debug_frdm/frdm_includes/gen_pattern.o
                0x0000000000002190                gen_pattern
 .text.invert_block
                0x00000000000021f2       0x46 ./debug_frdm/frdm_includes/invert_block.o
                0x00000000000021f2                invert_block
 .text.verify_pattern
                0x0000000000002238       0xc0 ./debug_frdm/frdm_includes/verify_pattern.o
                0x0000000000002238                verify_pattern
 .text.write_memory
                0x00000000000022f8       0x36 ./debug_frdm/frdm_includes/write_memory.o
                0x00000000000022f8                write_memory
 *fill*         0x000000000000232e        0x2 ff
 .text.write_pattern
                0x0000000000002330       0x8c ./debug_frdm/frdm_includes/write_pattern.o
                0x0000000000002330                write_pattern
 .text.get_address
                0x00000000000023bc       0x1e ./debug_frdm/frdm_includes/get_address.o
                0x00000000000023bc                get_address
 .text.GPIO_WritePinOutput
                0x00000000000023da       0x34 ./debug_frdm/frdm_includes/ledControl.o
 .text.GPIO_SetPinsOutput
                0x000000000000240e       0x18 ./debug_frdm/frdm_includes/ledControl.o
 .text.GPIO_ClearPinsOutput
                0x0000000000002426       0x18 ./debug_frdm/frdm_includes/ledControl.o
 *fill*         0x000000000000243e        0x2 ff
 .text.init_pins
                0x0000000000002440       0x94 ./debug_frdm/frdm_includes/ledControl.o
                0x0000000000002440                init_pins
 .text.offLED   0x00000000000024d4       0x38 ./debug_frdm/frdm_includes/ledControl.o
                0x00000000000024d4                offLED
 .text.setGreen
                0x000000000000250c       0x1c ./debug_frdm/frdm_includes/ledControl.o
                0x000000000000250c                setGreen
 .text.setBlue  0x0000000000002528       0x18 ./debug_frdm/frdm_includes/ledControl.o
                0x0000000000002528                setBlue
 .text.log_enable
                0x0000000000002540       0x14 ./debug_frdm/frdm_includes/loggerFunctions.o
                0x0000000000002540                log_enable
 .text.log_data
                0x0000000000002554       0x68 ./debug_frdm/frdm_includes/loggerFunctions.o
                0x0000000000002554                log_data
 .text.log_string
                0x00000000000025bc       0x20 ./debug_frdm/frdm_includes/loggerFunctions.o
                0x00000000000025bc                log_string
 .text.memset   0x00000000000025dc        0x8 /usr/local/mcuxpressoide-11.0.1_2563/ide/plugins/com.nxp.mcuxpresso.tools.linux_11.0.1.201907311258/tools/bin/../lib/gcc/arm-none-eabi/8.2.1/../../../../arm-none-eabi/lib/thumb/v6-m/nofp/libcr_c.a(memset.o)
                0x00000000000025dc                memset
 .text.malloc   0x00000000000025e4       0xcc /usr/local/mcuxpressoide-11.0.1_2563/ide/plugins/com.nxp.mcuxpresso.tools.linux_11.0.1.201907311258/tools/bin/../lib/gcc/arm-none-eabi/8.2.1/../../../../arm-none-eabi/lib/thumb/v6-m/nofp/libcr_c.a(alloc.o)
                0x00000000000025e4                malloc
 .text.free     0x00000000000026b0       0x2c /usr/local/mcuxpressoide-11.0.1_2563/ide/plugins/com.nxp.mcuxpresso.tools.linux_11.0.1.201907311258/tools/bin/../lib/gcc/arm-none-eabi/8.2.1/../../../../arm-none-eabi/lib/thumb/v6-m/nofp/libcr_c.a(alloc.o)
                0x00000000000026b0                free
 .text._Csys_alloc
                0x00000000000026dc       0x20 /usr/local/mcuxpressoide-11.0.1_2563/ide/plugins/com.nxp.mcuxpresso.tools.linux_11.0.1.201907311258/tools/bin/../lib/gcc/arm-none-eabi/8.2.1/../../../../arm-none-eabi/lib/thumb/v6-m/nofp/libcr_c.a(alloc.o)
                0x00000000000026dc                _Csys_alloc
 .text.fp_round
                0x00000000000026fc       0x4a /usr/local/mcuxpressoide-11.0.1_2563/ide/plugins/com.nxp.mcuxpresso.tools.linux_11.0.1.201907311258/tools/bin/../lib/gcc/arm-none-eabi/8.2.1/../../../../arm-none-eabi/lib/thumb/v6-m/nofp/libcr_c.a(fpprintf.o)
 .text.pr_dec.constprop.1
                0x0000000000002746       0x30 /usr/local/mcuxpressoide-11.0.1_2563/ide/plugins/com.nxp.mcuxpresso.tools.linux_11.0.1.201907311258/tools/bin/../lib/gcc/arm-none-eabi/8.2.1/../../../../arm-none-eabi/lib/thumb/v6-m/nofp/libcr_c.a(fpprintf.o)
 *fill*         0x0000000000002776        0x2 ff
 .text.sprintf  0x0000000000002778       0x6c /usr/local/mcuxpressoide-11.0.1_2563/ide/plugins/com.nxp.mcuxpresso.tools.linux_11.0.1.201907311258/tools/bin/../lib/gcc/arm-none-eabi/8.2.1/../../../../arm-none-eabi/lib/thumb/v6-m/nofp/libcr_c.a(fpprintf.o)
                0x0000000000002778                sprintf
 .text.fp_display
                0x00000000000027e4      0x964 /usr/local/mcuxpressoide-11.0.1_2563/ide/plugins/com.nxp.mcuxpresso.tools.linux_11.0.1.201907311258/tools/bin/../lib/gcc/arm-none-eabi/8.2.1/../../../../arm-none-eabi/lib/thumb/v6-m/nofp/libcr_c.a(fpprintf.o)
 .text.vsnprintf
                0x0000000000003148       0x70 /usr/local/mcuxpressoide-11.0.1_2563/ide/plugins/com.nxp.mcuxpresso.tools.linux_11.0.1.201907311258/tools/bin/../lib/gcc/arm-none-eabi/8.2.1/../../../../arm-none-eabi/lib/thumb/v6-m/nofp/libcr_c.a(fpprintf.o)
                0x0000000000003148                vsnprintf
 .text.printf   0x00000000000031b8       0x50 /usr/local/mcuxpressoide-11.0.1_2563/ide/plugins/com.nxp.mcuxpresso.tools.linux_11.0.1.201907311258/tools/bin/../lib/gcc/arm-none-eabi/8.2.1/../../../../arm-none-eabi/lib/thumb/v6-m/nofp/libcr_c.a(fpprintf.o)
                0x00000000000031b8                printf
 .text.__vfprintf
                0x0000000000003208      0xcd8 /usr/local/mcuxpressoide-11.0.1_2563/ide/plugins/com.nxp.mcuxpresso.tools.linux_11.0.1.201907311258/tools/bin/../lib/gcc/arm-none-eabi/8.2.1/../../../../arm-none-eabi/lib/thumb/v6-m/nofp/libcr_c.a(printf.o)
                0x0000000000003208                __vfprintf
 .text.strlen   0x0000000000003ee0       0x58 /usr/local/mcuxpressoide-11.0.1_2563/ide/plugins/com.nxp.mcuxpresso.tools.linux_11.0.1.201907311258/tools/bin/../lib/gcc/arm-none-eabi/8.2.1/../../../../arm-none-eabi/lib/thumb/v6-m/nofp/libcr_c.a(strlen.o)
                0x0000000000003ee0                strlen
 .text._sbrk    0x0000000000003f38       0x40 /usr/local/mcuxpressoide-11.0.1_2563/ide/plugins/com.nxp.mcuxpresso.tools.linux_11.0.1.201907311258/tools/bin/../lib/gcc/arm-none-eabi/8.2.1/../../../../arm-none-eabi/lib/thumb/v6-m/nofp/libcr_c.a(_cr_sbrk.o)
                0x0000000000003f38                _sbrk
 .text._deferredlazyseek
                0x0000000000003f78       0x40 /usr/local/mcuxpressoide-11.0.1_2563/ide/plugins/com.nxp.mcuxpresso.tools.linux_11.0.1.201907311258/tools/bin/../lib/gcc/arm-none-eabi/8.2.1/../../../../arm-none-eabi/lib/thumb/v6-m/nofp/libcr_c.a(_deferredlazyseek.o)
                0x0000000000003f78                _deferredlazyseek
 .text.__flsbuf
                0x0000000000003fb8      0x14c /usr/local/mcuxpressoide-11.0.1_2563/ide/plugins/com.nxp.mcuxpresso.tools.linux_11.0.1.201907311258/tools/bin/../lib/gcc/arm-none-eabi/8.2.1/../../../../arm-none-eabi/lib/thumb/v6-m/nofp/libcr_c.a(_deferredlazyseek.o)
                0x0000000000003fb8                __flsbuf
 .text._fflush  0x0000000000004104       0x5c /usr/local/mcuxpressoide-11.0.1_2563/ide/plugins/com.nxp.mcuxpresso.tools.linux_11.0.1.201907311258/tools/bin/../lib/gcc/arm-none-eabi/8.2.1/../../../../arm-none-eabi/lib/thumb/v6-m/nofp/libcr_c.a(_fflush.o)
                0x0000000000004104                _fflush
 .text._frexpl  0x0000000000004160       0x80 /usr/local/mcuxpressoide-11.0.1_2563/ide/plugins/com.nxp.mcuxpresso.tools.linux_11.0.1.201907311258/tools/bin/../lib/gcc/arm-none-eabi/8.2.1/../../../../arm-none-eabi/lib/thumb/v6-m/nofp/libcr_c.a(_frexpl.o)
                0x0000000000004160                _frexpl
 .text._ldexpl  0x00000000000041e0       0x58 /usr/local/mcuxpressoide-11.0.1_2563/ide/plugins/com.nxp.mcuxpresso.tools.linux_11.0.1.201907311258/tools/bin/../lib/gcc/arm-none-eabi/8.2.1/../../../../arm-none-eabi/lib/thumb/v6-m/nofp/libcr_c.a(_ldexpl.o)
                0x00000000000041e0                _ldexpl
 .text._Cwritebuf
                0x0000000000004238       0x68 /usr/local/mcuxpressoide-11.0.1_2563/ide/plugins/com.nxp.mcuxpresso.tools.linux_11.0.1.201907311258/tools/bin/../lib/gcc/arm-none-eabi/8.2.1/../../../../arm-none-eabi/lib/thumb/v6-m/nofp/libcr_c.a(_writebuf.o)
                0x0000000000004238                _Cwritebuf
 .text.fseek    0x00000000000042a0       0xf0 /usr/local/mcuxpressoide-11.0.1_2563/ide/plugins/com.nxp.mcuxpresso.tools.linux_11.0.1.201907311258/tools/bin/../lib/gcc/arm-none-eabi/8.2.1/../../../../arm-none-eabi/lib/thumb/v6-m/nofp/libcr_c.a(fseek.o)
                0x00000000000042a0                fseek
 .text.ftell    0x0000000000004390       0x48 /usr/local/mcuxpressoide-11.0.1_2563/ide/plugins/com.nxp.mcuxpresso.tools.linux_11.0.1.201907311258/tools/bin/../lib/gcc/arm-none-eabi/8.2.1/../../../../arm-none-eabi/lib/thumb/v6-m/nofp/libcr_c.a(ftell.o)
                0x0000000000004390                ftell
 .text.__check_heap_overflow
                0x00000000000043d8       0x14 /usr/local/mcuxpressoide-11.0.1_2563/ide/plugins/com.nxp.mcuxpresso.tools.linux_11.0.1.201907311258/tools/bin/../lib/gcc/arm-none-eabi/8.2.1/../../../../arm-none-eabi/lib/thumb/v6-m/nofp/libcr_c.a(_cr_check_heap.o)
                0x00000000000043d8                __check_heap_overflow
 .text.__aeabi_division_idivmod
                0x00000000000043ec       0x78 /usr/local/mcuxpressoide-11.0.1_2563/ide/plugins/com.nxp.mcuxpresso.tools.linux_11.0.1.201907311258/tools/bin/../lib/gcc/arm-none-eabi/8.2.1/thumb/v6-m/nofp/libcr_eabihelpers.a(division_32.o)
                0x00000000000043ec                __aeabi_idiv
                0x00000000000043ec                __aeabi_idivmod
                0x00000000000043f2                __aeabi_uidiv
                0x00000000000043f2                __aeabi_uidivmod
 .text.__aeabi_division_idiv0
                0x0000000000004464        0x2 /usr/local/mcuxpressoide-11.0.1_2563/ide/plugins/com.nxp.mcuxpresso.tools.linux_11.0.1.201907311258/tools/bin/../lib/gcc/arm-none-eabi/8.2.1/thumb/v6-m/nofp/libcr_eabihelpers.a(division_idiv0.o)
                0x0000000000004464                __aeabi_idiv0
 *fill*         0x0000000000004466        0x2 ff
 .text.__aeabi_dmul
                0x0000000000004468      0x188 /usr/local/mcuxpressoide-11.0.1_2563/ide/plugins/com.nxp.mcuxpresso.tools.linux_11.0.1.201907311258/tools/bin/../lib/gcc/arm-none-eabi/8.2.1/thumb/v6-m/nofp/libcr_eabihelpers.a(double.o)
                0x0000000000004468                __aeabi_dmul
 .text.__aeabi_ddiv
                0x00000000000045f0      0x148 /usr/local/mcuxpressoide-11.0.1_2563/ide/plugins/com.nxp.mcuxpresso.tools.linux_11.0.1.201907311258/tools/bin/../lib/gcc/arm-none-eabi/8.2.1/thumb/v6-m/nofp/libcr_eabihelpers.a(double.o)
                0x00000000000045f0                __aeabi_ddiv
 .text.__aeabi_dsub
                0x0000000000004738      0x1c4 /usr/local/mcuxpressoide-11.0.1_2563/ide/plugins/com.nxp.mcuxpresso.tools.linux_11.0.1.201907311258/tools/bin/../lib/gcc/arm-none-eabi/8.2.1/thumb/v6-m/nofp/libcr_eabihelpers.a(double.o)
                0x0000000000004738                __aeabi_dsub
 .text.__aeabi_dadd
                0x00000000000048fc      0x12c /usr/local/mcuxpressoide-11.0.1_2563/ide/plugins/com.nxp.mcuxpresso.tools.linux_11.0.1.201907311258/tools/bin/../lib/gcc/arm-none-eabi/8.2.1/thumb/v6-m/nofp/libcr_eabihelpers.a(double.o)
                0x00000000000048fc                __aeabi_dadd
 .text.__aeabi_d2iz
                0x0000000000004a28       0x4c /usr/local/mcuxpressoide-11.0.1_2563/ide/plugins/com.nxp.mcuxpresso.tools.linux_11.0.1.201907311258/tools/bin/../lib/gcc/arm-none-eabi/8.2.1/thumb/v6-m/nofp/libcr_eabihelpers.a(double.o)
                0x0000000000004a28                __aeabi_d2iz
 .text.__bhs_ui2d
                0x0000000000004a74       0x5e /usr/local/mcuxpressoide-11.0.1_2563/ide/plugins/com.nxp.mcuxpresso.tools.linux_11.0.1.201907311258/tools/bin/../lib/gcc/arm-none-eabi/8.2.1/thumb/v6-m/nofp/libcr_eabihelpers.a(double.o)
                0x0000000000004a74                __bhs_ui2d
 .text.__aeabi_i2d
                0x0000000000004ad2       0x18 /usr/local/mcuxpressoide-11.0.1_2563/ide/plugins/com.nxp.mcuxpresso.tools.linux_11.0.1.201907311258/tools/bin/../lib/gcc/arm-none-eabi/8.2.1/thumb/v6-m/nofp/libcr_eabihelpers.a(double.o)
                0x0000000000004ad2                __aeabi_i2d
 *fill*         0x0000000000004aea        0x2 ff
 .text.__aeabi_dcmpeq
                0x0000000000004aec       0x30 /usr/local/mcuxpressoide-11.0.1_2563/ide/plugins/com.nxp.mcuxpresso.tools.linux_11.0.1.201907311258/tools/bin/../lib/gcc/arm-none-eabi/8.2.1/thumb/v6-m/nofp/libcr_eabihelpers.a(double.o)
                0x0000000000004aec                __aeabi_dcmpeq
 .text.__aeabi_dcmplt
                0x0000000000004b1c       0x60 /usr/local/mcuxpressoide-11.0.1_2563/ide/plugins/com.nxp.mcuxpresso.tools.linux_11.0.1.201907311258/tools/bin/../lib/gcc/arm-none-eabi/8.2.1/thumb/v6-m/nofp/libcr_eabihelpers.a(double.o)
                0x0000000000004b1c                __aeabi_dcmplt
 .text.__aeabi_dcmple
                0x0000000000004b7c       0x58 /usr/local/mcuxpressoide-11.0.1_2563/ide/plugins/com.nxp.mcuxpresso.tools.linux_11.0.1.201907311258/tools/bin/../lib/gcc/arm-none-eabi/8.2.1/thumb/v6-m/nofp/libcr_eabihelpers.a(double.o)
                0x0000000000004b7c                __aeabi_dcmple
 .text.__aeabi_dcmpge
                0x0000000000004bd4       0x60 /usr/local/mcuxpressoide-11.0.1_2563/ide/plugins/com.nxp.mcuxpresso.tools.linux_11.0.1.201907311258/tools/bin/../lib/gcc/arm-none-eabi/8.2.1/thumb/v6-m/nofp/libcr_eabihelpers.a(double.o)
                0x0000000000004bd4                __aeabi_dcmpge
 .text.__aeabi_llong_lmul
                0x0000000000004c34       0x2e /usr/local/mcuxpressoide-11.0.1_2563/ide/plugins/com.nxp.mcuxpresso.tools.linux_11.0.1.201907311258/tools/bin/../lib/gcc/arm-none-eabi/8.2.1/thumb/v6-m/nofp/libcr_eabihelpers.a(llong.o)
                0x0000000000004c34                __aeabi_lmul
 .text.__aeabi_memset_lowlevel
                0x0000000000004c62       0x2a /usr/local/mcuxpressoide-11.0.1_2563/ide/plugins/com.nxp.mcuxpresso.tools.linux_11.0.1.201907311258/tools/bin/../lib/gcc/arm-none-eabi/8.2.1/thumb/v6-m/nofp/libcr_eabihelpers.a(memcpy.o)
                0x0000000000004c62                __aeabi_lowlevel_memset
 .text.__sys_appexit
                0x0000000000004c8c        0xc /usr/local/mcuxpressoide-11.0.1_2563/ide/plugins/com.nxp.mcuxpresso.tools.linux_11.0.1.201907311258/tools/bin/../lib/gcc/arm-none-eabi/8.2.1/../../../../arm-none-eabi/lib/thumb/v6-m/nofp/libcr_semihost_nf.a(__sys_appexit.o)
                0x0000000000004c8c                __exit
                0x0000000000004c8c                __sys_appexit
 .text.__sys_flen
                0x0000000000004c98        0xc /usr/local/mcuxpressoide-11.0.1_2563/ide/plugins/com.nxp.mcuxpresso.tools.linux_11.0.1.201907311258/tools/bin/../lib/gcc/arm-none-eabi/8.2.1/../../../../arm-none-eabi/lib/thumb/v6-m/nofp/libcr_semihost_nf.a(__sys_flen.o)
                0x0000000000004c98                __sys_flen
 .text.__sys_istty
                0x0000000000004ca4        0xc /usr/local/mcuxpressoide-11.0.1_2563/ide/plugins/com.nxp.mcuxpresso.tools.linux_11.0.1.201907311258/tools/bin/../lib/gcc/arm-none-eabi/8.2.1/../../../../arm-none-eabi/lib/thumb/v6-m/nofp/libcr_semihost_nf.a(__sys_istty.o)
                0x0000000000004ca4                __sys_istty
 .text.__sys_seek
                0x0000000000004cb0        0xc /usr/local/mcuxpressoide-11.0.1_2563/ide/plugins/com.nxp.mcuxpresso.tools.linux_11.0.1.201907311258/tools/bin/../lib/gcc/arm-none-eabi/8.2.1/../../../../arm-none-eabi/lib/thumb/v6-m/nofp/libcr_semihost_nf.a(__sys_seek.o)
                0x0000000000004cb0                __sys_seek
 .text.__sys_write
                0x0000000000004cbc        0xc /usr/local/mcuxpressoide-11.0.1_2563/ide/plugins/com.nxp.mcuxpresso.tools.linux_11.0.1.201907311258/tools/bin/../lib/gcc/arm-none-eabi/8.2.1/../../../../arm-none-eabi/lib/thumb/v6-m/nofp/libcr_semihost_nf.a(__sys_write.o)
                0x0000000000004cbc                __sys_write
 *(.rodata .rodata.* .constdata .constdata.*)
 .rodata        0x0000000000004cc8       0xfd ./debug_frdm/main.o
 *fill*         0x0000000000004dc5        0x3 ff
 .rodata.mcgConfig_BOARD_BootClockRUN
                0x0000000000004dc8        0xa ./debug_frdm/board/clock_config.o
                0x0000000000004dc8                mcgConfig_BOARD_BootClockRUN
 *fill*         0x0000000000004dd2        0x2 ff
 .rodata.simConfig_BOARD_BootClockRUN
                0x0000000000004dd4        0x8 ./debug_frdm/board/clock_config.o
                0x0000000000004dd4                simConfig_BOARD_BootClockRUN
 .rodata.oscConfig_BOARD_BootClockRUN
                0x0000000000004ddc        0x8 ./debug_frdm/board/clock_config.o
                0x0000000000004ddc                oscConfig_BOARD_BootClockRUN
 .rodata        0x0000000000004de4       0x43 ./debug_frdm/drivers/fsl_clock.o
 *fill*         0x0000000000004e27        0x1 ff
 .rodata.__func__.5326
                0x0000000000004e28       0x17 ./debug_frdm/drivers/fsl_clock.o
 *fill*         0x0000000000004e3f        0x1 ff
 .rodata.fllFactorTable.5432
                0x0000000000004e40       0x10 ./debug_frdm/drivers/fsl_clock.o
 .rodata.__func__.5447
                0x0000000000004e50       0x12 ./debug_frdm/drivers/fsl_clock.o
 *fill*         0x0000000000004e62        0x2 ff
 .rodata.__func__.5487
                0x0000000000004e64       0x11 ./debug_frdm/drivers/fsl_clock.o
 *fill*         0x0000000000004e75        0x3 ff
 .rodata.__func__.5624
                0x0000000000004e78       0x11 ./debug_frdm/drivers/fsl_clock.o
 *fill*         0x0000000000004e89        0x3 ff
 .rodata.__func__.5691
                0x0000000000004e8c       0x14 ./debug_frdm/drivers/fsl_clock.o
 .rodata        0x0000000000004ea0       0x3e ./debug_frdm/drivers/fsl_common.o
 *fill*         0x0000000000004ede        0x2 ff
 .rodata        0x0000000000004ee0       0xae ./debug_frdm/drivers/fsl_lpsci.o
 *fill*         0x0000000000004f8e        0x2 ff
 .rodata.__func__.5507
                0x0000000000004f90       0x12 ./debug_frdm/drivers/fsl_lpsci.o
 *fill*         0x0000000000004fa2        0x2 ff
 .rodata.__func__.5543
                0x0000000000004fa4        0xb ./debug_frdm/drivers/fsl_lpsci.o
 *fill*         0x0000000000004faf        0x1 ff
 .rodata.__func__.5564
                0x0000000000004fb0       0x17 ./debug_frdm/drivers/fsl_lpsci.o
 *fill*         0x0000000000004fc7        0x1 ff
 .rodata.__func__.5609
                0x0000000000004fc8       0x14 ./debug_frdm/drivers/fsl_lpsci.o
 .rodata.__func__.5621
                0x0000000000004fdc       0x13 ./debug_frdm/drivers/fsl_lpsci.o
 *fill*         0x0000000000004fef        0x1 ff
 .rodata.s_uartBases
                0x0000000000004ff0        0xc ./debug_frdm/drivers/fsl_uart.o
 .rodata.s_uartClock
                0x0000000000004ffc        0xc ./debug_frdm/drivers/fsl_uart.o
 .rodata        0x0000000000005008       0xa6 ./debug_frdm/drivers/fsl_uart.o
 *fill*         0x00000000000050ae        0x2 ff
 .rodata.__func__.5510
                0x00000000000050b0       0x11 ./debug_frdm/drivers/fsl_uart.o
 *fill*         0x00000000000050c1        0x3 ff
 .rodata.__func__.5526
                0x00000000000050c4        0xa ./debug_frdm/drivers/fsl_uart.o
 *fill*         0x00000000000050ce        0x2 ff
 .rodata.__func__.5539
                0x00000000000050d0       0x16 ./debug_frdm/drivers/fsl_uart.o
 *fill*         0x00000000000050e6        0x2 ff
 .rodata.__func__.5597
                0x00000000000050e8       0x12 ./debug_frdm/drivers/fsl_uart.o
 *fill*         0x00000000000050fa        0x2 ff
 .rodata        0x00000000000050fc       0x1a ./debug_frdm/frdm_includes/allocate_words.o
 *fill*         0x0000000000005116        0x2 ff
 .rodata        0x0000000000005118       0x1a ./debug_frdm/frdm_includes/verify_pattern.o
 *fill*         0x0000000000005132        0x2 ff
 .rodata        0x0000000000005134       0x1a ./debug_frdm/frdm_includes/write_pattern.o
 *fill*         0x000000000000514e        0x2 ff
 .rodata        0x0000000000005150       0x18 ./debug_frdm/frdm_includes/loggerFunctions.o
 .rodata._Csys_alloc.str1.1
                0x0000000000005168       0x18 /usr/local/mcuxpressoide-11.0.1_2563/ide/plugins/com.nxp.mcuxpresso.tools.linux_11.0.1.201907311258/tools/bin/../lib/gcc/arm-none-eabi/8.2.1/../../../../arm-none-eabi/lib/thumb/v6-m/nofp/libcr_c.a(alloc.o)
 .rodata.fp_display.str1.1
                0x0000000000005180       0x34 /usr/local/mcuxpressoide-11.0.1_2563/ide/plugins/com.nxp.mcuxpresso.tools.linux_11.0.1.201907311258/tools/bin/../lib/gcc/arm-none-eabi/8.2.1/../../../../arm-none-eabi/lib/thumb/v6-m/nofp/libcr_c.a(fpprintf.o)
                                         0x35 (size before relaxing)
 .rodata.__vfprintf.str1.1
                0x00000000000051b4       0x31 /usr/local/mcuxpressoide-11.0.1_2563/ide/plugins/com.nxp.mcuxpresso.tools.linux_11.0.1.201907311258/tools/bin/../lib/gcc/arm-none-eabi/8.2.1/../../../../arm-none-eabi/lib/thumb/v6-m/nofp/libcr_c.a(printf.o)
                                         0x38 (size before relaxing)
                0x00000000000051e8                . = ALIGN (0x4)
 *fill*         0x00000000000051e5        0x3 ff

.glue_7         0x00000000000051e8        0x0
 .glue_7        0x00000000000051e8        0x0 linker stubs

.glue_7t        0x00000000000051e8        0x0
 .glue_7t       0x00000000000051e8        0x0 linker stubs

.vfp11_veneer   0x00000000000051e8        0x0
 .vfp11_veneer  0x00000000000051e8        0x0 linker stubs

.v4_bx          0x00000000000051e8        0x0
 .v4_bx         0x00000000000051e8        0x0 linker stubs

.iplt           0x00000000000051e8        0x0
 .iplt          0x00000000000051e8        0x0 ./debug_frdm/main.o

.rel.dyn        0x00000000000051e8        0x0
 .rel.iplt      0x00000000000051e8        0x0 ./debug_frdm/main.o

.ARM.extab
 *(.ARM.extab* .gnu.linkonce.armextab.*)
                0x00000000000051e8                __exidx_start = .

.ARM.exidx
 *(.ARM.exidx* .gnu.linkonce.armexidx.*)
                0x00000000000051e8                __exidx_end = .
                0x00000000000051e8                _etext = .

.m_usb_data
 *(m_usb_bdt)

.mtb_buffer_default
 *(.mtb*)

.uninit_RESERVED
                0x000000001ffff000        0x0
 *(.bss.$RESERVED*)
                0x000000001ffff000                . = ALIGN (0x4)
                0x000000001ffff000                _end_uninit_RESERVED = .

.data           0x000000001ffff000       0x18 load address 0x00000000000051e8
 FILL mask 0xff
                0x000000001ffff000                _data = .
 *(vtable)
 *(.ramfunc*)
 *(.data*)
 .data.myBlockSize
                0x000000001ffff000        0x4 ./debug_frdm/main.o
                0x000000001ffff000                myBlockSize
 .data.seedValue
                0x000000001ffff004        0x1 ./debug_frdm/main.o
                0x000000001ffff004                seedValue
 *fill*         0x000000001ffff005        0x3 ff
 .data.blockOffset
                0x000000001ffff008        0x4 ./debug_frdm/main.o
                0x000000001ffff008                blockOffset
 .data.writeVal
                0x000000001ffff00c        0x1 ./debug_frdm/main.o
                0x000000001ffff00c                writeVal
 *fill*         0x000000001ffff00d        0x3 ff
 .data.SystemCoreClock
                0x000000001ffff010        0x4 ./debug_frdm/CMSIS/system_MKL25Z4.o
                0x000000001ffff010                SystemCoreClock
 .data.s_slowIrcFreq
                0x000000001ffff014        0x4 ./debug_frdm/drivers/fsl_clock.o
                0x000000001ffff018                . = ALIGN (0x4)
                0x000000001ffff018                _edata = .

.igot.plt       0x000000001ffff018        0x0 load address 0x0000000000005200
 .igot.plt      0x000000001ffff018        0x0 ./debug_frdm/main.o

.bss            0x000000001ffff018       0xf4 load address 0x0000000000005200
                0x000000001ffff018                _bss = .
 *(.bss*)
 .bss.loggerEnable
                0x000000001ffff018        0x1 ./debug_frdm/main.o
                0x000000001ffff018                loggerEnable
 *fill*         0x000000001ffff019        0x3 
 .bss.s_lpsciHandle
                0x000000001ffff01c        0x4 ./debug_frdm/drivers/fsl_lpsci.o
 .bss.s_lpsciIsr
                0x000000001ffff020        0x4 ./debug_frdm/drivers/fsl_lpsci.o
 .bss.s_uartHandle
                0x000000001ffff024        0xc ./debug_frdm/drivers/fsl_uart.o
 .bss.s_uartIsr
                0x000000001ffff030        0x4 ./debug_frdm/drivers/fsl_uart.o
 .bss.s_debugConsole
                0x000000001ffff034       0x10 ./debug_frdm/utilities/fsl_debug_console.o
 .bss.__end_of_heap
                0x000000001ffff044        0x4 /usr/local/mcuxpressoide-11.0.1_2563/ide/plugins/com.nxp.mcuxpresso.tools.linux_11.0.1.201907311258/tools/bin/../lib/gcc/arm-none-eabi/8.2.1/../../../../arm-none-eabi/lib/thumb/v6-m/nofp/libcr_c.a(__init_alloc.o)
                0x000000001ffff044                __end_of_heap
 .bss.__heaps   0x000000001ffff048        0x4 /usr/local/mcuxpressoide-11.0.1_2563/ide/plugins/com.nxp.mcuxpresso.tools.linux_11.0.1.201907311258/tools/bin/../lib/gcc/arm-none-eabi/8.2.1/../../../../arm-none-eabi/lib/thumb/v6-m/nofp/libcr_c.a(__init_alloc.o)
                0x000000001ffff048                __heaps
 .bss.errno     0x000000001ffff04c        0x4 /usr/local/mcuxpressoide-11.0.1_2563/ide/plugins/com.nxp.mcuxpresso.tools.linux_11.0.1.201907311258/tools/bin/../lib/gcc/arm-none-eabi/8.2.1/../../../../arm-none-eabi/lib/thumb/v6-m/nofp/libcr_c.a(errno.o)
                0x000000001ffff04c                errno
 .bss.__Ciob    0x000000001ffff050       0xb4 /usr/local/mcuxpressoide-11.0.1_2563/ide/plugins/com.nxp.mcuxpresso.tools.linux_11.0.1.201907311258/tools/bin/../lib/gcc/arm-none-eabi/8.2.1/../../../../arm-none-eabi/lib/thumb/v6-m/nofp/libcr_semihost_nf.a(__ciob.o)
                0x000000001ffff050                __Ciob
 *(COMMON)
 COMMON         0x000000001ffff104        0x8 ./debug_frdm/drivers/fsl_clock.o
                0x000000001ffff104                g_xtal32Freq
                0x000000001ffff108                g_xtal0Freq
                0x000000001ffff10c                . = ALIGN (0x4)
                0x000000001ffff10c                _ebss = .
                [!provide]                        PROVIDE (end = .)

.noinit         0x000000001ffff10c        0x0 load address 0x0000000000005200
                0x000000001ffff10c                _noinit = .
 *(.noinit*)
                0x000000001ffff10c                . = ALIGN (0x4)
                0x000000001ffff10c                _end_noinit = .

.heap           0x000000001ffff10c      0x400 load address 0x0000000000005200
                0x000000001ffff10c                _pvHeapStart = .
                0x000000001ffff50c                . = (. + 0x400)
 *fill*         0x000000001ffff10c      0x400 
                0x000000001ffff50c                . = ALIGN (0x4)
                0x000000001ffff50c                _pvHeapLimit = .

.heap2stackfill
                0x000000001ffff50c      0x400 load address 0x0000000000005200
                0x000000001ffff90c                . = (. + 0x400)
 *fill*         0x000000001ffff50c      0x400 

.stack          0x0000000020002c00        0x0
                0x0000000020002c00                _vStackBase = .
                0x0000000020002c00                . = ALIGN (0x4)
                0x0000000020003000                _vStackTop = (. + 0x400)
OUTPUT(./debug_frdm/outputFRDM.axf elf32-littlearm)

.debug_info     0x0000000000000000    0x12efc
 .debug_info    0x0000000000000000      0xf50 ./debug_frdm/main.o
 .debug_info    0x0000000000000f50      0x4f5 ./debug_frdm/CMSIS/startup_MKL25Z4.o
 .debug_info    0x0000000000001445      0x421 ./debug_frdm/CMSIS/system_MKL25Z4.o
 .debug_info    0x0000000000001866      0xf78 ./debug_frdm/board/board.o
 .debug_info    0x00000000000027de     0x13ca ./debug_frdm/board/clock_config.o
 .debug_info    0x0000000000003ba8       0x38 ./debug_frdm/board/peripherals.o
 .debug_info    0x0000000000003be0      0xe21 ./debug_frdm/board/pin_mux.o
 .debug_info    0x0000000000004a01     0x2409 ./debug_frdm/drivers/fsl_clock.o
 .debug_info    0x0000000000006e0a      0xce0 ./debug_frdm/drivers/fsl_common.o
 .debug_info    0x0000000000007aea     0x1f25 ./debug_frdm/drivers/fsl_lpsci.o
 .debug_info    0x0000000000009a0f     0x1ea2 ./debug_frdm/drivers/fsl_uart.o
 .debug_info    0x000000000000b8b1     0x17de ./debug_frdm/utilities/fsl_debug_console.o
 .debug_info    0x000000000000d08f      0xa0b ./debug_frdm/frdm_includes/allocate_words.o
 .debug_info    0x000000000000da9a      0x98b ./debug_frdm/frdm_includes/gen_pattern.o
 .debug_info    0x000000000000e425      0x9b3 ./debug_frdm/frdm_includes/invert_block.o
 .debug_info    0x000000000000edd8      0xa94 ./debug_frdm/frdm_includes/verify_pattern.o
 .debug_info    0x000000000000f86c      0x9a8 ./debug_frdm/frdm_includes/write_memory.o
 .debug_info    0x0000000000010214      0xab0 ./debug_frdm/frdm_includes/write_pattern.o
 .debug_info    0x0000000000010cc4      0x9f8 ./debug_frdm/frdm_includes/get_address.o
 .debug_info    0x00000000000116bc      0xe11 ./debug_frdm/frdm_includes/ledControl.o
 .debug_info    0x00000000000124cd      0xa2f ./debug_frdm/frdm_includes/loggerFunctions.o

.debug_abbrev   0x0000000000000000     0x3384
 .debug_abbrev  0x0000000000000000      0x25b ./debug_frdm/main.o
 .debug_abbrev  0x000000000000025b      0x17b ./debug_frdm/CMSIS/startup_MKL25Z4.o
 .debug_abbrev  0x00000000000003d6      0x12b ./debug_frdm/CMSIS/system_MKL25Z4.o
 .debug_abbrev  0x0000000000000501      0x259 ./debug_frdm/board/board.o
 .debug_abbrev  0x000000000000075a      0x31d ./debug_frdm/board/clock_config.o
 .debug_abbrev  0x0000000000000a77       0x2e ./debug_frdm/board/peripherals.o
 .debug_abbrev  0x0000000000000aa5      0x2a0 ./debug_frdm/board/pin_mux.o
 .debug_abbrev  0x0000000000000d45      0x436 ./debug_frdm/drivers/fsl_clock.o
 .debug_abbrev  0x000000000000117b      0x379 ./debug_frdm/drivers/fsl_common.o
 .debug_abbrev  0x00000000000014f4      0x3c2 ./debug_frdm/drivers/fsl_lpsci.o
 .debug_abbrev  0x00000000000018b6      0x3dc ./debug_frdm/drivers/fsl_uart.o
 .debug_abbrev  0x0000000000001c92      0x389 ./debug_frdm/utilities/fsl_debug_console.o
 .debug_abbrev  0x000000000000201b      0x208 ./debug_frdm/frdm_includes/allocate_words.o
 .debug_abbrev  0x0000000000002223      0x1eb ./debug_frdm/frdm_includes/gen_pattern.o
 .debug_abbrev  0x000000000000240e      0x21a ./debug_frdm/frdm_includes/invert_block.o
 .debug_abbrev  0x0000000000002628      0x233 ./debug_frdm/frdm_includes/verify_pattern.o
 .debug_abbrev  0x000000000000285b      0x200 ./debug_frdm/frdm_includes/write_memory.o
 .debug_abbrev  0x0000000000002a5b      0x251 ./debug_frdm/frdm_includes/write_pattern.o
 .debug_abbrev  0x0000000000002cac      0x208 ./debug_frdm/frdm_includes/get_address.o
 .debug_abbrev  0x0000000000002eb4      0x29e ./debug_frdm/frdm_includes/ledControl.o
 .debug_abbrev  0x0000000000003152      0x232 ./debug_frdm/frdm_includes/loggerFunctions.o

.debug_aranges  0x0000000000000000      0x908
 .debug_aranges
                0x0000000000000000       0x20 ./debug_frdm/main.o
 .debug_aranges
                0x0000000000000020      0x160 ./debug_frdm/CMSIS/startup_MKL25Z4.o
 .debug_aranges
                0x0000000000000180       0x28 ./debug_frdm/CMSIS/system_MKL25Z4.o
 .debug_aranges
                0x00000000000001a8       0x28 ./debug_frdm/board/board.o
 .debug_aranges
                0x00000000000001d0       0x68 ./debug_frdm/board/clock_config.o
 .debug_aranges
                0x0000000000000238       0x20 ./debug_frdm/board/peripherals.o
 .debug_aranges
                0x0000000000000258       0x38 ./debug_frdm/board/pin_mux.o
 .debug_aranges
                0x0000000000000290      0x1d8 ./debug_frdm/drivers/fsl_clock.o
 .debug_aranges
                0x0000000000000468       0x38 ./debug_frdm/drivers/fsl_common.o
 .debug_aranges
                0x00000000000004a0      0x118 ./debug_frdm/drivers/fsl_lpsci.o
 .debug_aranges
                0x00000000000005b8      0x130 ./debug_frdm/drivers/fsl_uart.o
 .debug_aranges
                0x00000000000006e8       0xa0 ./debug_frdm/utilities/fsl_debug_console.o
 .debug_aranges
                0x0000000000000788       0x20 ./debug_frdm/frdm_includes/allocate_words.o
 .debug_aranges
                0x00000000000007a8       0x20 ./debug_frdm/frdm_includes/gen_pattern.o
 .debug_aranges
                0x00000000000007c8       0x20 ./debug_frdm/frdm_includes/invert_block.o
 .debug_aranges
                0x00000000000007e8       0x20 ./debug_frdm/frdm_includes/verify_pattern.o
 .debug_aranges
                0x0000000000000808       0x20 ./debug_frdm/frdm_includes/write_memory.o
 .debug_aranges
                0x0000000000000828       0x20 ./debug_frdm/frdm_includes/write_pattern.o
 .debug_aranges
                0x0000000000000848       0x20 ./debug_frdm/frdm_includes/get_address.o
 .debug_aranges
                0x0000000000000868       0x58 ./debug_frdm/frdm_includes/ledControl.o
 .debug_aranges
                0x00000000000008c0       0x48 ./debug_frdm/frdm_includes/loggerFunctions.o

.debug_ranges   0x0000000000000000      0x7b8
 .debug_ranges  0x0000000000000000       0x10 ./debug_frdm/main.o
 .debug_ranges  0x0000000000000010      0x150 ./debug_frdm/CMSIS/startup_MKL25Z4.o
 .debug_ranges  0x0000000000000160       0x18 ./debug_frdm/CMSIS/system_MKL25Z4.o
 .debug_ranges  0x0000000000000178       0x18 ./debug_frdm/board/board.o
 .debug_ranges  0x0000000000000190       0x58 ./debug_frdm/board/clock_config.o
 .debug_ranges  0x00000000000001e8       0x10 ./debug_frdm/board/peripherals.o
 .debug_ranges  0x00000000000001f8       0x28 ./debug_frdm/board/pin_mux.o
 .debug_ranges  0x0000000000000220      0x1c8 ./debug_frdm/drivers/fsl_clock.o
 .debug_ranges  0x00000000000003e8       0x28 ./debug_frdm/drivers/fsl_common.o
 .debug_ranges  0x0000000000000410      0x108 ./debug_frdm/drivers/fsl_lpsci.o
 .debug_ranges  0x0000000000000518      0x120 ./debug_frdm/drivers/fsl_uart.o
 .debug_ranges  0x0000000000000638       0x90 ./debug_frdm/utilities/fsl_debug_console.o
 .debug_ranges  0x00000000000006c8       0x10 ./debug_frdm/frdm_includes/allocate_words.o
 .debug_ranges  0x00000000000006d8       0x10 ./debug_frdm/frdm_includes/gen_pattern.o
 .debug_ranges  0x00000000000006e8       0x10 ./debug_frdm/frdm_includes/invert_block.o
 .debug_ranges  0x00000000000006f8       0x10 ./debug_frdm/frdm_includes/verify_pattern.o
 .debug_ranges  0x0000000000000708       0x10 ./debug_frdm/frdm_includes/write_memory.o
 .debug_ranges  0x0000000000000718       0x10 ./debug_frdm/frdm_includes/write_pattern.o
 .debug_ranges  0x0000000000000728       0x10 ./debug_frdm/frdm_includes/get_address.o
 .debug_ranges  0x0000000000000738       0x48 ./debug_frdm/frdm_includes/ledControl.o
 .debug_ranges  0x0000000000000780       0x38 ./debug_frdm/frdm_includes/loggerFunctions.o

.debug_line     0x0000000000000000     0x6c30
 .debug_line    0x0000000000000000      0x413 ./debug_frdm/main.o
 .debug_line    0x0000000000000413      0x244 ./debug_frdm/CMSIS/startup_MKL25Z4.o
 .debug_line    0x0000000000000657      0x2c5 ./debug_frdm/CMSIS/system_MKL25Z4.o
 .debug_line    0x000000000000091c      0x2b5 ./debug_frdm/board/board.o
 .debug_line    0x0000000000000bd1      0x3d5 ./debug_frdm/board/clock_config.o
 .debug_line    0x0000000000000fa6       0x48 ./debug_frdm/board/peripherals.o
 .debug_line    0x0000000000000fee      0x303 ./debug_frdm/board/pin_mux.o
 .debug_line    0x00000000000012f1     0x12d9 ./debug_frdm/drivers/fsl_clock.o
 .debug_line    0x00000000000025ca      0x3f2 ./debug_frdm/drivers/fsl_common.o
 .debug_line    0x00000000000029bc      0xd5d ./debug_frdm/drivers/fsl_lpsci.o
 .debug_line    0x0000000000003719      0xd4b ./debug_frdm/drivers/fsl_uart.o
 .debug_line    0x0000000000004464      0xd0f ./debug_frdm/utilities/fsl_debug_console.o
 .debug_line    0x0000000000005173      0x2f7 ./debug_frdm/frdm_includes/allocate_words.o
 .debug_line    0x000000000000546a      0x27a ./debug_frdm/frdm_includes/gen_pattern.o
 .debug_line    0x00000000000056e4      0x28c ./debug_frdm/frdm_includes/invert_block.o
 .debug_line    0x0000000000005970      0x338 ./debug_frdm/frdm_includes/verify_pattern.o
 .debug_line    0x0000000000005ca8      0x25a ./debug_frdm/frdm_includes/write_memory.o
 .debug_line    0x0000000000005f02      0x345 ./debug_frdm/frdm_includes/write_pattern.o
 .debug_line    0x0000000000006247      0x2d6 ./debug_frdm/frdm_includes/get_address.o
 .debug_line    0x000000000000651d      0x391 ./debug_frdm/frdm_includes/ledControl.o
 .debug_line    0x00000000000068ae      0x382 ./debug_frdm/frdm_includes/loggerFunctions.o

.debug_str      0x0000000000000000     0x41a5
 .debug_str     0x0000000000000000      0xda7 ./debug_frdm/main.o
                                        0xe51 (size before relaxing)
 .debug_str     0x0000000000000da7      0x38f ./debug_frdm/CMSIS/startup_MKL25Z4.o
                                        0x492 (size before relaxing)
 .debug_str     0x0000000000001136      0x142 ./debug_frdm/CMSIS/system_MKL25Z4.o
                                        0x2f5 (size before relaxing)
 .debug_str     0x0000000000001278       0x54 ./debug_frdm/board/board.o
                                        0xa33 (size before relaxing)
 .debug_str     0x00000000000012cc      0x2eb ./debug_frdm/board/clock_config.o
                                       0x119a (size before relaxing)
 .debug_str     0x00000000000015b7       0x2e ./debug_frdm/board/peripherals.o
                                        0x11e (size before relaxing)
 .debug_str     0x00000000000015e5      0x2f6 ./debug_frdm/board/pin_mux.o
                                        0x97a (size before relaxing)
 .debug_str     0x00000000000018db      0xb6c ./debug_frdm/drivers/fsl_clock.o
                                       0x1ba8 (size before relaxing)
 .debug_str     0x0000000000002447      0x304 ./debug_frdm/drivers/fsl_common.o
                                        0x8ac (size before relaxing)
 .debug_str     0x000000000000274b      0xac6 ./debug_frdm/drivers/fsl_lpsci.o
                                       0x1970 (size before relaxing)
 .debug_str     0x0000000000003211      0x8e3 ./debug_frdm/drivers/fsl_uart.o
                                       0x197c (size before relaxing)
 .debug_str     0x0000000000003af4      0x446 ./debug_frdm/utilities/fsl_debug_console.o
                                       0x1179 (size before relaxing)
 .debug_str     0x0000000000003f3a       0x2e ./debug_frdm/frdm_includes/allocate_words.o
                                        0x5ee (size before relaxing)
 .debug_str     0x0000000000003f68       0x28 ./debug_frdm/frdm_includes/gen_pattern.o
                                        0x5a3 (size before relaxing)
 .debug_str     0x0000000000003f90       0x35 ./debug_frdm/frdm_includes/invert_block.o
                                        0x5c8 (size before relaxing)
 .debug_str     0x0000000000003fc5       0x34 ./debug_frdm/frdm_includes/verify_pattern.o
                                        0x620 (size before relaxing)
 .debug_str     0x0000000000003ff9       0x2a ./debug_frdm/frdm_includes/write_memory.o
                                        0x5d2 (size before relaxing)
 .debug_str     0x0000000000004023       0x2c ./debug_frdm/frdm_includes/write_pattern.o
                                        0x640 (size before relaxing)
 .debug_str     0x000000000000404f       0x32 ./debug_frdm/frdm_includes/get_address.o
                                        0x5da (size before relaxing)
 .debug_str     0x0000000000004081       0xaf ./debug_frdm/frdm_includes/ledControl.o
                                        0x9ef (size before relaxing)
 .debug_str     0x0000000000004130       0x75 ./debug_frdm/frdm_includes/loggerFunctions.o
                                        0x609 (size before relaxing)

.comment        0x0000000000000000       0x75
 .comment       0x0000000000000000       0x75 ./debug_frdm/main.o
                                         0x76 (size before relaxing)
 .comment       0x0000000000000075       0x76 ./debug_frdm/CMSIS/startup_MKL25Z4.o
 .comment       0x0000000000000075       0x76 ./debug_frdm/CMSIS/system_MKL25Z4.o
 .comment       0x0000000000000075       0x76 ./debug_frdm/board/board.o
 .comment       0x0000000000000075       0x76 ./debug_frdm/board/clock_config.o
 .comment       0x0000000000000075       0x76 ./debug_frdm/board/peripherals.o
 .comment       0x0000000000000075       0x76 ./debug_frdm/board/pin_mux.o
 .comment       0x0000000000000075       0x76 ./debug_frdm/drivers/fsl_clock.o
 .comment       0x0000000000000075       0x76 ./debug_frdm/drivers/fsl_common.o
 .comment       0x0000000000000075       0x76 ./debug_frdm/drivers/fsl_lpsci.o
 .comment       0x0000000000000075       0x76 ./debug_frdm/drivers/fsl_uart.o
 .comment       0x0000000000000075       0x76 ./debug_frdm/utilities/fsl_debug_console.o
 .comment       0x0000000000000075       0x76 ./debug_frdm/frdm_includes/allocate_words.o
 .comment       0x0000000000000075       0x76 ./debug_frdm/frdm_includes/gen_pattern.o
 .comment       0x0000000000000075       0x76 ./debug_frdm/frdm_includes/invert_block.o
 .comment       0x0000000000000075       0x76 ./debug_frdm/frdm_includes/verify_pattern.o
 .comment       0x0000000000000075       0x76 ./debug_frdm/frdm_includes/write_memory.o
 .comment       0x0000000000000075       0x76 ./debug_frdm/frdm_includes/write_pattern.o
 .comment       0x0000000000000075       0x76 ./debug_frdm/frdm_includes/get_address.o
 .comment       0x0000000000000075       0x76 ./debug_frdm/frdm_includes/ledControl.o
 .comment       0x0000000000000075       0x76 ./debug_frdm/frdm_includes/loggerFunctions.o
 .comment       0x0000000000000075       0x76 /usr/local/mcuxpressoide-11.0.1_2563/ide/plugins/com.nxp.mcuxpresso.tools.linux_11.0.1.201907311258/tools/bin/../lib/gcc/arm-none-eabi/8.2.1/../../../../arm-none-eabi/lib/thumb/v6-m/nofp/libcr_c.a(memset.o)
 .comment       0x0000000000000075       0x76 /usr/local/mcuxpressoide-11.0.1_2563/ide/plugins/com.nxp.mcuxpresso.tools.linux_11.0.1.201907311258/tools/bin/../lib/gcc/arm-none-eabi/8.2.1/../../../../arm-none-eabi/lib/thumb/v6-m/nofp/libcr_c.a(alloc.o)
 .comment       0x0000000000000075       0x76 /usr/local/mcuxpressoide-11.0.1_2563/ide/plugins/com.nxp.mcuxpresso.tools.linux_11.0.1.201907311258/tools/bin/../lib/gcc/arm-none-eabi/8.2.1/../../../../arm-none-eabi/lib/thumb/v6-m/nofp/libcr_c.a(fpprintf.o)
 .comment       0x0000000000000075       0x76 /usr/local/mcuxpressoide-11.0.1_2563/ide/plugins/com.nxp.mcuxpresso.tools.linux_11.0.1.201907311258/tools/bin/../lib/gcc/arm-none-eabi/8.2.1/../../../../arm-none-eabi/lib/thumb/v6-m/nofp/libcr_c.a(printf.o)
 .comment       0x0000000000000075       0x76 /usr/local/mcuxpressoide-11.0.1_2563/ide/plugins/com.nxp.mcuxpresso.tools.linux_11.0.1.201907311258/tools/bin/../lib/gcc/arm-none-eabi/8.2.1/../../../../arm-none-eabi/lib/thumb/v6-m/nofp/libcr_c.a(strlen.o)
 .comment       0x0000000000000075       0x76 /usr/local/mcuxpressoide-11.0.1_2563/ide/plugins/com.nxp.mcuxpresso.tools.linux_11.0.1.201907311258/tools/bin/../lib/gcc/arm-none-eabi/8.2.1/../../../../arm-none-eabi/lib/thumb/v6-m/nofp/libcr_c.a(__init_alloc.o)
 .comment       0x0000000000000075       0x76 /usr/local/mcuxpressoide-11.0.1_2563/ide/plugins/com.nxp.mcuxpresso.tools.linux_11.0.1.201907311258/tools/bin/../lib/gcc/arm-none-eabi/8.2.1/../../../../arm-none-eabi/lib/thumb/v6-m/nofp/libcr_c.a(_cr_sbrk.o)
 .comment       0x0000000000000075       0x76 /usr/local/mcuxpressoide-11.0.1_2563/ide/plugins/com.nxp.mcuxpresso.tools.linux_11.0.1.201907311258/tools/bin/../lib/gcc/arm-none-eabi/8.2.1/../../../../arm-none-eabi/lib/thumb/v6-m/nofp/libcr_c.a(_deferredlazyseek.o)
 .comment       0x0000000000000075       0x76 /usr/local/mcuxpressoide-11.0.1_2563/ide/plugins/com.nxp.mcuxpresso.tools.linux_11.0.1.201907311258/tools/bin/../lib/gcc/arm-none-eabi/8.2.1/../../../../arm-none-eabi/lib/thumb/v6-m/nofp/libcr_c.a(_fflush.o)
 .comment       0x0000000000000075       0x76 /usr/local/mcuxpressoide-11.0.1_2563/ide/plugins/com.nxp.mcuxpresso.tools.linux_11.0.1.201907311258/tools/bin/../lib/gcc/arm-none-eabi/8.2.1/../../../../arm-none-eabi/lib/thumb/v6-m/nofp/libcr_c.a(_frexpl.o)
 .comment       0x0000000000000075       0x76 /usr/local/mcuxpressoide-11.0.1_2563/ide/plugins/com.nxp.mcuxpresso.tools.linux_11.0.1.201907311258/tools/bin/../lib/gcc/arm-none-eabi/8.2.1/../../../../arm-none-eabi/lib/thumb/v6-m/nofp/libcr_c.a(_ldexpl.o)
 .comment       0x0000000000000075       0x76 /usr/local/mcuxpressoide-11.0.1_2563/ide/plugins/com.nxp.mcuxpresso.tools.linux_11.0.1.201907311258/tools/bin/../lib/gcc/arm-none-eabi/8.2.1/../../../../arm-none-eabi/lib/thumb/v6-m/nofp/libcr_c.a(_writebuf.o)
 .comment       0x0000000000000075       0x76 /usr/local/mcuxpressoide-11.0.1_2563/ide/plugins/com.nxp.mcuxpresso.tools.linux_11.0.1.201907311258/tools/bin/../lib/gcc/arm-none-eabi/8.2.1/../../../../arm-none-eabi/lib/thumb/v6-m/nofp/libcr_c.a(errno.o)
 .comment       0x0000000000000075       0x76 /usr/local/mcuxpressoide-11.0.1_2563/ide/plugins/com.nxp.mcuxpresso.tools.linux_11.0.1.201907311258/tools/bin/../lib/gcc/arm-none-eabi/8.2.1/../../../../arm-none-eabi/lib/thumb/v6-m/nofp/libcr_c.a(fseek.o)
 .comment       0x0000000000000075       0x76 /usr/local/mcuxpressoide-11.0.1_2563/ide/plugins/com.nxp.mcuxpresso.tools.linux_11.0.1.201907311258/tools/bin/../lib/gcc/arm-none-eabi/8.2.1/../../../../arm-none-eabi/lib/thumb/v6-m/nofp/libcr_c.a(ftell.o)
 .comment       0x0000000000000075       0x76 /usr/local/mcuxpressoide-11.0.1_2563/ide/plugins/com.nxp.mcuxpresso.tools.linux_11.0.1.201907311258/tools/bin/../lib/gcc/arm-none-eabi/8.2.1/../../../../arm-none-eabi/lib/thumb/v6-m/nofp/libcr_c.a(_cr_check_heap.o)
 .comment       0x0000000000000075       0x76 /usr/local/mcuxpressoide-11.0.1_2563/ide/plugins/com.nxp.mcuxpresso.tools.linux_11.0.1.201907311258/tools/bin/../lib/gcc/arm-none-eabi/8.2.1/thumb/v6-m/nofp/libcr_eabihelpers.a(double.o)
 .comment       0x0000000000000075       0x76 /usr/local/mcuxpressoide-11.0.1_2563/ide/plugins/com.nxp.mcuxpresso.tools.linux_11.0.1.201907311258/tools/bin/../lib/gcc/arm-none-eabi/8.2.1/../../../../arm-none-eabi/lib/thumb/v6-m/nofp/libcr_semihost_nf.a(__ciob.o)

.ARM.attributes
                0x0000000000000000       0x2a
 .ARM.attributes
                0x0000000000000000       0x2c ./debug_frdm/main.o
 .ARM.attributes
                0x000000000000002c       0x2c ./debug_frdm/CMSIS/startup_MKL25Z4.o
 .ARM.attributes
                0x0000000000000058       0x2c ./debug_frdm/CMSIS/system_MKL25Z4.o
 .ARM.attributes
                0x0000000000000084       0x2c ./debug_frdm/board/board.o
 .ARM.attributes
                0x00000000000000b0       0x2c ./debug_frdm/board/clock_config.o
 .ARM.attributes
                0x00000000000000dc       0x2c ./debug_frdm/board/peripherals.o
 .ARM.attributes
                0x0000000000000108       0x2c ./debug_frdm/board/pin_mux.o
 .ARM.attributes
                0x0000000000000134       0x2c ./debug_frdm/drivers/fsl_clock.o
 .ARM.attributes
                0x0000000000000160       0x2c ./debug_frdm/drivers/fsl_common.o
 .ARM.attributes
                0x000000000000018c       0x2c ./debug_frdm/drivers/fsl_lpsci.o
 .ARM.attributes
                0x00000000000001b8       0x2c ./debug_frdm/drivers/fsl_uart.o
 .ARM.attributes
                0x00000000000001e4       0x2c ./debug_frdm/utilities/fsl_debug_console.o
 .ARM.attributes
                0x0000000000000210       0x2c ./debug_frdm/frdm_includes/allocate_words.o
 .ARM.attributes
                0x000000000000023c       0x2c ./debug_frdm/frdm_includes/gen_pattern.o
 .ARM.attributes
                0x0000000000000268       0x2c ./debug_frdm/frdm_includes/invert_block.o
 .ARM.attributes
                0x0000000000000294       0x2c ./debug_frdm/frdm_includes/verify_pattern.o
 .ARM.attributes
                0x00000000000002c0       0x2c ./debug_frdm/frdm_includes/write_memory.o
 .ARM.attributes
                0x00000000000002ec       0x2c ./debug_frdm/frdm_includes/write_pattern.o
 .ARM.attributes
                0x0000000000000318       0x2c ./debug_frdm/frdm_includes/get_address.o
 .ARM.attributes
                0x0000000000000344       0x2c ./debug_frdm/frdm_includes/ledControl.o
 .ARM.attributes
                0x0000000000000370       0x2c ./debug_frdm/frdm_includes/loggerFunctions.o
 .ARM.attributes
                0x000000000000039c       0x2c /usr/local/mcuxpressoide-11.0.1_2563/ide/plugins/com.nxp.mcuxpresso.tools.linux_11.0.1.201907311258/tools/bin/../lib/gcc/arm-none-eabi/8.2.1/../../../../arm-none-eabi/lib/thumb/v6-m/nofp/libcr_c.a(memset.o)
 .ARM.attributes
                0x00000000000003c8       0x2c /usr/local/mcuxpressoide-11.0.1_2563/ide/plugins/com.nxp.mcuxpresso.tools.linux_11.0.1.201907311258/tools/bin/../lib/gcc/arm-none-eabi/8.2.1/../../../../arm-none-eabi/lib/thumb/v6-m/nofp/libcr_c.a(alloc.o)
 .ARM.attributes
                0x00000000000003f4       0x2c /usr/local/mcuxpressoide-11.0.1_2563/ide/plugins/com.nxp.mcuxpresso.tools.linux_11.0.1.201907311258/tools/bin/../lib/gcc/arm-none-eabi/8.2.1/../../../../arm-none-eabi/lib/thumb/v6-m/nofp/libcr_c.a(fpprintf.o)
 .ARM.attributes
                0x0000000000000420       0x2c /usr/local/mcuxpressoide-11.0.1_2563/ide/plugins/com.nxp.mcuxpresso.tools.linux_11.0.1.201907311258/tools/bin/../lib/gcc/arm-none-eabi/8.2.1/../../../../arm-none-eabi/lib/thumb/v6-m/nofp/libcr_c.a(printf.o)
 .ARM.attributes
                0x000000000000044c       0x2c /usr/local/mcuxpressoide-11.0.1_2563/ide/plugins/com.nxp.mcuxpresso.tools.linux_11.0.1.201907311258/tools/bin/../lib/gcc/arm-none-eabi/8.2.1/../../../../arm-none-eabi/lib/thumb/v6-m/nofp/libcr_c.a(strlen.o)
 .ARM.attributes
                0x0000000000000478       0x2c /usr/local/mcuxpressoide-11.0.1_2563/ide/plugins/com.nxp.mcuxpresso.tools.linux_11.0.1.201907311258/tools/bin/../lib/gcc/arm-none-eabi/8.2.1/../../../../arm-none-eabi/lib/thumb/v6-m/nofp/libcr_c.a(__init_alloc.o)
 .ARM.attributes
                0x00000000000004a4       0x2c /usr/local/mcuxpressoide-11.0.1_2563/ide/plugins/com.nxp.mcuxpresso.tools.linux_11.0.1.201907311258/tools/bin/../lib/gcc/arm-none-eabi/8.2.1/../../../../arm-none-eabi/lib/thumb/v6-m/nofp/libcr_c.a(_cr_sbrk.o)
 .ARM.attributes
                0x00000000000004d0       0x2c /usr/local/mcuxpressoide-11.0.1_2563/ide/plugins/com.nxp.mcuxpresso.tools.linux_11.0.1.201907311258/tools/bin/../lib/gcc/arm-none-eabi/8.2.1/../../../../arm-none-eabi/lib/thumb/v6-m/nofp/libcr_c.a(_deferredlazyseek.o)
 .ARM.attributes
                0x00000000000004fc       0x2c /usr/local/mcuxpressoide-11.0.1_2563/ide/plugins/com.nxp.mcuxpresso.tools.linux_11.0.1.201907311258/tools/bin/../lib/gcc/arm-none-eabi/8.2.1/../../../../arm-none-eabi/lib/thumb/v6-m/nofp/libcr_c.a(_fflush.o)
 .ARM.attributes
                0x0000000000000528       0x2c /usr/local/mcuxpressoide-11.0.1_2563/ide/plugins/com.nxp.mcuxpresso.tools.linux_11.0.1.201907311258/tools/bin/../lib/gcc/arm-none-eabi/8.2.1/../../../../arm-none-eabi/lib/thumb/v6-m/nofp/libcr_c.a(_frexpl.o)
 .ARM.attributes
                0x0000000000000554       0x2c /usr/local/mcuxpressoide-11.0.1_2563/ide/plugins/com.nxp.mcuxpresso.tools.linux_11.0.1.201907311258/tools/bin/../lib/gcc/arm-none-eabi/8.2.1/../../../../arm-none-eabi/lib/thumb/v6-m/nofp/libcr_c.a(_ldexpl.o)
 .ARM.attributes
                0x0000000000000580       0x2c /usr/local/mcuxpressoide-11.0.1_2563/ide/plugins/com.nxp.mcuxpresso.tools.linux_11.0.1.201907311258/tools/bin/../lib/gcc/arm-none-eabi/8.2.1/../../../../arm-none-eabi/lib/thumb/v6-m/nofp/libcr_c.a(_writebuf.o)
 .ARM.attributes
                0x00000000000005ac       0x31 /usr/local/mcuxpressoide-11.0.1_2563/ide/plugins/com.nxp.mcuxpresso.tools.linux_11.0.1.201907311258/tools/bin/../lib/gcc/arm-none-eabi/8.2.1/../../../../arm-none-eabi/lib/thumb/v6-m/nofp/libcr_c.a(errno.o)
 .ARM.attributes
                0x00000000000005dd       0x2c /usr/local/mcuxpressoide-11.0.1_2563/ide/plugins/com.nxp.mcuxpresso.tools.linux_11.0.1.201907311258/tools/bin/../lib/gcc/arm-none-eabi/8.2.1/../../../../arm-none-eabi/lib/thumb/v6-m/nofp/libcr_c.a(fseek.o)
 .ARM.attributes
                0x0000000000000609       0x2c /usr/local/mcuxpressoide-11.0.1_2563/ide/plugins/com.nxp.mcuxpresso.tools.linux_11.0.1.201907311258/tools/bin/../lib/gcc/arm-none-eabi/8.2.1/../../../../arm-none-eabi/lib/thumb/v6-m/nofp/libcr_c.a(ftell.o)
 .ARM.attributes
                0x0000000000000635       0x2c /usr/local/mcuxpressoide-11.0.1_2563/ide/plugins/com.nxp.mcuxpresso.tools.linux_11.0.1.201907311258/tools/bin/../lib/gcc/arm-none-eabi/8.2.1/../../../../arm-none-eabi/lib/thumb/v6-m/nofp/libcr_c.a(_cr_check_heap.o)
 .ARM.attributes
                0x0000000000000661       0x1c /usr/local/mcuxpressoide-11.0.1_2563/ide/plugins/com.nxp.mcuxpresso.tools.linux_11.0.1.201907311258/tools/bin/../lib/gcc/arm-none-eabi/8.2.1/thumb/v6-m/nofp/libcr_eabihelpers.a(division_32.o)
 .ARM.attributes
                0x000000000000067d       0x1c /usr/local/mcuxpressoide-11.0.1_2563/ide/plugins/com.nxp.mcuxpresso.tools.linux_11.0.1.201907311258/tools/bin/../lib/gcc/arm-none-eabi/8.2.1/thumb/v6-m/nofp/libcr_eabihelpers.a(division_idiv0.o)
 .ARM.attributes
                0x0000000000000699       0x2c /usr/local/mcuxpressoide-11.0.1_2563/ide/plugins/com.nxp.mcuxpresso.tools.linux_11.0.1.201907311258/tools/bin/../lib/gcc/arm-none-eabi/8.2.1/thumb/v6-m/nofp/libcr_eabihelpers.a(double.o)
 .ARM.attributes
                0x00000000000006c5       0x1c /usr/local/mcuxpressoide-11.0.1_2563/ide/plugins/com.nxp.mcuxpresso.tools.linux_11.0.1.201907311258/tools/bin/../lib/gcc/arm-none-eabi/8.2.1/thumb/v6-m/nofp/libcr_eabihelpers.a(llong.o)
 .ARM.attributes
                0x00000000000006e1       0x1c /usr/local/mcuxpressoide-11.0.1_2563/ide/plugins/com.nxp.mcuxpresso.tools.linux_11.0.1.201907311258/tools/bin/../lib/gcc/arm-none-eabi/8.2.1/thumb/v6-m/nofp/libcr_eabihelpers.a(memcpy.o)
 .ARM.attributes
                0x00000000000006fd       0x31 /usr/local/mcuxpressoide-11.0.1_2563/ide/plugins/com.nxp.mcuxpresso.tools.linux_11.0.1.201907311258/tools/bin/../lib/gcc/arm-none-eabi/8.2.1/../../../../arm-none-eabi/lib/thumb/v6-m/nofp/libcr_semihost_nf.a(__ciob.o)
 .ARM.attributes
                0x000000000000072e       0x1c /usr/local/mcuxpressoide-11.0.1_2563/ide/plugins/com.nxp.mcuxpresso.tools.linux_11.0.1.201907311258/tools/bin/../lib/gcc/arm-none-eabi/8.2.1/../../../../arm-none-eabi/lib/thumb/v6-m/nofp/libcr_semihost_nf.a(__sys_appexit.o)
 .ARM.attributes
                0x000000000000074a       0x1c /usr/local/mcuxpressoide-11.0.1_2563/ide/plugins/com.nxp.mcuxpresso.tools.linux_11.0.1.201907311258/tools/bin/../lib/gcc/arm-none-eabi/8.2.1/../../../../arm-none-eabi/lib/thumb/v6-m/nofp/libcr_semihost_nf.a(__sys_flen.o)
 .ARM.attributes
                0x0000000000000766       0x1c /usr/local/mcuxpressoide-11.0.1_2563/ide/plugins/com.nxp.mcuxpresso.tools.linux_11.0.1.201907311258/tools/bin/../lib/gcc/arm-none-eabi/8.2.1/../../../../arm-none-eabi/lib/thumb/v6-m/nofp/libcr_semihost_nf.a(__sys_istty.o)
 .ARM.attributes
                0x0000000000000782       0x1c /usr/local/mcuxpressoide-11.0.1_2563/ide/plugins/com.nxp.mcuxpresso.tools.linux_11.0.1.201907311258/tools/bin/../lib/gcc/arm-none-eabi/8.2.1/../../../../arm-none-eabi/lib/thumb/v6-m/nofp/libcr_semihost_nf.a(__sys_seek.o)
 .ARM.attributes
                0x000000000000079e       0x1c /usr/local/mcuxpressoide-11.0.1_2563/ide/plugins/com.nxp.mcuxpresso.tools.linux_11.0.1.201907311258/tools/bin/../lib/gcc/arm-none-eabi/8.2.1/../../../../arm-none-eabi/lib/thumb/v6-m/nofp/libcr_semihost_nf.a(__sys_write.o)

.debug_frame    0x0000000000000000     0x1c8c
 .debug_frame   0x0000000000000000       0x30 ./debug_frdm/main.o
 .debug_frame   0x0000000000000030      0x498 ./debug_frdm/CMSIS/startup_MKL25Z4.o
 .debug_frame   0x00000000000004c8       0x4c ./debug_frdm/CMSIS/system_MKL25Z4.o
 .debug_frame   0x0000000000000514       0x50 ./debug_frdm/board/board.o
 .debug_frame   0x0000000000000564      0x140 ./debug_frdm/board/clock_config.o
 .debug_frame   0x00000000000006a4       0x2c ./debug_frdm/board/peripherals.o
 .debug_frame   0x00000000000006d0       0x88 ./debug_frdm/board/pin_mux.o
 .debug_frame   0x0000000000000758      0x6e4 ./debug_frdm/drivers/fsl_clock.o
 .debug_frame   0x0000000000000e3c       0x90 ./debug_frdm/drivers/fsl_common.o
 .debug_frame   0x0000000000000ecc      0x418 ./debug_frdm/drivers/fsl_lpsci.o
 .debug_frame   0x00000000000012e4      0x468 ./debug_frdm/drivers/fsl_uart.o
 .debug_frame   0x000000000000174c      0x230 ./debug_frdm/utilities/fsl_debug_console.o
 .debug_frame   0x000000000000197c       0x30 ./debug_frdm/frdm_includes/allocate_words.o
 .debug_frame   0x00000000000019ac       0x30 ./debug_frdm/frdm_includes/gen_pattern.o
 .debug_frame   0x00000000000019dc       0x30 ./debug_frdm/frdm_includes/invert_block.o
 .debug_frame   0x0000000000001a0c       0x30 ./debug_frdm/frdm_includes/verify_pattern.o
 .debug_frame   0x0000000000001a3c       0x30 ./debug_frdm/frdm_includes/write_memory.o
 .debug_frame   0x0000000000001a6c       0x30 ./debug_frdm/frdm_includes/write_pattern.o
 .debug_frame   0x0000000000001a9c       0x30 ./debug_frdm/frdm_includes/get_address.o
 .debug_frame   0x0000000000001acc       0xfc ./debug_frdm/frdm_includes/ledControl.o
 .debug_frame   0x0000000000001bc8       0xc4 ./debug_frdm/frdm_includes/loggerFunctions.o
