Archive member included to satisfy reference by file (symbol)

/Applications/MCUXpressoIDE_11.0.1_2563/ide/plugins/com.nxp.mcuxpresso.tools.macosx_11.0.1.201907311258/tools/bin/../lib/gcc/arm-none-eabi/8.2.1/../../../../arm-none-eabi/lib/thumb/v6-m/nofp/libcr_c.a(memcpy.o)
                              ./debug_frdm/drivers/fsl_flash.o (memcpy)
/Applications/MCUXpressoIDE_11.0.1_2563/ide/plugins/com.nxp.mcuxpresso.tools.macosx_11.0.1.201907311258/tools/bin/../lib/gcc/arm-none-eabi/8.2.1/../../../../arm-none-eabi/lib/thumb/v6-m/nofp/libcr_c.a(memset.o)
                              ./debug_frdm/drivers/fsl_flash.o (memset)
/Applications/MCUXpressoIDE_11.0.1_2563/ide/plugins/com.nxp.mcuxpresso.tools.macosx_11.0.1.201907311258/tools/bin/../lib/gcc/arm-none-eabi/8.2.1/../../../../arm-none-eabi/lib/thumb/v6-m/nofp/libcr_c.a(alloc.o)
                              ./debug_frdm/frdm_includes/allocate_words.o (malloc)
/Applications/MCUXpressoIDE_11.0.1_2563/ide/plugins/com.nxp.mcuxpresso.tools.macosx_11.0.1.201907311258/tools/bin/../lib/gcc/arm-none-eabi/8.2.1/../../../../arm-none-eabi/lib/thumb/v6-m/nofp/libcr_c.a(fpprintf.o)
                              ./debug_frdm/frdm_includes/malloc.o (printf)
/Applications/MCUXpressoIDE_11.0.1_2563/ide/plugins/com.nxp.mcuxpresso.tools.macosx_11.0.1.201907311258/tools/bin/../lib/gcc/arm-none-eabi/8.2.1/../../../../arm-none-eabi/lib/thumb/v6-m/nofp/libcr_c.a(printf.o)
                              /Applications/MCUXpressoIDE_11.0.1_2563/ide/plugins/com.nxp.mcuxpresso.tools.macosx_11.0.1.201907311258/tools/bin/../lib/gcc/arm-none-eabi/8.2.1/../../../../arm-none-eabi/lib/thumb/v6-m/nofp/libcr_c.a(fpprintf.o) (__vfprintf)
/Applications/MCUXpressoIDE_11.0.1_2563/ide/plugins/com.nxp.mcuxpresso.tools.macosx_11.0.1.201907311258/tools/bin/../lib/gcc/arm-none-eabi/8.2.1/../../../../arm-none-eabi/lib/thumb/v6-m/nofp/libcr_c.a(strlen.o)
                              ./debug_frdm/utilities/fsl_debug_console.o (strlen)
/Applications/MCUXpressoIDE_11.0.1_2563/ide/plugins/com.nxp.mcuxpresso.tools.macosx_11.0.1.201907311258/tools/bin/../lib/gcc/arm-none-eabi/8.2.1/../../../../arm-none-eabi/lib/thumb/v6-m/nofp/libcr_c.a(__init_alloc.o)
                              /Applications/MCUXpressoIDE_11.0.1_2563/ide/plugins/com.nxp.mcuxpresso.tools.macosx_11.0.1.201907311258/tools/bin/../lib/gcc/arm-none-eabi/8.2.1/../../../../arm-none-eabi/lib/thumb/v6-m/nofp/libcr_c.a(alloc.o) (__heaps)
/Applications/MCUXpressoIDE_11.0.1_2563/ide/plugins/com.nxp.mcuxpresso.tools.macosx_11.0.1.201907311258/tools/bin/../lib/gcc/arm-none-eabi/8.2.1/../../../../arm-none-eabi/lib/thumb/v6-m/nofp/libcr_c.a(_cr_sbrk.o)
                              /Applications/MCUXpressoIDE_11.0.1_2563/ide/plugins/com.nxp.mcuxpresso.tools.macosx_11.0.1.201907311258/tools/bin/../lib/gcc/arm-none-eabi/8.2.1/../../../../arm-none-eabi/lib/thumb/v6-m/nofp/libcr_c.a(alloc.o) (_sbrk)
/Applications/MCUXpressoIDE_11.0.1_2563/ide/plugins/com.nxp.mcuxpresso.tools.macosx_11.0.1.201907311258/tools/bin/../lib/gcc/arm-none-eabi/8.2.1/../../../../arm-none-eabi/lib/thumb/v6-m/nofp/libcr_c.a(_deferredlazyseek.o)
                              /Applications/MCUXpressoIDE_11.0.1_2563/ide/plugins/com.nxp.mcuxpresso.tools.macosx_11.0.1.201907311258/tools/bin/../lib/gcc/arm-none-eabi/8.2.1/../../../../arm-none-eabi/lib/thumb/v6-m/nofp/libcr_c.a(fpprintf.o) (__flsbuf)
/Applications/MCUXpressoIDE_11.0.1_2563/ide/plugins/com.nxp.mcuxpresso.tools.macosx_11.0.1.201907311258/tools/bin/../lib/gcc/arm-none-eabi/8.2.1/../../../../arm-none-eabi/lib/thumb/v6-m/nofp/libcr_c.a(_fflush.o)
                              /Applications/MCUXpressoIDE_11.0.1_2563/ide/plugins/com.nxp.mcuxpresso.tools.macosx_11.0.1.201907311258/tools/bin/../lib/gcc/arm-none-eabi/8.2.1/../../../../arm-none-eabi/lib/thumb/v6-m/nofp/libcr_c.a(_deferredlazyseek.o) (_fflush)
/Applications/MCUXpressoIDE_11.0.1_2563/ide/plugins/com.nxp.mcuxpresso.tools.macosx_11.0.1.201907311258/tools/bin/../lib/gcc/arm-none-eabi/8.2.1/../../../../arm-none-eabi/lib/thumb/v6-m/nofp/libcr_c.a(_frexpl.o)
                              /Applications/MCUXpressoIDE_11.0.1_2563/ide/plugins/com.nxp.mcuxpresso.tools.macosx_11.0.1.201907311258/tools/bin/../lib/gcc/arm-none-eabi/8.2.1/../../../../arm-none-eabi/lib/thumb/v6-m/nofp/libcr_c.a(fpprintf.o) (_frexpl)
/Applications/MCUXpressoIDE_11.0.1_2563/ide/plugins/com.nxp.mcuxpresso.tools.macosx_11.0.1.201907311258/tools/bin/../lib/gcc/arm-none-eabi/8.2.1/../../../../arm-none-eabi/lib/thumb/v6-m/nofp/libcr_c.a(_ldexpl.o)
                              /Applications/MCUXpressoIDE_11.0.1_2563/ide/plugins/com.nxp.mcuxpresso.tools.macosx_11.0.1.201907311258/tools/bin/../lib/gcc/arm-none-eabi/8.2.1/../../../../arm-none-eabi/lib/thumb/v6-m/nofp/libcr_c.a(fpprintf.o) (_ldexpl)
/Applications/MCUXpressoIDE_11.0.1_2563/ide/plugins/com.nxp.mcuxpresso.tools.macosx_11.0.1.201907311258/tools/bin/../lib/gcc/arm-none-eabi/8.2.1/../../../../arm-none-eabi/lib/thumb/v6-m/nofp/libcr_c.a(_writebuf.o)
[...]
Memory Configuration

Name             Origin             Length             Attributes
PROGRAM_FLASH    0x0000000000000000 0x0000000000020000 xr
SRAM             0x000000001ffff000 0x0000000000004000 xrw
*default*        0x0000000000000000 0xffffffffffffffff

Linker script and memory map

LOAD ./debug_frdm/main.o
LOAD ./debug_frdm/CMSIS/startup_MKL25Z4.o
LOAD ./debug_frdm/CMSIS/system_MKL25Z4.o
LOAD ./debug_frdm/board/board.o
LOAD ./debug_frdm/board/clock_config.o
LOAD ./debug_frdm/board/peripherals.o
LOAD ./debug_frdm/board/pin_mux.o
LOAD ./debug_frdm/drivers/fsl_clock.o
LOAD ./debug_frdm/drivers/fsl_common.o
LOAD ./debug_frdm/drivers/fsl_flash.o
LOAD ./debug_frdm/drivers/fsl_gpio.o
LOAD ./debug_frdm/drivers/fsl_lpsci.o
LOAD ./debug_frdm/drivers/fsl_lptmr.o
LOAD ./debug_frdm/drivers/fsl_smc.o
LOAD ./debug_frdm/drivers/fsl_tsi_v4.o
LOAD ./debug_frdm/drivers/fsl_uart.o
LOAD ./debug_frdm/utilities/fsl_debug_console.o
LOAD ./debug_frdm/frdm_includes/allocate_words.o
LOAD ./debug_frdm/frdm_includes/display_memory.o
LOAD ./debug_frdm/frdm_includes/free_words.o
LOAD ./debug_frdm/frdm_includes/gen_pattern.o
LOAD ./debug_frdm/frdm_includes/invert_block.o
LOAD ./debug_frdm/frdm_includes/malloc.o
LOAD ./debug_frdm/frdm_includes/verify_pattern.o
LOAD ./debug_frdm/frdm_includes/write_memory.o
LOAD ./debug_frdm/frdm_includes/write_pattern.o
LOAD ./debug_frdm/frdm_includes/get_address.o
LOAD ./debug_frdm/frdm_includes/ledControl.o
LOAD ./debug_frdm/frdm_includes/loggerFunctions.o
LOAD ./debug_frdm/frdm_includes/unitTest.o
LOAD ./debug_frdm/System.o
START GROUP
LOAD /Applications/MCUXpressoIDE_11.0.1_2563/ide/plugins/com.nxp.mcuxpresso.tools.macosx_11.0.1.201907311258/tools/bin/../lib/gcc/arm-none-eabi/8.2.1/../../../../arm-none-eabi/lib/thumb/v6-m/nofp/libcr_semihost_nf.a
LOAD /Applications/MCUXpressoIDE_11.0.1_2563/ide/plugins/com.nxp.mcuxpresso.tools.macosx_11.0.1.201907311258/tools/bin/../lib/gcc/arm-none-eabi/8.2.1/../../../../arm-none-eabi/lib/thumb/v6-m/nofp/libcr_c.a
LOAD /Applications/MCUXpressoIDE_11.0.1_2563/ide/plugins/com.nxp.mcuxpresso.tools.macosx_11.0.1.201907311258/tools/bin/../lib/gcc/arm-none-eabi/8.2.1/thumb/v6-m/nofp/libcr_eabihelpers.a
END GROUP
                0x0000000000000000                __base_PROGRAM_FLASH = 0x0
                0x0000000000000000                __base_Flash = 0x0
                0x0000000000020000                __top_PROGRAM_FLASH = 0x20000
                0x0000000000020000                __top_Flash = 0x20000
                0x000000001ffff000                __base_SRAM = 0x1ffff000
                0x000000001ffff000                __base_RAM = 0x1ffff000
                0x0000000020003000                __top_SRAM = 0x20003000
                0x0000000020003000                __top_RAM = 0x20003000

.text           0x0000000000000000     0x604c
 FILL mask 0xff
                0x0000000000000000                __vectors_start__ = ABSOLUTE (.)
 *(.isr_vector)
 .isr_vector    0x0000000000000000       0xc0 ./debug_frdm/CMSIS/startup_MKL25Z4.o
                0x0000000000000000                __Vectors
                0x0000000000000000                g_pfnVectors
                0x00000000000000c0                . = ALIGN (0x4)
                0x00000000000000c0                __section_table_start = .
                0x00000000000000c0                __data_section_table = .
                0x00000000000000c0        0x4 LONG 0x604c LOADADDR (.data)
                0x00000000000000c4        0x4 LONG 0x1ffff000 ADDR (.data)
                0x00000000000000c8        0x4 LONG 0x18 SIZEOF (.data)
                0x00000000000000cc                __data_section_table_end = .
                0x00000000000000cc                __bss_section_table = .
                0x00000000000000cc        0x4 LONG 0x1ffff018 ADDR (.bss)
                0x00000000000000d0        0x4 LONG 0x110 SIZEOF (.bss)
                0x00000000000000d4                __bss_section_table_end = .
                0x00000000000000d4                __section_table_end = .
 *(.after_vectors*)
 .after_vectors.init_data
                0x00000000000000d4       0x40 ./debug_frdm/CMSIS/startup_MKL25Z4.o
                0x00000000000000d4                data_init
 .after_vectors.init_bss
                0x0000000000000114       0x34 ./debug_frdm/CMSIS/startup_MKL25Z4.o
                0x0000000000000114                bss_init
 .after_vectors.reset
                0x0000000000000148       0x84 ./debug_frdm/CMSIS/startup_MKL25Z4.o
                0x0000000000000148                ResetISR
 .after_vectors
                0x00000000000001cc      0x1e4 ./debug_frdm/CMSIS/startup_MKL25Z4.o
                0x00000000000001cc                NMI_Handler
                0x00000000000001d2                HardFault_Handler
                0x00000000000001d8                SVC_Handler
                0x00000000000001de                PendSV_Handler
                0x00000000000001e4                SysTick_Handler
                0x00000000000001ea                TSI0_DriverIRQHandler
                0x00000000000001ea                Reserved39_DriverIRQHandler
                0x00000000000001ea                DMA0_DriverIRQHandler
                0x00000000000001ea                SPI1_DriverIRQHandler
                0x00000000000001ea                LPTMR0_DriverIRQHandler
                0x00000000000001ea                TPM2_DriverIRQHandler
                0x00000000000001ea                PIT_DriverIRQHandler
                0x00000000000001ea                RTC_Seconds_DriverIRQHandler
                0x00000000000001ea                LLWU_DriverIRQHandler
                0x00000000000001ea                MCG_DriverIRQHandler
                0x00000000000001ea                FTFA_DriverIRQHandler
                0x00000000000001ea                IntDefaultHandler
                0x00000000000001ea                USB0_DriverIRQHandler
                0x00000000000001ea                DAC0_DriverIRQHandler
                0x00000000000001ea                LVD_LVW_DriverIRQHandler
                0x00000000000001ea                TPM0_DriverIRQHandler
                0x00000000000001ea                Reserved20_DriverIRQHandler
                0x00000000000001ea                DMA3_DriverIRQHandler
                0x00000000000001ea                Reserved45_DriverIRQHandler
                0x00000000000001ea                PORTA_DriverIRQHandler
                0x00000000000001ea                TPM1_DriverIRQHandler
                0x00000000000001ea                RTC_DriverIRQHandler
                0x00000000000001ea                DMA1_DriverIRQHandler
                0x00000000000001ea                I2C1_DriverIRQHandler
                0x00000000000001ea                SPI0_DriverIRQHandler
                0x00000000000001ea                ADC0_DriverIRQHandler
                0x00000000000001ea                CMP0_DriverIRQHandler
                0x00000000000001ea                DMA2_DriverIRQHandler
                0x00000000000001ea                PORTD_DriverIRQHandler
                0x00000000000001ea                I2C0_DriverIRQHandler
                0x00000000000001f0                DMA0_IRQHandler
                0x00000000000001fe                DMA1_IRQHandler
                0x000000000000020c                DMA2_IRQHandler
                0x000000000000021a                DMA3_IRQHandler
                0x0000000000000228                Reserved20_IRQHandler
                0x0000000000000236                FTFA_IRQHandler
                0x0000000000000244                LVD_LVW_IRQHandler
                0x0000000000000252                LLWU_IRQHandler
                0x0000000000000260                I2C0_IRQHandler
                0x000000000000026e                I2C1_IRQHandler
                0x000000000000027c                SPI0_IRQHandler
                0x000000000000028a                SPI1_IRQHandler
                0x0000000000000298                UART0_IRQHandler
                0x00000000000002a6                UART1_IRQHandler
                0x00000000000002b4                UART2_IRQHandler
                0x00000000000002c2                ADC0_IRQHandler
                0x00000000000002d0                CMP0_IRQHandler
                0x00000000000002de                TPM0_IRQHandler
                0x00000000000002ec                TPM1_IRQHandler
                0x00000000000002fa                TPM2_IRQHandler
                0x0000000000000308                RTC_IRQHandler
                0x0000000000000316                RTC_Seconds_IRQHandler
                0x0000000000000324                PIT_IRQHandler
                0x0000000000000332                Reserved39_IRQHandler
                0x0000000000000340                USB0_IRQHandler
                0x000000000000034e                DAC0_IRQHandler
                0x000000000000035c                TSI0_IRQHandler
                0x000000000000036a                MCG_IRQHandler
                0x0000000000000378                LPTMR0_IRQHandler
                0x0000000000000386                Reserved45_IRQHandler
                0x0000000000000394                PORTA_IRQHandler
                0x00000000000003a2                PORTD_IRQHandler
                0x0000000000000400                . = 0x400
 *fill*         0x00000000000003b0       0x50 ff
                0x0000000000000400                PROVIDE (__FLASH_CONFIG_START__ = .)
 *(.FlashConfig)
 .FlashConfig   0x0000000000000400       0x10 ./debug_frdm/CMSIS/startup_MKL25Z4.o
                0x0000000000000400                Flash_Config
                0x0000000000000410                PROVIDE (__FLASH_CONFIG_END__ = .)
                0x0000000000000001                ASSERT (! ((__FLASH_CONFIG_START__ == __FLASH_CONFIG_END__)), Linker Flash Config Support Enabled, but no .FlashConfig section provided within application)
 *(.text*)
 .text.main     0x0000000000000410      0x254 ./debug_frdm/main.o
                0x0000000000000410                main
 .text.SystemInit
                0x0000000000000664       0x18 ./debug_frdm/CMSIS/system_MKL25Z4.o
                0x0000000000000664                SystemInit
 .text.CLOCK_SetLpsci0Clock
                0x000000000000067c       0x38 ./debug_frdm/board/board.o
 .text.BOARD_InitDebugConsole
                0x00000000000006b4       0x30 ./debug_frdm/board/board.o
                0x00000000000006b4                BOARD_InitDebugConsole
 .text.CLOCK_SetLpsci0Clock
                0x00000000000006e4       0x38 ./debug_frdm/board/clock_config.o
 .text.CLOCK_SetSimSafeDivs
                0x000000000000071c       0x20 ./debug_frdm/board/clock_config.o
 .text.CLOCK_SetXtal0Freq
                0x000000000000073c       0x1c ./debug_frdm/board/clock_config.o
 .text.CLOCK_SetXtal32Freq
                0x0000000000000758       0x1c ./debug_frdm/board/clock_config.o
 .text.CLOCK_CONFIG_SetFllExtRefDiv
                0x0000000000000774       0x3c ./debug_frdm/board/clock_config.o
 .text.BOARD_InitBootClocks
                0x00000000000007b0        0xe ./debug_frdm/board/clock_config.o
                0x00000000000007b0                BOARD_InitBootClocks
 *fill*         0x00000000000007be        0x2 ff
 .text.BOARD_BootClockRUN
                0x00000000000007c0       0x74 ./debug_frdm/board/clock_config.o
                0x00000000000007c0                BOARD_BootClockRUN
 .text.BOARD_InitBootPeripherals
                0x0000000000000834        0xa ./debug_frdm/board/peripherals.o
                0x0000000000000834                BOARD_InitBootPeripherals
 *fill*         0x000000000000083e        0x2 ff
 .text.CLOCK_EnableClock
                0x0000000000000840       0x34 ./debug_frdm/board/pin_mux.o
 .text.PORT_SetPinMux
                0x0000000000000874       0x40 ./debug_frdm/board/pin_mux.o
 .text.BOARD_InitBootPins
                0x00000000000008b4        0xe ./debug_frdm/board/pin_mux.o
                0x00000000000008b4                BOARD_InitBootPins
 *fill*         0x00000000000008c2        0x2 ff
 .text.BOARD_InitPins
                0x00000000000008c4       0x90 ./debug_frdm/board/pin_mux.o
                0x00000000000008c4                BOARD_InitPins
 .text.CLOCK_SetEr32kClock
                0x0000000000000954       0x34 ./debug_frdm/drivers/fsl_clock.o
 .text.CLOCK_SetPllFllSelClock
                0x0000000000000988       0x38 ./debug_frdm/drivers/fsl_clock.o
 .text.OSC_SetExtRefClkConfig
                0x00000000000009c0       0x3e ./debug_frdm/drivers/fsl_clock.o
 .text.OSC_SetCapLoad
                0x00000000000009fe       0x42 ./debug_frdm/drivers/fsl_clock.o
 .text.CLOCK_GetMcgExtClkFreq
                0x0000000000000a40       0x34 ./debug_frdm/drivers/fsl_clock.o
 .text.CLOCK_GetFllExtRefClkFreq
                0x0000000000000a74       0xa4 ./debug_frdm/drivers/fsl_clock.o
 .text.CLOCK_GetFllRefClkFreq
                0x0000000000000b18       0x2c ./debug_frdm/drivers/fsl_clock.o
 .text.CLOCK_GetPll0RefFreq
                0x0000000000000b44       0x10 ./debug_frdm/drivers/fsl_clock.o
 .text.CLOCK_GetOscRangeFromFreq
                0x0000000000000b54       0x4c ./debug_frdm/drivers/fsl_clock.o
 .text.CLOCK_GetPllFllSelClkFreq
                0x0000000000000ba0       0x4c ./debug_frdm/drivers/fsl_clock.o
                0x0000000000000ba0                CLOCK_GetPllFllSelClkFreq
 .text.CLOCK_SetSimConfig
                0x0000000000000bec       0x38 ./debug_frdm/drivers/fsl_clock.o
                0x0000000000000bec                CLOCK_SetSimConfig
 .text.CLOCK_GetFllFreq
                0x0000000000000c24       0x84 ./debug_frdm/drivers/fsl_clock.o
                0x0000000000000c24                CLOCK_GetFllFreq
 .text.CLOCK_GetPll0Freq
                0x0000000000000ca8       0x80 ./debug_frdm/drivers/fsl_clock.o
                0x0000000000000ca8                CLOCK_GetPll0Freq
 .text.CLOCK_SetExternalRefClkConfig
                0x0000000000000d28       0x16 ./debug_frdm/drivers/fsl_clock.o
                0x0000000000000d28                CLOCK_SetExternalRefClkConfig
 *fill*         0x0000000000000d3e        0x2 ff
 .text.CLOCK_SetInternalRefClkConfig
                0x0000000000000d40      0x124 ./debug_frdm/drivers/fsl_clock.o
                0x0000000000000d40                CLOCK_SetInternalRefClkConfig
 .text.CLOCK_EnablePll0
                0x0000000000000e64       0xa0 ./debug_frdm/drivers/fsl_clock.o
                0x0000000000000e64                CLOCK_EnablePll0
 .text.CLOCK_InitOsc0
                0x0000000000000f04       0x94 ./debug_frdm/drivers/fsl_clock.o
                0x0000000000000f04                CLOCK_InitOsc0
 .text.CLOCK_SetPbeMode
                0x0000000000000f98       0xc0 ./debug_frdm/drivers/fsl_clock.o
                0x0000000000000f98                CLOCK_SetPbeMode
 .text.CLOCK_BootToPeeMode
                0x0000000000001058       0x80 ./debug_frdm/drivers/fsl_clock.o
                0x0000000000001058                CLOCK_BootToPeeMode
 .text.__assert_func
                0x00000000000010d8       0x28 ./debug_frdm/drivers/fsl_common.o
                0x00000000000010d8                __assert_func
 .text.CLOCK_EnableClock
                0x0000000000001100       0x34 ./debug_frdm/drivers/fsl_lpsci.o
 .text.LPSCI_GetInstance
                0x0000000000001134       0x54 ./debug_frdm/drivers/fsl_lpsci.o
                0x0000000000001134                LPSCI_GetInstance
 .text.LPSCI_Init
                0x0000000000001188      0x268 ./debug_frdm/drivers/fsl_lpsci.o
                0x0000000000001188                LPSCI_Init
 .text.LPSCI_GetDefaultConfig
                0x00000000000013f0       0x54 ./debug_frdm/drivers/fsl_lpsci.o
                0x00000000000013f0                LPSCI_GetDefaultConfig
 .text.LPSCI_GetStatusFlags
                0x0000000000001444       0x26 ./debug_frdm/drivers/fsl_lpsci.o
                0x0000000000001444                LPSCI_GetStatusFlags
 *fill*         0x000000000000146a        0x2 ff
 .text.LPSCI_ClearStatusFlags
                0x000000000000146c       0x94 ./debug_frdm/drivers/fsl_lpsci.o
                0x000000000000146c                LPSCI_ClearStatusFlags
 .text.LPSCI_WriteBlocking
                0x0000000000001500       0x5c ./debug_frdm/drivers/fsl_lpsci.o
                0x0000000000001500                LPSCI_WriteBlocking
 .text.LPSCI_ReadBlocking
                0x000000000000155c       0xd0 ./debug_frdm/drivers/fsl_lpsci.o
                0x000000000000155c                LPSCI_ReadBlocking
 .text.UART0_DriverIRQHandler
                0x000000000000162c       0x24 ./debug_frdm/drivers/fsl_lpsci.o
                0x000000000000162c                UART0_DriverIRQHandler
 .text.CLOCK_EnableClock
                0x0000000000001650       0x34 ./debug_frdm/drivers/fsl_uart.o
 .text.UART_GetInstance
                0x0000000000001684       0x60 ./debug_frdm/drivers/fsl_uart.o
                0x0000000000001684                UART_GetInstance
 .text.UART_Init
                0x00000000000016e4      0x1f0 ./debug_frdm/drivers/fsl_uart.o
                0x00000000000016e4                UART_Init
 .text.UART_GetDefaultConfig
                0x00000000000018d4       0x54 ./debug_frdm/drivers/fsl_uart.o
                0x00000000000018d4                UART_GetDefaultConfig
 .text.UART_GetStatusFlags
                0x0000000000001928       0x26 ./debug_frdm/drivers/fsl_uart.o
                0x0000000000001928                UART_GetStatusFlags
 .text.UART_WriteBlocking
                0x000000000000194e       0x3a ./debug_frdm/drivers/fsl_uart.o
                0x000000000000194e                UART_WriteBlocking
 .text.UART_ReadBlocking
                0x0000000000001988       0xa8 ./debug_frdm/drivers/fsl_uart.o
                0x0000000000001988                UART_ReadBlocking
 .text.UART1_DriverIRQHandler
                0x0000000000001a30       0x24 ./debug_frdm/drivers/fsl_uart.o
                0x0000000000001a30                UART1_DriverIRQHandler
 .text.UART2_DriverIRQHandler
                0x0000000000001a54       0x24 ./debug_frdm/drivers/fsl_uart.o
                0x0000000000001a54                UART2_DriverIRQHandler
 .text.UART_EnableTx
                0x0000000000001a78       0x40 ./debug_frdm/utilities/fsl_debug_console.o
 .text.UART_EnableRx
                0x0000000000001ab8       0x40 ./debug_frdm/utilities/fsl_debug_console.o
 .text.LPSCI_EnableTx
                0x0000000000001af8       0x40 ./debug_frdm/utilities/fsl_debug_console.o
 .text.LPSCI_EnableRx
                0x0000000000001b38       0x40 ./debug_frdm/utilities/fsl_debug_console.o
 .text.DbgConsole_Init
                0x0000000000001b78       0xf0 ./debug_frdm/utilities/fsl_debug_console.o
                0x0000000000001b78                DbgConsole_Init
 .text.DbgConsole_Printf
                0x0000000000001c68       0x44 ./debug_frdm/utilities/fsl_debug_console.o
                0x0000000000001c68                DbgConsole_Printf
 .text.DbgConsole_Putchar
                0x0000000000001cac       0x34 ./debug_frdm/utilities/fsl_debug_console.o
                0x0000000000001cac                DbgConsole_Putchar
 .text.DbgConsole_PrintfPaddingCharacter
                0x0000000000001ce0       0x46 ./debug_frdm/utilities/fsl_debug_console.o
 .text.DbgConsole_ConvertRadixNumToString
                0x0000000000001d26      0x114 ./debug_frdm/utilities/fsl_debug_console.o
 .text.DbgConsole_PrintfFormattedData
                0x0000000000001e3a      0x336 ./debug_frdm/utilities/fsl_debug_console.o
 .text.allocate_words
                0x0000000000002170       0x40 ./debug_frdm/frdm_includes/allocate_words.o
                0x0000000000002170                allocate_words
 .text.free_words
                0x00000000000021b0       0x26 ./debug_frdm/frdm_includes/free_words.o
                0x00000000000021b0                free_words
 .text.gen_pattern
                0x00000000000021d6       0x60 ./debug_frdm/frdm_includes/gen_pattern.o
                0x00000000000021d6                gen_pattern
 .text.invert_block
                0x0000000000002236       0x4e ./debug_frdm/frdm_includes/invert_block.o
                0x0000000000002236                invert_block
 .text.verify_pattern
                0x0000000000002284       0xc8 ./debug_frdm/frdm_includes/verify_pattern.o
                0x0000000000002284                verify_pattern
 .text.write_memory
                0x000000000000234c       0x3e ./debug_frdm/frdm_includes/write_memory.o
                0x000000000000234c                write_memory
 *fill*         0x000000000000238a        0x2 ff
 .text.write_pattern
                0x000000000000238c       0x88 ./debug_frdm/frdm_includes/write_pattern.o
                0x000000000000238c                write_pattern
 .text.get_address
                0x0000000000002414       0x1e ./debug_frdm/frdm_includes/get_address.o
                0x0000000000002414                get_address
 .text.GPIO_WritePinOutput
                0x0000000000002432       0x34 ./debug_frdm/frdm_includes/ledControl.o
 .text.GPIO_SetPinsOutput
                0x0000000000002466       0x18 ./debug_frdm/frdm_includes/ledControl.o
 .text.GPIO_ClearPinsOutput
                0x000000000000247e       0x18 ./debug_frdm/frdm_includes/ledControl.o
 *fill*         0x0000000000002496        0x2 ff
 .text.init_pins
                0x0000000000002498       0x94 ./debug_frdm/frdm_includes/ledControl.o
                0x0000000000002498                init_pins
 .text.offLED   0x000000000000252c       0x38 ./debug_frdm/frdm_includes/ledControl.o
                0x000000000000252c                offLED
 .text.setRed   0x0000000000002564       0x1c ./debug_frdm/frdm_includes/ledControl.o
                0x0000000000002564                setRed
 .text.setGreen
                0x0000000000002580       0x1c ./debug_frdm/frdm_includes/ledControl.o
                0x0000000000002580                setGreen
 .text.setBlue  0x000000000000259c       0x18 ./debug_frdm/frdm_includes/ledControl.o
                0x000000000000259c                setBlue
 .text.log_enable
                0x00000000000025b4       0x14 ./debug_frdm/frdm_includes/loggerFunctions.o
                0x00000000000025b4                log_enable
 .text.log_data
                0x00000000000025c8       0x64 ./debug_frdm/frdm_includes/loggerFunctions.o
                0x00000000000025c8                log_data
 .text.log_string
                0x000000000000262c       0x2c ./debug_frdm/frdm_includes/loggerFunctions.o
                0x000000000000262c                log_string
 .text.log_integer
                0x0000000000002658       0x30 ./debug_frdm/frdm_includes/loggerFunctions.o
                0x0000000000002658                log_integer
 .text.unitTest
                0x0000000000002688      0x934 ./debug_frdm/frdm_includes/unitTest.o
                0x0000000000002688                unitTest
 .text.System_exit
                0x0000000000002fbc        0xc ./debug_frdm/System.o
                0x0000000000002fbc                System_exit
 .text.System_Init
                0x0000000000002fc8       0x18 ./debug_frdm/System.o
                0x0000000000002fc8                System_Init
 .text.System_Shutdown
                0x0000000000002fe0       0x1c ./debug_frdm/System.o
                0x0000000000002fe0                System_Shutdown
 .text.System_Safestate
                0x0000000000002ffc       0x1c ./debug_frdm/System.o
                0x0000000000002ffc                System_Safestate
 .text.System_WriteString
                0x0000000000003018       0x18 ./debug_frdm/System.o
                0x0000000000003018                System_WriteString
 .text.System_WriteInt
                0x0000000000003030       0x20 ./debug_frdm/System.o
                0x0000000000003030                System_WriteInt
 .text.memset   0x0000000000003050        0x8 /Applications/MCUXpressoIDE_11.0.1_2563/ide/plugins/com.nxp.mcuxpresso.tools.macosx_11.0.1.201907311258/tools/bin/../lib/gcc/arm-none-eabi/8.2.1/../../../../arm-none-eabi/lib/thumb/v6-m/nofp/libcr_c.a(memset.o)
                0x0000000000003050                memset
 .text.malloc   0x0000000000003058       0xcc /Applications/MCUXpressoIDE_11.0.1_2563/ide/plugins/com.nxp.mcuxpresso.tools.macosx_11.0.1.201907311258/tools/bin/../lib/gcc/arm-none-eabi/8.2.1/../../../../arm-none-eabi/lib/thumb/v6-m/nofp/libcr_c.a(alloc.o)
                0x0000000000003058                malloc
 .text.free     0x0000000000003124       0x2c /Applications/MCUXpressoIDE_11.0.1_2563/ide/plugins/com.nxp.mcuxpresso.tools.macosx_11.0.1.201907311258/tools/bin/../lib/gcc/arm-none-eabi/8.2.1/../../../../arm-none-eabi/lib/thumb/v6-m/nofp/libcr_c.a(alloc.o)
                0x0000000000003124                free
 .text._Csys_alloc
                0x0000000000003150       0x20 /Applications/MCUXpressoIDE_11.0.1_2563/ide/plugins/com.nxp.mcuxpresso.tools.macosx_11.0.1.201907311258/tools/bin/../lib/gcc/arm-none-eabi/8.2.1/../../../../arm-none-eabi/lib/thumb/v6-m/nofp/libcr_c.a(alloc.o)
                0x0000000000003150                _Csys_alloc
 .text.fp_round
                0x0000000000003170       0x4a /Applications/MCUXpressoIDE_11.0.1_2563/ide/plugins/com.nxp.mcuxpresso.tools.macosx_11.0.1.201907311258/tools/bin/../lib/gcc/arm-none-eabi/8.2.1/../../../../arm-none-eabi/lib/thumb/v6-m/nofp/libcr_c.a(fpprintf.o)
 .text.pr_dec.constprop.1
                0x00000000000031ba       0x30 /Applications/MCUXpressoIDE_11.0.1_2563/ide/plugins/com.nxp.mcuxpresso.tools.macosx_11.0.1.201907311258/tools/bin/../lib/gcc/arm-none-eabi/8.2.1/../../../../arm-none-eabi/lib/thumb/v6-m/nofp/libcr_c.a(fpprintf.o)
 *fill*         0x00000000000031ea        0x2 ff
 .text.sprintf  0x00000000000031ec       0x6c /Applications/MCUXpressoIDE_11.0.1_2563/ide/plugins/com.nxp.mcuxpresso.tools.macosx_11.0.1.201907311258/tools/bin/../lib/gcc/arm-none-eabi/8.2.1/../../../../arm-none-eabi/lib/thumb/v6-m/nofp/libcr_c.a(fpprintf.o)
                0x00000000000031ec                sprintf
 .text.fp_display
                0x0000000000003258      0x964 /Applications/MCUXpressoIDE_11.0.1_2563/ide/plugins/com.nxp.mcuxpresso.tools.macosx_11.0.1.201907311258/tools/bin/../lib/gcc/arm-none-eabi/8.2.1/../../../../arm-none-eabi/lib/thumb/v6-m/nofp/libcr_c.a(fpprintf.o)
 .text.vsnprintf
                0x0000000000003bbc       0x70 /Applications/MCUXpressoIDE_11.0.1_2563/ide/plugins/com.nxp.mcuxpresso.tools.macosx_11.0.1.201907311258/tools/bin/../lib/gcc/arm-none-eabi/8.2.1/../../../../arm-none-eabi/lib/thumb/v6-m/nofp/libcr_c.a(fpprintf.o)
                0x0000000000003bbc                vsnprintf
 .text.printf   0x0000000000003c2c       0x50 /Applications/MCUXpressoIDE_11.0.1_2563/ide/plugins/com.nxp.mcuxpresso.tools.macosx_11.0.1.201907311258/tools/bin/../lib/gcc/arm-none-eabi/8.2.1/../../../../arm-none-eabi/lib/thumb/v6-m/nofp/libcr_c.a(fpprintf.o)
                0x0000000000003c2c                printf
 .text.__vfprintf
                0x0000000000003c7c      0xcd8 /Applications/MCUXpressoIDE_11.0.1_2563/ide/plugins/com.nxp.mcuxpresso.tools.macosx_11.0.1.201907311258/tools/bin/../lib/gcc/arm-none-eabi/8.2.1/../../../../arm-none-eabi/lib/thumb/v6-m/nofp/libcr_c.a(printf.o)
                0x0000000000003c7c                __vfprintf
 .text.strlen   0x0000000000004954       0x58 /Applications/MCUXpressoIDE_11.0.1_2563/ide/plugins/com.nxp.mcuxpresso.tools.macosx_11.0.1.201907311258/tools/bin/../lib/gcc/arm-none-eabi/8.2.1/../../../../arm-none-eabi/lib/thumb/v6-m/nofp/libcr_c.a(strlen.o)
                0x0000000000004954                strlen
 .text._sbrk    0x00000000000049ac       0x40 /Applications/MCUXpressoIDE_11.0.1_2563/ide/plugins/com.nxp.mcuxpresso.tools.macosx_11.0.1.201907311258/tools/bin/../lib/gcc/arm-none-eabi/8.2.1/../../../../arm-none-eabi/lib/thumb/v6-m/nofp/libcr_c.a(_cr_sbrk.o)
                0x00000000000049ac                _sbrk
 .text._deferredlazyseek
                0x00000000000049ec       0x40 /Applications/MCUXpressoIDE_11.0.1_2563/ide/plugins/com.nxp.mcuxpresso.tools.macosx_11.0.1.201907311258/tools/bin/../lib/gcc/arm-none-eabi/8.2.1/../../../../arm-none-eabi/lib/thumb/v6-m/nofp/libcr_c.a(_deferredlazyseek.o)
                0x00000000000049ec                _deferredlazyseek
 .text.__flsbuf
                0x0000000000004a2c      0x14c /Applications/MCUXpressoIDE_11.0.1_2563/ide/plugins/com.nxp.mcuxpresso.tools.macosx_11.0.1.201907311258/tools/bin/../lib/gcc/arm-none-eabi/8.2.1/../../../../arm-none-eabi/lib/thumb/v6-m/nofp/libcr_c.a(_deferredlazyseek.o)
                0x0000000000004a2c                __flsbuf
 .text._fflush  0x0000000000004b78       0x5c /Applications/MCUXpressoIDE_11.0.1_2563/ide/plugins/com.nxp.mcuxpresso.tools.macosx_11.0.1.201907311258/tools/bin/../lib/gcc/arm-none-eabi/8.2.1/../../../../arm-none-eabi/lib/thumb/v6-m/nofp/libcr_c.a(_fflush.o)
                0x0000000000004b78                _fflush
 .text._frexpl  0x0000000000004bd4       0x80 /Applications/MCUXpressoIDE_11.0.1_2563/ide/plugins/com.nxp.mcuxpresso.tools.macosx_11.0.1.201907311258/tools/bin/../lib/gcc/arm-none-eabi/8.2.1/../../../../arm-none-eabi/lib/thumb/v6-m/nofp/libcr_c.a(_frexpl.o)
                0x0000000000004bd4                _frexpl
 .text._ldexpl  0x0000000000004c54       0x58 /Applications/MCUXpressoIDE_11.0.1_2563/ide/plugins/com.nxp.mcuxpresso.tools.macosx_11.0.1.201907311258/tools/bin/../lib/gcc/arm-none-eabi/8.2.1/../../../../arm-none-eabi/lib/thumb/v6-m/nofp/libcr_c.a(_ldexpl.o)
                0x0000000000004c54                _ldexpl
 .text._Cwritebuf
                0x0000000000004cac       0x68 /Applications/MCUXpressoIDE_11.0.1_2563/ide/plugins/com.nxp.mcuxpresso.tools.macosx_11.0.1.201907311258/tools/bin/../lib/gcc/arm-none-eabi/8.2.1/../../../../arm-none-eabi/lib/thumb/v6-m/nofp/libcr_c.a(_writebuf.o)
                0x0000000000004cac                _Cwritebuf
 .text.fseek    0x0000000000004d14       0xf0 /Applications/MCUXpressoIDE_11.0.1_2563/ide/plugins/com.nxp.mcuxpresso.tools.macosx_11.0.1.201907311258/tools/bin/../lib/gcc/arm-none-eabi/8.2.1/../../../../arm-none-eabi/lib/thumb/v6-m/nofp/libcr_c.a(fseek.o)
                0x0000000000004d14                fseek
 .text.ftell    0x0000000000004e04       0x48 /Applications/MCUXpressoIDE_11.0.1_2563/ide/plugins/com.nxp.mcuxpresso.tools.macosx_11.0.1.201907311258/tools/bin/../lib/gcc/arm-none-eabi/8.2.1/../../../../arm-none-eabi/lib/thumb/v6-m/nofp/libcr_c.a(ftell.o)
                0x0000000000004e04                ftell
 .text.__check_heap_overflow
                0x0000000000004e4c       0x14 /Applications/MCUXpressoIDE_11.0.1_2563/ide/plugins/com.nxp.mcuxpresso.tools.macosx_11.0.1.201907311258/tools/bin/../lib/gcc/arm-none-eabi/8.2.1/../../../../arm-none-eabi/lib/thumb/v6-m/nofp/libcr_c.a(_cr_check_heap.o)
                0x0000000000004e4c                __check_heap_overflow
 .text.__aeabi_division_idivmod
                0x0000000000004e60       0x78 /Applications/MCUXpressoIDE_11.0.1_2563/ide/plugins/com.nxp.mcuxpresso.tools.macosx_11.0.1.201907311258/tools/bin/../lib/gcc/arm-none-eabi/8.2.1/thumb/v6-m/nofp/libcr_eabihelpers.a(division_32.o)
                0x0000000000004e60                __aeabi_idiv
                0x0000000000004e60                __aeabi_idivmod
                0x0000000000004e66                __aeabi_uidiv
                0x0000000000004e66                __aeabi_uidivmod
 .text.__aeabi_division_idiv0
                0x0000000000004ed8        0x2 /Applications/MCUXpressoIDE_11.0.1_2563/ide/plugins/com.nxp.mcuxpresso.tools.macosx_11.0.1.201907311258/tools/bin/../lib/gcc/arm-none-eabi/8.2.1/thumb/v6-m/nofp/libcr_eabihelpers.a(division_idiv0.o)
                0x0000000000004ed8                __aeabi_idiv0
 *fill*         0x0000000000004eda        0x2 ff
 .text.__aeabi_dmul
                0x0000000000004edc      0x188 /Applications/MCUXpressoIDE_11.0.1_2563/ide/plugins/com.nxp.mcuxpresso.tools.macosx_11.0.1.201907311258/tools/bin/../lib/gcc/arm-none-eabi/8.2.1/thumb/v6-m/nofp/libcr_eabihelpers.a(double.o)
                0x0000000000004edc                __aeabi_dmul
 .text.__aeabi_ddiv
                0x0000000000005064      0x148 /Applications/MCUXpressoIDE_11.0.1_2563/ide/plugins/com.nxp.mcuxpresso.tools.macosx_11.0.1.201907311258/tools/bin/../lib/gcc/arm-none-eabi/8.2.1/thumb/v6-m/nofp/libcr_eabihelpers.a(double.o)
                0x0000000000005064                __aeabi_ddiv
 .text.__aeabi_dsub
                0x00000000000051ac      0x1c4 /Applications/MCUXpressoIDE_11.0.1_2563/ide/plugins/com.nxp.mcuxpresso.tools.macosx_11.0.1.201907311258/tools/bin/../lib/gcc/arm-none-eabi/8.2.1/thumb/v6-m/nofp/libcr_eabihelpers.a(double.o)
                0x00000000000051ac                __aeabi_dsub
 .text.__aeabi_dadd
                0x0000000000005370      0x12c /Applications/MCUXpressoIDE_11.0.1_2563/ide/plugins/com.nxp.mcuxpresso.tools.macosx_11.0.1.201907311258/tools/bin/../lib/gcc/arm-none-eabi/8.2.1/thumb/v6-m/nofp/libcr_eabihelpers.a(double.o)
                0x0000000000005370                __aeabi_dadd
 .text.__aeabi_d2iz
                0x000000000000549c       0x4c /Applications/MCUXpressoIDE_11.0.1_2563/ide/plugins/com.nxp.mcuxpresso.tools.macosx_11.0.1.201907311258/tools/bin/../lib/gcc/arm-none-eabi/8.2.1/thumb/v6-m/nofp/libcr_eabihelpers.a(double.o)
                0x000000000000549c                __aeabi_d2iz
 .text.__bhs_ui2d
                0x00000000000054e8       0x5e /Applications/MCUXpressoIDE_11.0.1_2563/ide/plugins/com.nxp.mcuxpresso.tools.macosx_11.0.1.201907311258/tools/bin/../lib/gcc/arm-none-eabi/8.2.1/thumb/v6-m/nofp/libcr_eabihelpers.a(double.o)
                0x00000000000054e8                __bhs_ui2d
 .text.__aeabi_i2d
                0x0000000000005546       0x18 /Applications/MCUXpressoIDE_11.0.1_2563/ide/plugins/com.nxp.mcuxpresso.tools.macosx_11.0.1.201907311258/tools/bin/../lib/gcc/arm-none-eabi/8.2.1/thumb/v6-m/nofp/libcr_eabihelpers.a(double.o)
                0x0000000000005546                __aeabi_i2d
 *fill*         0x000000000000555e        0x2 ff
 .text.__aeabi_dcmpeq
                0x0000000000005560       0x30 /Applications/MCUXpressoIDE_11.0.1_2563/ide/plugins/com.nxp.mcuxpresso.tools.macosx_11.0.1.201907311258/tools/bin/../lib/gcc/arm-none-eabi/8.2.1/thumb/v6-m/nofp/libcr_eabihelpers.a(double.o)
                0x0000000000005560                __aeabi_dcmpeq
 .text.__aeabi_dcmplt
                0x0000000000005590       0x60 /Applications/MCUXpressoIDE_11.0.1_2563/ide/plugins/com.nxp.mcuxpresso.tools.macosx_11.0.1.201907311258/tools/bin/../lib/gcc/arm-none-eabi/8.2.1/thumb/v6-m/nofp/libcr_eabihelpers.a(double.o)
                0x0000000000005590                __aeabi_dcmplt
 .text.__aeabi_dcmple
                0x00000000000055f0       0x58 /Applications/MCUXpressoIDE_11.0.1_2563/ide/plugins/com.nxp.mcuxpresso.tools.macosx_11.0.1.201907311258/tools/bin/../lib/gcc/arm-none-eabi/8.2.1/thumb/v6-m/nofp/libcr_eabihelpers.a(double.o)
                0x00000000000055f0                __aeabi_dcmple
 .text.__aeabi_dcmpge
                0x0000000000005648       0x60 /Applications/MCUXpressoIDE_11.0.1_2563/ide/plugins/com.nxp.mcuxpresso.tools.macosx_11.0.1.201907311258/tools/bin/../lib/gcc/arm-none-eabi/8.2.1/thumb/v6-m/nofp/libcr_eabihelpers.a(double.o)
                0x0000000000005648                __aeabi_dcmpge
 .text.__aeabi_llong_lmul
                0x00000000000056a8       0x2e /Applications/MCUXpressoIDE_11.0.1_2563/ide/plugins/com.nxp.mcuxpresso.tools.macosx_11.0.1.201907311258/tools/bin/../lib/gcc/arm-none-eabi/8.2.1/thumb/v6-m/nofp/libcr_eabihelpers.a(llong.o)
                0x00000000000056a8                __aeabi_lmul
 .text.__aeabi_memset_lowlevel
                0x00000000000056d6       0x2a /Applications/MCUXpressoIDE_11.0.1_2563/ide/plugins/com.nxp.mcuxpresso.tools.macosx_11.0.1.201907311258/tools/bin/../lib/gcc/arm-none-eabi/8.2.1/thumb/v6-m/nofp/libcr_eabihelpers.a(memcpy.o)
                0x00000000000056d6                __aeabi_lowlevel_memset
 .text.__sys_appexit
                0x0000000000005700        0xc /Applications/MCUXpressoIDE_11.0.1_2563/ide/plugins/com.nxp.mcuxpresso.tools.macosx_11.0.1.201907311258/tools/bin/../lib/gcc/arm-none-eabi/8.2.1/../../../../arm-none-eabi/lib/thumb/v6-m/nofp/libcr_semihost_nf.a(__sys_appexit.o)
                0x0000000000005700                __exit
                0x0000000000005700                __sys_appexit
 .text.__sys_flen
                0x000000000000570c        0xc /Applications/MCUXpressoIDE_11.0.1_2563/ide/plugins/com.nxp.mcuxpresso.tools.macosx_11.0.1.201907311258/tools/bin/../lib/gcc/arm-none-eabi/8.2.1/../../../../arm-none-eabi/lib/thumb/v6-m/nofp/libcr_semihost_nf.a(__sys_flen.o)
                0x000000000000570c                __sys_flen
 .text.__sys_istty
                0x0000000000005718        0xc /Applications/MCUXpressoIDE_11.0.1_2563/ide/plugins/com.nxp.mcuxpresso.tools.macosx_11.0.1.201907311258/tools/bin/../lib/gcc/arm-none-eabi/8.2.1/../../../../arm-none-eabi/lib/thumb/v6-m/nofp/libcr_semihost_nf.a(__sys_istty.o)
                0x0000000000005718                __sys_istty
 .text.__sys_seek
                0x0000000000005724        0xc /Applications/MCUXpressoIDE_11.0.1_2563/ide/plugins/com.nxp.mcuxpresso.tools.macosx_11.0.1.201907311258/tools/bin/../lib/gcc/arm-none-eabi/8.2.1/../../../../arm-none-eabi/lib/thumb/v6-m/nofp/libcr_semihost_nf.a(__sys_seek.o)
                0x0000000000005724                __sys_seek
 .text.__sys_write
                0x0000000000005730        0xc /Applications/MCUXpressoIDE_11.0.1_2563/ide/plugins/com.nxp.mcuxpresso.tools.macosx_11.0.1.201907311258/tools/bin/../lib/gcc/arm-none-eabi/8.2.1/../../../../arm-none-eabi/lib/thumb/v6-m/nofp/libcr_semihost_nf.a(__sys_write.o)
                0x0000000000005730                __sys_write
 *(.rodata .rodata.* .constdata .constdata.*)
 .rodata        0x000000000000573c       0xe5 ./debug_frdm/main.o
 *fill*         0x0000000000005821        0x3 ff
 .rodata.mcgConfig_BOARD_BootClockRUN
                0x0000000000005824        0xa ./debug_frdm/board/clock_config.o
                0x0000000000005824                mcgConfig_BOARD_BootClockRUN
 *fill*         0x000000000000582e        0x2 ff
 .rodata.simConfig_BOARD_BootClockRUN
                0x0000000000005830        0x8 ./debug_frdm/board/clock_config.o
                0x0000000000005830                simConfig_BOARD_BootClockRUN
 .rodata.oscConfig_BOARD_BootClockRUN
                0x0000000000005838        0x8 ./debug_frdm/board/clock_config.o
                0x0000000000005838                oscConfig_BOARD_BootClockRUN
 .rodata        0x0000000000005840       0x43 ./debug_frdm/drivers/fsl_clock.o
 *fill*         0x0000000000005883        0x1 ff
 .rodata.__func__.5326
                0x0000000000005884       0x17 ./debug_frdm/drivers/fsl_clock.o
 *fill*         0x000000000000589b        0x1 ff
 .rodata.fllFactorTable.5432
                0x000000000000589c       0x10 ./debug_frdm/drivers/fsl_clock.o
 .rodata.__func__.5447
                0x00000000000058ac       0x12 ./debug_frdm/drivers/fsl_clock.o
 *fill*         0x00000000000058be        0x2 ff
 .rodata.__func__.5487
                0x00000000000058c0       0x11 ./debug_frdm/drivers/fsl_clock.o
 *fill*         0x00000000000058d1        0x3 ff
 .rodata.__func__.5624
                0x00000000000058d4       0x11 ./debug_frdm/drivers/fsl_clock.o
 *fill*         0x00000000000058e5        0x3 ff
 .rodata.__func__.5691
                0x00000000000058e8       0x14 ./debug_frdm/drivers/fsl_clock.o
 .rodata        0x00000000000058fc       0x3e ./debug_frdm/drivers/fsl_common.o
 *fill*         0x000000000000593a        0x2 ff
 .rodata        0x000000000000593c       0xae ./debug_frdm/drivers/fsl_lpsci.o
 *fill*         0x00000000000059ea        0x2 ff
 .rodata.__func__.5507
                0x00000000000059ec       0x12 ./debug_frdm/drivers/fsl_lpsci.o
 *fill*         0x00000000000059fe        0x2 ff
 .rodata.__func__.5543
                0x0000000000005a00        0xb ./debug_frdm/drivers/fsl_lpsci.o
 *fill*         0x0000000000005a0b        0x1 ff
 .rodata.__func__.5564
                0x0000000000005a0c       0x17 ./debug_frdm/drivers/fsl_lpsci.o
 *fill*         0x0000000000005a23        0x1 ff
 .rodata.__func__.5609
                0x0000000000005a24       0x14 ./debug_frdm/drivers/fsl_lpsci.o
 .rodata.__func__.5621
                0x0000000000005a38       0x13 ./debug_frdm/drivers/fsl_lpsci.o
 *fill*         0x0000000000005a4b        0x1 ff
 .rodata.s_uartBases
                0x0000000000005a4c        0xc ./debug_frdm/drivers/fsl_uart.o
 .rodata.s_uartClock
                0x0000000000005a58        0xc ./debug_frdm/drivers/fsl_uart.o
 .rodata        0x0000000000005a64       0xa6 ./debug_frdm/drivers/fsl_uart.o
 *fill*         0x0000000000005b0a        0x2 ff
 .rodata.__func__.5510
                0x0000000000005b0c       0x11 ./debug_frdm/drivers/fsl_uart.o
 *fill*         0x0000000000005b1d        0x3 ff
 .rodata.__func__.5526
                0x0000000000005b20        0xa ./debug_frdm/drivers/fsl_uart.o
 *fill*         0x0000000000005b2a        0x2 ff
 .rodata.__func__.5539
                0x0000000000005b2c       0x16 ./debug_frdm/drivers/fsl_uart.o
 *fill*         0x0000000000005b42        0x2 ff
 .rodata.__func__.5597
                0x0000000000005b44       0x12 ./debug_frdm/drivers/fsl_uart.o
 *fill*         0x0000000000005b56        0x2 ff
 .rodata        0x0000000000005b58       0x1a ./debug_frdm/frdm_includes/allocate_words.o
 *fill*         0x0000000000005b72        0x2 ff
 .rodata        0x0000000000005b74       0x1a ./debug_frdm/frdm_includes/verify_pattern.o
 *fill*         0x0000000000005b8e        0x2 ff
 .rodata        0x0000000000005b90       0x1a ./debug_frdm/frdm_includes/write_pattern.o
 *fill*         0x0000000000005baa        0x2 ff
 .rodata        0x0000000000005bac       0x14 ./debug_frdm/frdm_includes/loggerFunctions.o
 .rodata        0x0000000000005bc0      0x3b5 ./debug_frdm/frdm_includes/unitTest.o
 *fill*         0x0000000000005f75        0x3 ff
 .rodata        0x0000000000005f78       0x57 ./debug_frdm/System.o
 .rodata._Csys_alloc.str1.1
                0x0000000000005fcf       0x18 /Applications/MCUXpressoIDE_11.0.1_2563/ide/plugins/com.nxp.mcuxpresso.tools.macosx_11.0.1.201907311258/tools/bin/../lib/gcc/arm-none-eabi/8.2.1/../../../../arm-none-eabi/lib/thumb/v6-m/nofp/libcr_c.a(alloc.o)
 .rodata.fp_display.str1.1
                0x0000000000005fe7       0x34 /Applications/MCUXpressoIDE_11.0.1_2563/ide/plugins/com.nxp.mcuxpresso.tools.macosx_11.0.1.201907311258/tools/bin/../lib/gcc/arm-none-eabi/8.2.1/../../../../arm-none-eabi/lib/thumb/v6-m/nofp/libcr_c.a(fpprintf.o)
                                         0x35 (size before relaxing)
 .rodata.__vfprintf.str1.1
                0x000000000000601b       0x31 /Applications/MCUXpressoIDE_11.0.1_2563/ide/plugins/com.nxp.mcuxpresso.tools.macosx_11.0.1.201907311258/tools/bin/../lib/gcc/arm-none-eabi/8.2.1/../../../../arm-none-eabi/lib/thumb/v6-m/nofp/libcr_c.a(printf.o)
                                         0x38 (size before relaxing)
                0x000000000000604c                . = ALIGN (0x4)

.glue_7         0x000000000000604c        0x0
 .glue_7        0x000000000000604c        0x0 linker stubs

.glue_7t        0x000000000000604c        0x0
 .glue_7t       0x000000000000604c        0x0 linker stubs

.vfp11_veneer   0x000000000000604c        0x0
 .vfp11_veneer  0x000000000000604c        0x0 linker stubs

.v4_bx          0x000000000000604c        0x0
 .v4_bx         0x000000000000604c        0x0 linker stubs

.iplt           0x000000000000604c        0x0
 .iplt          0x000000000000604c        0x0 ./debug_frdm/main.o

.rel.dyn        0x000000000000604c        0x0
 .rel.iplt      0x000000000000604c        0x0 ./debug_frdm/main.o

.ARM.extab
 *(.ARM.extab* .gnu.linkonce.armextab.*)
                0x000000000000604c                __exidx_start = .

.ARM.exidx
 *(.ARM.exidx* .gnu.linkonce.armexidx.*)
                0x000000000000604c                __exidx_end = .
                0x000000000000604c                _etext = .

.m_usb_data
 *(m_usb_bdt)

.mtb_buffer_default
 *(.mtb*)

.uninit_RESERVED
                0x000000001ffff000        0x0
 *(.bss.$RESERVED*)
                0x000000001ffff000                . = ALIGN (0x4)
                0x000000001ffff000                _end_uninit_RESERVED = .

.data           0x000000001ffff000       0x18 load address 0x000000000000604c
 FILL mask 0xff
                0x000000001ffff000                _data = .
 *(vtable)
 *(.ramfunc*)
 *(.data*)
 .data.myBlockSize
                0x000000001ffff000        0x4 ./debug_frdm/main.o
                0x000000001ffff000                myBlockSize
 .data.seedValue
                0x000000001ffff004        0x1 ./debug_frdm/main.o
                0x000000001ffff004                seedValue
 *fill*         0x000000001ffff005        0x3 ff
 .data.blockOffset
                0x000000001ffff008        0x4 ./debug_frdm/main.o
                0x000000001ffff008                blockOffset
 .data.writeVal
                0x000000001ffff00c        0x4 ./debug_frdm/main.o
                0x000000001ffff00c                writeVal
 .data.SystemCoreClock
                0x000000001ffff010        0x4 ./debug_frdm/CMSIS/system_MKL25Z4.o
                0x000000001ffff010                SystemCoreClock
 .data.s_slowIrcFreq
                0x000000001ffff014        0x4 ./debug_frdm/drivers/fsl_clock.o
                0x000000001ffff018                . = ALIGN (0x4)
                0x000000001ffff018                _edata = .

.igot.plt       0x000000001ffff018        0x0 load address 0x0000000000006064
 .igot.plt      0x000000001ffff018        0x0 ./debug_frdm/main.o

.bss            0x000000001ffff018      0x110 load address 0x0000000000006064
                0x000000001ffff018                _bss = .
 *(.bss*)
 .bss.loggerEnable
                0x000000001ffff018        0x1 ./debug_frdm/main.o
                0x000000001ffff018                loggerEnable
 *fill*         0x000000001ffff019        0x3 
 .bss.s_lpsciHandle
                0x000000001ffff01c        0x4 ./debug_frdm/drivers/fsl_lpsci.o
 .bss.s_lpsciIsr
                0x000000001ffff020        0x4 ./debug_frdm/drivers/fsl_lpsci.o
 .bss.s_uartHandle
                0x000000001ffff024        0xc ./debug_frdm/drivers/fsl_uart.o
 .bss.s_uartIsr
                0x000000001ffff030        0x4 ./debug_frdm/drivers/fsl_uart.o
 .bss.s_debugConsole
                0x000000001ffff034       0x10 ./debug_frdm/utilities/fsl_debug_console.o
 .bss.ucunit_checks_failed
                0x000000001ffff044        0x4 ./debug_frdm/frdm_includes/unitTest.o
 .bss.ucunit_checks_passed
                0x000000001ffff048        0x4 ./debug_frdm/frdm_includes/unitTest.o
 .bss.ucunit_testcases_failed
                0x000000001ffff04c        0x4 ./debug_frdm/frdm_includes/unitTest.o
 .bss.ucunit_testcases_passed
                0x000000001ffff050        0x4 ./debug_frdm/frdm_includes/unitTest.o
 .bss.ucunit_testcases_failed_checks
                0x000000001ffff054        0x4 ./debug_frdm/frdm_includes/unitTest.o
 .bss.ucunit_checklist_failed_checks
                0x000000001ffff058        0x4 ./debug_frdm/frdm_includes/unitTest.o
 .bss.ucunit_action
                0x000000001ffff05c        0x4 ./debug_frdm/frdm_includes/unitTest.o
 .bss.__end_of_heap
                0x000000001ffff060        0x4 /Applications/MCUXpressoIDE_11.0.1_2563/ide/plugins/com.nxp.mcuxpresso.tools.macosx_11.0.1.201907311258/tools/bin/../lib/gcc/arm-none-eabi/8.2.1/../../../../arm-none-eabi/lib/thumb/v6-m/nofp/libcr_c.a(__init_alloc.o)
                0x000000001ffff060                __end_of_heap
 .bss.__heaps   0x000000001ffff064        0x4 /Applications/MCUXpressoIDE_11.0.1_2563/ide/plugins/com.nxp.mcuxpresso.tools.macosx_11.0.1.201907311258/tools/bin/../lib/gcc/arm-none-eabi/8.2.1/../../../../arm-none-eabi/lib/thumb/v6-m/nofp/libcr_c.a(__init_alloc.o)
                0x000000001ffff064                __heaps
 .bss.errno     0x000000001ffff068        0x4 /Applications/MCUXpressoIDE_11.0.1_2563/ide/plugins/com.nxp.mcuxpresso.tools.macosx_11.0.1.201907311258/tools/bin/../lib/gcc/arm-none-eabi/8.2.1/../../../../arm-none-eabi/lib/thumb/v6-m/nofp/libcr_c.a(errno.o)
                0x000000001ffff068                errno
 .bss.__Ciob    0x000000001ffff06c       0xb4 /Applications/MCUXpressoIDE_11.0.1_2563/ide/plugins/com.nxp.mcuxpresso.tools.macosx_11.0.1.201907311258/tools/bin/../lib/gcc/arm-none-eabi/8.2.1/../../../../arm-none-eabi/lib/thumb/v6-m/nofp/libcr_semihost_nf.a(__ciob.o)
                0x000000001ffff06c                __Ciob
 *(COMMON)
 COMMON         0x000000001ffff120        0x8 ./debug_frdm/drivers/fsl_clock.o
                0x000000001ffff120                g_xtal32Freq
                0x000000001ffff124                g_xtal0Freq
                0x000000001ffff128                . = ALIGN (0x4)
                0x000000001ffff128                _ebss = .
                [!provide]                        PROVIDE (end = .)

.noinit         0x000000001ffff128        0x0 load address 0x0000000000006064
                0x000000001ffff128                _noinit = .
 *(.noinit*)
                0x000000001ffff128                . = ALIGN (0x4)
                0x000000001ffff128                _end_noinit = .

.heap           0x000000001ffff128      0x400 load address 0x0000000000006064
                0x000000001ffff128                _pvHeapStart = .
                0x000000001ffff528                . = (. + 0x400)
 *fill*         0x000000001ffff128      0x400 
                0x000000001ffff528                . = ALIGN (0x4)
                0x000000001ffff528                _pvHeapLimit = .

.heap2stackfill
                0x000000001ffff528      0x400 load address 0x0000000000006064
                0x000000001ffff928                . = (. + 0x400)
 *fill*         0x000000001ffff528      0x400 

.stack          0x0000000020002c00        0x0
                0x0000000020002c00                _vStackBase = .
                0x0000000020002c00                . = ALIGN (0x4)
                0x0000000020003000                _vStackTop = (. + 0x400)
OUTPUT(./debug_frdm/outputFRDM.axf elf32-littlearm)

.debug_info     0x0000000000000000    0x17150
 .debug_info    0x0000000000000000      0xff7 ./debug_frdm/main.o
 .debug_info    0x0000000000000ff7      0x4f5 ./debug_frdm/CMSIS/startup_MKL25Z4.o
 .debug_info    0x00000000000014ec      0x421 ./debug_frdm/CMSIS/system_MKL25Z4.o
 .debug_info    0x000000000000190d      0xf78 ./debug_frdm/board/board.o
 .debug_info    0x0000000000002885     0x13ca ./debug_frdm/board/clock_config.o
 .debug_info    0x0000000000003c4f       0x38 ./debug_frdm/board/peripherals.o
 .debug_info    0x0000000000003c87      0xe21 ./debug_frdm/board/pin_mux.o
 .debug_info    0x0000000000004aa8     0x2409 ./debug_frdm/drivers/fsl_clock.o
 .debug_info    0x0000000000006eb1      0xce0 ./debug_frdm/drivers/fsl_common.o
 .debug_info    0x0000000000007b91     0x1f25 ./debug_frdm/drivers/fsl_lpsci.o
 .debug_info    0x0000000000009ab6     0x1ea2 ./debug_frdm/drivers/fsl_uart.o
 .debug_info    0x000000000000b958     0x17de ./debug_frdm/utilities/fsl_debug_console.o
 .debug_info    0x000000000000d136      0xea3 ./debug_frdm/frdm_includes/allocate_words.o
 .debug_info    0x000000000000dfd9      0xe7d ./debug_frdm/frdm_includes/free_words.o
 .debug_info    0x000000000000ee56      0xccd ./debug_frdm/frdm_includes/gen_pattern.o
 .debug_info    0x000000000000fb23      0xcff ./debug_frdm/frdm_includes/invert_block.o
 .debug_info    0x0000000000010822      0xf05 ./debug_frdm/frdm_includes/verify_pattern.o
 .debug_info    0x0000000000011727      0xcdc ./debug_frdm/frdm_includes/write_memory.o
 .debug_info    0x0000000000012403      0xf27 ./debug_frdm/frdm_includes/write_pattern.o
 .debug_info    0x000000000001332a      0xe90 ./debug_frdm/frdm_includes/get_address.o
 .debug_info    0x00000000000141ba      0xdec ./debug_frdm/frdm_includes/ledControl.o
 .debug_info    0x0000000000014fa6      0xa29 ./debug_frdm/frdm_includes/loggerFunctions.o
 .debug_info    0x00000000000159cf      0xd77 ./debug_frdm/frdm_includes/unitTest.o
 .debug_info    0x0000000000016746      0xa0a ./debug_frdm/System.o

.debug_abbrev   0x0000000000000000     0x3b53
 .debug_abbrev  0x0000000000000000      0x251 ./debug_frdm/main.o
 .debug_abbrev  0x0000000000000251      0x17b ./debug_frdm/CMSIS/startup_MKL25Z4.o
 .debug_abbrev  0x00000000000003cc      0x12b ./debug_frdm/CMSIS/system_MKL25Z4.o
 .debug_abbrev  0x00000000000004f7      0x259 ./debug_frdm/board/board.o
 .debug_abbrev  0x0000000000000750      0x31d ./debug_frdm/board/clock_config.o
 .debug_abbrev  0x0000000000000a6d       0x2e ./debug_frdm/board/peripherals.o
 .debug_abbrev  0x0000000000000a9b      0x2a0 ./debug_frdm/board/pin_mux.o
 .debug_abbrev  0x0000000000000d3b      0x436 ./debug_frdm/drivers/fsl_clock.o
 .debug_abbrev  0x0000000000001171      0x379 ./debug_frdm/drivers/fsl_common.o
 .debug_abbrev  0x00000000000014ea      0x3c2 ./debug_frdm/drivers/fsl_lpsci.o
 .debug_abbrev  0x00000000000018ac      0x3dc ./debug_frdm/drivers/fsl_uart.o
 .debug_abbrev  0x0000000000001c88      0x389 ./debug_frdm/utilities/fsl_debug_console.o
 .debug_abbrev  0x0000000000002011      0x255 ./debug_frdm/frdm_includes/allocate_words.o
 .debug_abbrev  0x0000000000002266      0x242 ./debug_frdm/frdm_includes/free_words.o
 .debug_abbrev  0x00000000000024a8      0x22b ./debug_frdm/frdm_includes/gen_pattern.o
 .debug_abbrev  0x00000000000026d3      0x253 ./debug_frdm/frdm_includes/invert_block.o
 .debug_abbrev  0x0000000000002926      0x280 ./debug_frdm/frdm_includes/verify_pattern.o
 .debug_abbrev  0x0000000000002ba6      0x239 ./debug_frdm/frdm_includes/write_memory.o
 .debug_abbrev  0x0000000000002ddf      0x280 ./debug_frdm/frdm_includes/write_pattern.o
 .debug_abbrev  0x000000000000305f      0x244 ./debug_frdm/frdm_includes/get_address.o
 .debug_abbrev  0x00000000000032a3      0x257 ./debug_frdm/frdm_includes/ledControl.o
 .debug_abbrev  0x00000000000034fa      0x232 ./debug_frdm/frdm_includes/loggerFunctions.o
 .debug_abbrev  0x000000000000372c      0x211 ./debug_frdm/frdm_includes/unitTest.o
 .debug_abbrev  0x000000000000393d      0x216 ./debug_frdm/System.o

.debug_aranges  0x0000000000000000      0x998
 .debug_aranges
                0x0000000000000000       0x20 ./debug_frdm/main.o
 .debug_aranges
                0x0000000000000020      0x160 ./debug_frdm/CMSIS/startup_MKL25Z4.o
 .debug_aranges
                0x0000000000000180       0x28 ./debug_frdm/CMSIS/system_MKL25Z4.o
 .debug_aranges
                0x00000000000001a8       0x28 ./debug_frdm/board/board.o
 .debug_aranges
                0x00000000000001d0       0x68 ./debug_frdm/board/clock_config.o
 .debug_aranges
                0x0000000000000238       0x20 ./debug_frdm/board/peripherals.o
 .debug_aranges
                0x0000000000000258       0x38 ./debug_frdm/board/pin_mux.o
 .debug_aranges
                0x0000000000000290      0x1d8 ./debug_frdm/drivers/fsl_clock.o
 .debug_aranges
                0x0000000000000468       0x38 ./debug_frdm/drivers/fsl_common.o
 .debug_aranges
                0x00000000000004a0      0x118 ./debug_frdm/drivers/fsl_lpsci.o
 .debug_aranges
                0x00000000000005b8      0x130 ./debug_frdm/drivers/fsl_uart.o
 .debug_aranges
                0x00000000000006e8       0xa0 ./debug_frdm/utilities/fsl_debug_console.o
 .debug_aranges
                0x0000000000000788       0x20 ./debug_frdm/frdm_includes/allocate_words.o
 .debug_aranges
                0x00000000000007a8       0x20 ./debug_frdm/frdm_includes/free_words.o
 .debug_aranges
                0x00000000000007c8       0x20 ./debug_frdm/frdm_includes/gen_pattern.o
 .debug_aranges
                0x00000000000007e8       0x20 ./debug_frdm/frdm_includes/invert_block.o
 .debug_aranges
                0x0000000000000808       0x20 ./debug_frdm/frdm_includes/verify_pattern.o
 .debug_aranges
                0x0000000000000828       0x20 ./debug_frdm/frdm_includes/write_memory.o
 .debug_aranges
                0x0000000000000848       0x20 ./debug_frdm/frdm_includes/write_pattern.o
 .debug_aranges
                0x0000000000000868       0x20 ./debug_frdm/frdm_includes/get_address.o
 .debug_aranges
                0x0000000000000888       0x58 ./debug_frdm/frdm_includes/ledControl.o
 .debug_aranges
                0x00000000000008e0       0x48 ./debug_frdm/frdm_includes/loggerFunctions.o
 .debug_aranges
                0x0000000000000928       0x20 ./debug_frdm/frdm_includes/unitTest.o
 .debug_aranges
                0x0000000000000948       0x50 ./debug_frdm/System.o

.debug_ranges   0x0000000000000000      0x818
 .debug_ranges  0x0000000000000000       0x10 ./debug_frdm/main.o
 .debug_ranges  0x0000000000000010      0x150 ./debug_frdm/CMSIS/startup_MKL25Z4.o
 .debug_ranges  0x0000000000000160       0x18 ./debug_frdm/CMSIS/system_MKL25Z4.o
 .debug_ranges  0x0000000000000178       0x18 ./debug_frdm/board/board.o
 .debug_ranges  0x0000000000000190       0x58 ./debug_frdm/board/clock_config.o
 .debug_ranges  0x00000000000001e8       0x10 ./debug_frdm/board/peripherals.o
 .debug_ranges  0x00000000000001f8       0x28 ./debug_frdm/board/pin_mux.o
 .debug_ranges  0x0000000000000220      0x1c8 ./debug_frdm/drivers/fsl_clock.o
 .debug_ranges  0x00000000000003e8       0x28 ./debug_frdm/drivers/fsl_common.o
 .debug_ranges  0x0000000000000410      0x108 ./debug_frdm/drivers/fsl_lpsci.o
 .debug_ranges  0x0000000000000518      0x120 ./debug_frdm/drivers/fsl_uart.o
 .debug_ranges  0x0000000000000638       0x90 ./debug_frdm/utilities/fsl_debug_console.o
 .debug_ranges  0x00000000000006c8       0x10 ./debug_frdm/frdm_includes/allocate_words.o
 .debug_ranges  0x00000000000006d8       0x10 ./debug_frdm/frdm_includes/free_words.o
 .debug_ranges  0x00000000000006e8       0x10 ./debug_frdm/frdm_includes/gen_pattern.o
 .debug_ranges  0x00000000000006f8       0x10 ./debug_frdm/frdm_includes/invert_block.o
 .debug_ranges  0x0000000000000708       0x10 ./debug_frdm/frdm_includes/verify_pattern.o
 .debug_ranges  0x0000000000000718       0x10 ./debug_frdm/frdm_includes/write_memory.o
 .debug_ranges  0x0000000000000728       0x10 ./debug_frdm/frdm_includes/write_pattern.o
 .debug_ranges  0x0000000000000738       0x10 ./debug_frdm/frdm_includes/get_address.o
 .debug_ranges  0x0000000000000748       0x48 ./debug_frdm/frdm_includes/ledControl.o
 .debug_ranges  0x0000000000000790       0x38 ./debug_frdm/frdm_includes/loggerFunctions.o
 .debug_ranges  0x00000000000007c8       0x10 ./debug_frdm/frdm_includes/unitTest.o
 .debug_ranges  0x00000000000007d8       0x40 ./debug_frdm/System.o

.debug_line     0x0000000000000000     0x7da3
 .debug_line    0x0000000000000000      0x47d ./debug_frdm/main.o
 .debug_line    0x000000000000047d      0x244 ./debug_frdm/CMSIS/startup_MKL25Z4.o
 .debug_line    0x00000000000006c1      0x2cd ./debug_frdm/CMSIS/system_MKL25Z4.o
 .debug_line    0x000000000000098e      0x2c1 ./debug_frdm/board/board.o
 .debug_line    0x0000000000000c4f      0x3e1 ./debug_frdm/board/clock_config.o
 .debug_line    0x0000000000001030       0x48 ./debug_frdm/board/peripherals.o
 .debug_line    0x0000000000001078      0x30f ./debug_frdm/board/pin_mux.o
 .debug_line    0x0000000000001387     0x12e5 ./debug_frdm/drivers/fsl_clock.o
 .debug_line    0x000000000000266c      0x402 ./debug_frdm/drivers/fsl_common.o
 .debug_line    0x0000000000002a6e      0xd69 ./debug_frdm/drivers/fsl_lpsci.o
 .debug_line    0x00000000000037d7      0xd57 ./debug_frdm/drivers/fsl_uart.o
 .debug_line    0x000000000000452e      0xd1f ./debug_frdm/utilities/fsl_debug_console.o
 .debug_line    0x000000000000524d      0x3b3 ./debug_frdm/frdm_includes/allocate_words.o
 .debug_line    0x0000000000005600      0x396 ./debug_frdm/frdm_includes/free_words.o
 .debug_line    0x0000000000005996      0x31f ./debug_frdm/frdm_includes/gen_pattern.o
 .debug_line    0x0000000000005cb5      0x338 ./debug_frdm/frdm_includes/invert_block.o
 .debug_line    0x0000000000005fed      0x401 ./debug_frdm/frdm_includes/verify_pattern.o
 .debug_line    0x00000000000063ee      0x308 ./debug_frdm/frdm_includes/write_memory.o
 .debug_line    0x00000000000066f6      0x405 ./debug_frdm/frdm_includes/write_pattern.o
 .debug_line    0x0000000000006afb      0x392 ./debug_frdm/frdm_includes/get_address.o
 .debug_line    0x0000000000006e8d      0x39d ./debug_frdm/frdm_includes/ledControl.o
 .debug_line    0x000000000000722a      0x3a5 ./debug_frdm/frdm_includes/loggerFunctions.o
 .debug_line    0x00000000000075cf      0x42d ./debug_frdm/frdm_includes/unitTest.o
 .debug_line    0x00000000000079fc      0x3a7 ./debug_frdm/System.o

.debug_str      0x0000000000000000     0x4387
 .debug_str     0x0000000000000000      0xe8b ./debug_frdm/main.o
                                        0xf35 (size before relaxing)
 .debug_str     0x0000000000000e8b      0x38f ./debug_frdm/CMSIS/startup_MKL25Z4.o
                                        0x4a8 (size before relaxing)
 .debug_str     0x000000000000121a      0x142 ./debug_frdm/CMSIS/system_MKL25Z4.o
                                        0x30b (size before relaxing)
 .debug_str     0x000000000000135c       0x54 ./debug_frdm/board/board.o
                                        0xa49 (size before relaxing)
 .debug_str     0x00000000000013b0      0x2eb ./debug_frdm/board/clock_config.o
                                       0x11b0 (size before relaxing)
 .debug_str     0x000000000000169b       0x2e ./debug_frdm/board/peripherals.o
                                        0x134 (size before relaxing)
 .debug_str     0x00000000000016c9      0x2f6 ./debug_frdm/board/pin_mux.o
                                        0x990 (size before relaxing)
 .debug_str     0x00000000000019bf      0xb6c ./debug_frdm/drivers/fsl_clock.o
                                       0x1bbe (size before relaxing)
 .debug_str     0x000000000000252b      0x304 ./debug_frdm/drivers/fsl_common.o
                                        0x8c2 (size before relaxing)
 .debug_str     0x000000000000282f      0xac6 ./debug_frdm/drivers/fsl_lpsci.o
                                       0x1986 (size before relaxing)
 .debug_str     0x00000000000032f5      0x8e3 ./debug_frdm/drivers/fsl_uart.o
                                       0x1992 (size before relaxing)
 .debug_str     0x0000000000003bd8      0x446 ./debug_frdm/utilities/fsl_debug_console.o
                                       0x118f (size before relaxing)
 .debug_str     0x000000000000401e       0x30 ./debug_frdm/frdm_includes/allocate_words.o
                                        0xe1a (size before relaxing)
 .debug_str     0x000000000000404e       0x28 ./debug_frdm/frdm_includes/free_words.o
                                        0xdf3 (size before relaxing)
 .debug_str     0x0000000000004076       0x2a ./debug_frdm/frdm_includes/gen_pattern.o
                                        0x95d (size before relaxing)
 .debug_str     0x00000000000040a0       0x37 ./debug_frdm/frdm_includes/invert_block.o
                                        0x988 (size before relaxing)
 .debug_str     0x00000000000040d7       0x36 ./debug_frdm/frdm_includes/verify_pattern.o
                                        0xe35 (size before relaxing)
 .debug_str     0x000000000000410d       0x2c ./debug_frdm/frdm_includes/write_memory.o
                                        0x980 (size before relaxing)
 .debug_str     0x0000000000004139       0x2e ./debug_frdm/frdm_includes/write_pattern.o
                                        0xe5d (size before relaxing)
 .debug_str     0x0000000000004167       0x34 ./debug_frdm/frdm_includes/get_address.o
                                        0xe06 (size before relaxing)
 .debug_str     0x000000000000419b       0xaf ./debug_frdm/frdm_includes/ledControl.o
                                        0x9d8 (size before relaxing)
 .debug_str     0x000000000000424a       0x77 ./debug_frdm/frdm_includes/loggerFunctions.o
                                        0x621 (size before relaxing)
 .debug_str     0x00000000000042c1       0x4b ./debug_frdm/frdm_includes/unitTest.o
                                        0xa35 (size before relaxing)
 .debug_str     0x000000000000430c       0x7b ./debug_frdm/System.o
                                        0x62d (size before relaxing)

.comment        0x0000000000000000       0x75
 .comment       0x0000000000000000       0x75 ./debug_frdm/main.o
                                         0x76 (size before relaxing)
 .comment       0x0000000000000075       0x76 ./debug_frdm/CMSIS/startup_MKL25Z4.o
 .comment       0x0000000000000075       0x76 ./debug_frdm/CMSIS/system_MKL25Z4.o
 .comment       0x0000000000000075       0x76 ./debug_frdm/board/board.o
 .comment       0x0000000000000075       0x76 ./debug_frdm/board/clock_config.o
 .comment       0x0000000000000075       0x76 ./debug_frdm/board/peripherals.o
 .comment       0x0000000000000075       0x76 ./debug_frdm/board/pin_mux.o
 .comment       0x0000000000000075       0x76 ./debug_frdm/drivers/fsl_clock.o
 .comment       0x0000000000000075       0x76 ./debug_frdm/drivers/fsl_common.o
 .comment       0x0000000000000075       0x76 ./debug_frdm/drivers/fsl_lpsci.o
 .comment       0x0000000000000075       0x76 ./debug_frdm/drivers/fsl_uart.o
 .comment       0x0000000000000075       0x76 ./debug_frdm/utilities/fsl_debug_console.o
 .comment       0x0000000000000075       0x76 ./debug_frdm/frdm_includes/allocate_words.o
 .comment       0x0000000000000075       0x76 ./debug_frdm/frdm_includes/free_words.o
 .comment       0x0000000000000075       0x76 ./debug_frdm/frdm_includes/gen_pattern.o
 .comment       0x0000000000000075       0x76 ./debug_frdm/frdm_includes/invert_block.o
 .comment       0x0000000000000075       0x76 ./debug_frdm/frdm_includes/verify_pattern.o
 .comment       0x0000000000000075       0x76 ./debug_frdm/frdm_includes/write_memory.o
 .comment       0x0000000000000075       0x76 ./debug_frdm/frdm_includes/write_pattern.o
 .comment       0x0000000000000075       0x76 ./debug_frdm/frdm_includes/get_address.o
 .comment       0x0000000000000075       0x76 ./debug_frdm/frdm_includes/ledControl.o
 .comment       0x0000000000000075       0x76 ./debug_frdm/frdm_includes/loggerFunctions.o
 .comment       0x0000000000000075       0x76 ./debug_frdm/frdm_includes/unitTest.o
 .comment       0x0000000000000075       0x76 ./debug_frdm/System.o
 .comment       0x0000000000000075       0x76 /Applications/MCUXpressoIDE_11.0.1_2563/ide/plugins/com.nxp.mcuxpresso.tools.macosx_11.0.1.201907311258/tools/bin/../lib/gcc/arm-none-eabi/8.2.1/../../../../arm-none-eabi/lib/thumb/v6-m/nofp/libcr_c.a(memset.o)
 .comment       0x0000000000000075       0x76 /Applications/MCUXpressoIDE_11.0.1_2563/ide/plugins/com.nxp.mcuxpresso.tools.macosx_11.0.1.201907311258/tools/bin/../lib/gcc/arm-none-eabi/8.2.1/../../../../arm-none-eabi/lib/thumb/v6-m/nofp/libcr_c.a(alloc.o)
 .comment       0x0000000000000075       0x76 /Applications/MCUXpressoIDE_11.0.1_2563/ide/plugins/com.nxp.mcuxpresso.tools.macosx_11.0.1.201907311258/tools/bin/../lib/gcc/arm-none-eabi/8.2.1/../../../../arm-none-eabi/lib/thumb/v6-m/nofp/libcr_c.a(fpprintf.o)
 .comment       0x0000000000000075       0x76 /Applications/MCUXpressoIDE_11.0.1_2563/ide/plugins/com.nxp.mcuxpresso.tools.macosx_11.0.1.201907311258/tools/bin/../lib/gcc/arm-none-eabi/8.2.1/../../../../arm-none-eabi/lib/thumb/v6-m/nofp/libcr_c.a(printf.o)
 .comment       0x0000000000000075       0x76 /Applications/MCUXpressoIDE_11.0.1_2563/ide/plugins/com.nxp.mcuxpresso.tools.macosx_11.0.1.201907311258/tools/bin/../lib/gcc/arm-none-eabi/8.2.1/../../../../arm-none-eabi/lib/thumb/v6-m/nofp/libcr_c.a(strlen.o)
 .comment       0x0000000000000075       0x76 /Applications/MCUXpressoIDE_11.0.1_2563/ide/plugins/com.nxp.mcuxpresso.tools.macosx_11.0.1.201907311258/tools/bin/../lib/gcc/arm-none-eabi/8.2.1/../../../../arm-none-eabi/lib/thumb/v6-m/nofp/libcr_c.a(__init_alloc.o)
 .comment       0x0000000000000075       0x76 /Applications/MCUXpressoIDE_11.0.1_2563/ide/plugins/com.nxp.mcuxpresso.tools.macosx_11.0.1.201907311258/tools/bin/../lib/gcc/arm-none-eabi/8.2.1/../../../../arm-none-eabi/lib/thumb/v6-m/nofp/libcr_c.a(_cr_sbrk.o)
 .comment       0x0000000000000075       0x76 /Applications/MCUXpressoIDE_11.0.1_2563/ide/plugins/com.nxp.mcuxpresso.tools.macosx_11.0.1.201907311258/tools/bin/../lib/gcc/arm-none-eabi/8.2.1/../../../../arm-none-eabi/lib/thumb/v6-m/nofp/libcr_c.a(_deferredlazyseek.o)
 .comment       0x0000000000000075       0x76 /Applications/MCUXpressoIDE_11.0.1_2563/ide/plugins/com.nxp.mcuxpresso.tools.macosx_11.0.1.201907311258/tools/bin/../lib/gcc/arm-none-eabi/8.2.1/../../../../arm-none-eabi/lib/thumb/v6-m/nofp/libcr_c.a(_fflush.o)
 .comment       0x0000000000000075       0x76 /Applications/MCUXpressoIDE_11.0.1_2563/ide/plugins/com.nxp.mcuxpresso.tools.macosx_11.0.1.201907311258/tools/bin/../lib/gcc/arm-none-eabi/8.2.1/../../../../arm-none-eabi/lib/thumb/v6-m/nofp/libcr_c.a(_frexpl.o)
 .comment       0x0000000000000075       0x76 /Applications/MCUXpressoIDE_11.0.1_2563/ide/plugins/com.nxp.mcuxpresso.tools.macosx_11.0.1.201907311258/tools/bin/../lib/gcc/arm-none-eabi/8.2.1/../../../../arm-none-eabi/lib/thumb/v6-m/nofp/libcr_c.a(_ldexpl.o)
 .comment       0x0000000000000075       0x76 /Applications/MCUXpressoIDE_11.0.1_2563/ide/plugins/com.nxp.mcuxpresso.tools.macosx_11.0.1.201907311258/tools/bin/../lib/gcc/arm-none-eabi/8.2.1/../../../../arm-none-eabi/lib/thumb/v6-m/nofp/libcr_c.a(_writebuf.o)
 .comment       0x0000000000000075       0x76 /Applications/MCUXpressoIDE_11.0.1_2563/ide/plugins/com.nxp.mcuxpresso.tools.macosx_11.0.1.201907311258/tools/bin/../lib/gcc/arm-none-eabi/8.2.1/../../../../arm-none-eabi/lib/thumb/v6-m/nofp/libcr_c.a(errno.o)
 .comment       0x0000000000000075       0x76 /Applications/MCUXpressoIDE_11.0.1_2563/ide/plugins/com.nxp.mcuxpresso.tools.macosx_11.0.1.201907311258/tools/bin/../lib/gcc/arm-none-eabi/8.2.1/../../../../arm-none-eabi/lib/thumb/v6-m/nofp/libcr_c.a(fseek.o)
 .comment       0x0000000000000075       0x76 /Applications/MCUXpressoIDE_11.0.1_2563/ide/plugins/com.nxp.mcuxpresso.tools.macosx_11.0.1.201907311258/tools/bin/../lib/gcc/arm-none-eabi/8.2.1/../../../../arm-none-eabi/lib/thumb/v6-m/nofp/libcr_c.a(ftell.o)
 .comment       0x0000000000000075       0x76 /Applications/MCUXpressoIDE_11.0.1_2563/ide/plugins/com.nxp.mcuxpresso.tools.macosx_11.0.1.201907311258/tools/bin/../lib/gcc/arm-none-eabi/8.2.1/../../../../arm-none-eabi/lib/thumb/v6-m/nofp/libcr_c.a(_cr_check_heap.o)
 .comment       0x0000000000000075       0x76 /Applications/MCUXpressoIDE_11.0.1_2563/ide/plugins/com.nxp.mcuxpresso.tools.macosx_11.0.1.201907311258/tools/bin/../lib/gcc/arm-none-eabi/8.2.1/thumb/v6-m/nofp/libcr_eabihelpers.a(double.o)
 .comment       0x0000000000000075       0x76 /Applications/MCUXpressoIDE_11.0.1_2563/ide/plugins/com.nxp.mcuxpresso.tools.macosx_11.0.1.201907311258/tools/bin/../lib/gcc/arm-none-eabi/8.2.1/../../../../arm-none-eabi/lib/thumb/v6-m/nofp/libcr_semihost_nf.a(__ciob.o)

.ARM.attributes
                0x0000000000000000       0x2a
 .ARM.attributes
                0x0000000000000000       0x2c ./debug_frdm/main.o
 .ARM.attributes
                0x000000000000002c       0x2c ./debug_frdm/CMSIS/startup_MKL25Z4.o
 .ARM.attributes
                0x0000000000000058       0x2c ./debug_frdm/CMSIS/system_MKL25Z4.o
 .ARM.attributes
                0x0000000000000084       0x2c ./debug_frdm/board/board.o
 .ARM.attributes
                0x00000000000000b0       0x2c ./debug_frdm/board/clock_config.o
 .ARM.attributes
                0x00000000000000dc       0x2c ./debug_frdm/board/peripherals.o
 .ARM.attributes
                0x0000000000000108       0x2c ./debug_frdm/board/pin_mux.o
 .ARM.attributes
                0x0000000000000134       0x2c ./debug_frdm/drivers/fsl_clock.o
 .ARM.attributes
                0x0000000000000160       0x2c ./debug_frdm/drivers/fsl_common.o
 .ARM.attributes
                0x000000000000018c       0x2c ./debug_frdm/drivers/fsl_lpsci.o
 .ARM.attributes
                0x00000000000001b8       0x2c ./debug_frdm/drivers/fsl_uart.o
 .ARM.attributes
                0x00000000000001e4       0x2c ./debug_frdm/utilities/fsl_debug_console.o
 .ARM.attributes
                0x0000000000000210       0x2c ./debug_frdm/frdm_includes/allocate_words.o
 .ARM.attributes
                0x000000000000023c       0x2c ./debug_frdm/frdm_includes/free_words.o
 .ARM.attributes
                0x0000000000000268       0x2c ./debug_frdm/frdm_includes/gen_pattern.o
 .ARM.attributes
                0x0000000000000294       0x2c ./debug_frdm/frdm_includes/invert_block.o
 .ARM.attributes
                0x00000000000002c0       0x2c ./debug_frdm/frdm_includes/verify_pattern.o
 .ARM.attributes
                0x00000000000002ec       0x2c ./debug_frdm/frdm_includes/write_memory.o
 .ARM.attributes
                0x0000000000000318       0x2c ./debug_frdm/frdm_includes/write_pattern.o
 .ARM.attributes
                0x0000000000000344       0x2c ./debug_frdm/frdm_includes/get_address.o
 .ARM.attributes
                0x0000000000000370       0x2c ./debug_frdm/frdm_includes/ledControl.o
 .ARM.attributes
                0x000000000000039c       0x2c ./debug_frdm/frdm_includes/loggerFunctions.o
 .ARM.attributes
                0x00000000000003c8       0x2c ./debug_frdm/frdm_includes/unitTest.o
 .ARM.attributes
                0x00000000000003f4       0x2c ./debug_frdm/System.o
 .ARM.attributes
                0x0000000000000420       0x2c /Applications/MCUXpressoIDE_11.0.1_2563/ide/plugins/com.nxp.mcuxpresso.tools.macosx_11.0.1.201907311258/tools/bin/../lib/gcc/arm-none-eabi/8.2.1/../../../../arm-none-eabi/lib/thumb/v6-m/nofp/libcr_c.a(memset.o)
 .ARM.attributes
                0x000000000000044c       0x2c /Applications/MCUXpressoIDE_11.0.1_2563/ide/plugins/com.nxp.mcuxpresso.tools.macosx_11.0.1.201907311258/tools/bin/../lib/gcc/arm-none-eabi/8.2.1/../../../../arm-none-eabi/lib/thumb/v6-m/nofp/libcr_c.a(alloc.o)
 .ARM.attributes
                0x0000000000000478       0x2c /Applications/MCUXpressoIDE_11.0.1_2563/ide/plugins/com.nxp.mcuxpresso.tools.macosx_11.0.1.201907311258/tools/bin/../lib/gcc/arm-none-eabi/8.2.1/../../../../arm-none-eabi/lib/thumb/v6-m/nofp/libcr_c.a(fpprintf.o)
 .ARM.attributes
                0x00000000000004a4       0x2c /Applications/MCUXpressoIDE_11.0.1_2563/ide/plugins/com.nxp.mcuxpresso.tools.macosx_11.0.1.201907311258/tools/bin/../lib/gcc/arm-none-eabi/8.2.1/../../../../arm-none-eabi/lib/thumb/v6-m/nofp/libcr_c.a(printf.o)
 .ARM.attributes
                0x00000000000004d0       0x2c /Applications/MCUXpressoIDE_11.0.1_2563/ide/plugins/com.nxp.mcuxpresso.tools.macosx_11.0.1.201907311258/tools/bin/../lib/gcc/arm-none-eabi/8.2.1/../../../../arm-none-eabi/lib/thumb/v6-m/nofp/libcr_c.a(strlen.o)
 .ARM.attributes
                0x00000000000004fc       0x2c /Applications/MCUXpressoIDE_11.0.1_2563/ide/plugins/com.nxp.mcuxpresso.tools.macosx_11.0.1.201907311258/tools/bin/../lib/gcc/arm-none-eabi/8.2.1/../../../../arm-none-eabi/lib/thumb/v6-m/nofp/libcr_c.a(__init_alloc.o)
 .ARM.attributes
                0x0000000000000528       0x2c /Applications/MCUXpressoIDE_11.0.1_2563/ide/plugins/com.nxp.mcuxpresso.tools.macosx_11.0.1.201907311258/tools/bin/../lib/gcc/arm-none-eabi/8.2.1/../../../../arm-none-eabi/lib/thumb/v6-m/nofp/libcr_c.a(_cr_sbrk.o)
 .ARM.attributes
                0x0000000000000554       0x2c /Applications/MCUXpressoIDE_11.0.1_2563/ide/plugins/com.nxp.mcuxpresso.tools.macosx_11.0.1.201907311258/tools/bin/../lib/gcc/arm-none-eabi/8.2.1/../../../../arm-none-eabi/lib/thumb/v6-m/nofp/libcr_c.a(_deferredlazyseek.o)
 .ARM.attributes
                0x0000000000000580       0x2c /Applications/MCUXpressoIDE_11.0.1_2563/ide/plugins/com.nxp.mcuxpresso.tools.macosx_11.0.1.201907311258/tools/bin/../lib/gcc/arm-none-eabi/8.2.1/../../../../arm-none-eabi/lib/thumb/v6-m/nofp/libcr_c.a(_fflush.o)
 .ARM.attributes
                0x00000000000005ac       0x2c /Applications/MCUXpressoIDE_11.0.1_2563/ide/plugins/com.nxp.mcuxpresso.tools.macosx_11.0.1.201907311258/tools/bin/../lib/gcc/arm-none-eabi/8.2.1/../../../../arm-none-eabi/lib/thumb/v6-m/nofp/libcr_c.a(_frexpl.o)
 .ARM.attributes
                0x00000000000005d8       0x2c /Applications/MCUXpressoIDE_11.0.1_2563/ide/plugins/com.nxp.mcuxpresso.tools.macosx_11.0.1.201907311258/tools/bin/../lib/gcc/arm-none-eabi/8.2.1/../../../../arm-none-eabi/lib/thumb/v6-m/nofp/libcr_c.a(_ldexpl.o)
 .ARM.attributes
                0x0000000000000604       0x2c /Applications/MCUXpressoIDE_11.0.1_2563/ide/plugins/com.nxp.mcuxpresso.tools.macosx_11.0.1.201907311258/tools/bin/../lib/gcc/arm-none-eabi/8.2.1/../../../../arm-none-eabi/lib/thumb/v6-m/nofp/libcr_c.a(_writebuf.o)
 .ARM.attributes
                0x0000000000000630       0x31 /Applications/MCUXpressoIDE_11.0.1_2563/ide/plugins/com.nxp.mcuxpresso.tools.macosx_11.0.1.201907311258/tools/bin/../lib/gcc/arm-none-eabi/8.2.1/../../../../arm-none-eabi/lib/thumb/v6-m/nofp/libcr_c.a(errno.o)
 .ARM.attributes
                0x0000000000000661       0x2c /Applications/MCUXpressoIDE_11.0.1_2563/ide/plugins/com.nxp.mcuxpresso.tools.macosx_11.0.1.201907311258/tools/bin/../lib/gcc/arm-none-eabi/8.2.1/../../../../arm-none-eabi/lib/thumb/v6-m/nofp/libcr_c.a(fseek.o)
 .ARM.attributes
                0x000000000000068d       0x2c /Applications/MCUXpressoIDE_11.0.1_2563/ide/plugins/com.nxp.mcuxpresso.tools.macosx_11.0.1.201907311258/tools/bin/../lib/gcc/arm-none-eabi/8.2.1/../../../../arm-none-eabi/lib/thumb/v6-m/nofp/libcr_c.a(ftell.o)
 .ARM.attributes
                0x00000000000006b9       0x2c /Applications/MCUXpressoIDE_11.0.1_2563/ide/plugins/com.nxp.mcuxpresso.tools.macosx_11.0.1.201907311258/tools/bin/../lib/gcc/arm-none-eabi/8.2.1/../../../../arm-none-eabi/lib/thumb/v6-m/nofp/libcr_c.a(_cr_check_heap.o)
 .ARM.attributes
                0x00000000000006e5       0x1c /Applications/MCUXpressoIDE_11.0.1_2563/ide/plugins/com.nxp.mcuxpresso.tools.macosx_11.0.1.201907311258/tools/bin/../lib/gcc/arm-none-eabi/8.2.1/thumb/v6-m/nofp/libcr_eabihelpers.a(division_32.o)
 .ARM.attributes
                0x0000000000000701       0x1c /Applications/MCUXpressoIDE_11.0.1_2563/ide/plugins/com.nxp.mcuxpresso.tools.macosx_11.0.1.201907311258/tools/bin/../lib/gcc/arm-none-eabi/8.2.1/thumb/v6-m/nofp/libcr_eabihelpers.a(division_idiv0.o)
 .ARM.attributes
                0x000000000000071d       0x2c /Applications/MCUXpressoIDE_11.0.1_2563/ide/plugins/com.nxp.mcuxpresso.tools.macosx_11.0.1.201907311258/tools/bin/../lib/gcc/arm-none-eabi/8.2.1/thumb/v6-m/nofp/libcr_eabihelpers.a(double.o)
 .ARM.attributes
                0x0000000000000749       0x1c /Applications/MCUXpressoIDE_11.0.1_2563/ide/plugins/com.nxp.mcuxpresso.tools.macosx_11.0.1.201907311258/tools/bin/../lib/gcc/arm-none-eabi/8.2.1/thumb/v6-m/nofp/libcr_eabihelpers.a(llong.o)
 .ARM.attributes
                0x0000000000000765       0x1c /Applications/MCUXpressoIDE_11.0.1_2563/ide/plugins/com.nxp.mcuxpresso.tools.macosx_11.0.1.201907311258/tools/bin/../lib/gcc/arm-none-eabi/8.2.1/thumb/v6-m/nofp/libcr_eabihelpers.a(memcpy.o)
 .ARM.attributes
                0x0000000000000781       0x31 /Applications/MCUXpressoIDE_11.0.1_2563/ide/plugins/com.nxp.mcuxpresso.tools.macosx_11.0.1.201907311258/tools/bin/../lib/gcc/arm-none-eabi/8.2.1/../../../../arm-none-eabi/lib/thumb/v6-m/nofp/libcr_semihost_nf.a(__ciob.o)
 .ARM.attributes
                0x00000000000007b2       0x1c /Applications/MCUXpressoIDE_11.0.1_2563/ide/plugins/com.nxp.mcuxpresso.tools.macosx_11.0.1.201907311258/tools/bin/../lib/gcc/arm-none-eabi/8.2.1/../../../../arm-none-eabi/lib/thumb/v6-m/nofp/libcr_semihost_nf.a(__sys_appexit.o)
 .ARM.attributes
                0x00000000000007ce       0x1c /Applications/MCUXpressoIDE_11.0.1_2563/ide/plugins/com.nxp.mcuxpresso.tools.macosx_11.0.1.201907311258/tools/bin/../lib/gcc/arm-none-eabi/8.2.1/../../../../arm-none-eabi/lib/thumb/v6-m/nofp/libcr_semihost_nf.a(__sys_flen.o)
 .ARM.attributes
                0x00000000000007ea       0x1c /Applications/MCUXpressoIDE_11.0.1_2563/ide/plugins/com.nxp.mcuxpresso.tools.macosx_11.0.1.201907311258/tools/bin/../lib/gcc/arm-none-eabi/8.2.1/../../../../arm-none-eabi/lib/thumb/v6-m/nofp/libcr_semihost_nf.a(__sys_istty.o)
 .ARM.attributes
                0x0000000000000806       0x1c /Applications/MCUXpressoIDE_11.0.1_2563/ide/plugins/com.nxp.mcuxpresso.tools.macosx_11.0.1.201907311258/tools/bin/../lib/gcc/arm-none-eabi/8.2.1/../../../../arm-none-eabi/lib/thumb/v6-m/nofp/libcr_semihost_nf.a(__sys_seek.o)
 .ARM.attributes
                0x0000000000000822       0x1c /Applications/MCUXpressoIDE_11.0.1_2563/ide/plugins/com.nxp.mcuxpresso.tools.macosx_11.0.1.201907311258/tools/bin/../lib/gcc/arm-none-eabi/8.2.1/../../../../arm-none-eabi/lib/thumb/v6-m/nofp/libcr_semihost_nf.a(__sys_write.o)

.debug_frame    0x0000000000000000     0x1dcc
 .debug_frame   0x0000000000000000       0x30 ./debug_frdm/main.o
 .debug_frame   0x0000000000000030      0x498 ./debug_frdm/CMSIS/startup_MKL25Z4.o
 .debug_frame   0x00000000000004c8       0x4c ./debug_frdm/CMSIS/system_MKL25Z4.o
 .debug_frame   0x0000000000000514       0x50 ./debug_frdm/board/board.o
 .debug_frame   0x0000000000000564      0x140 ./debug_frdm/board/clock_config.o
 .debug_frame   0x00000000000006a4       0x2c ./debug_frdm/board/peripherals.o
 .debug_frame   0x00000000000006d0       0x88 ./debug_frdm/board/pin_mux.o
 .debug_frame   0x0000000000000758      0x6e4 ./debug_frdm/drivers/fsl_clock.o
 .debug_frame   0x0000000000000e3c       0x90 ./debug_frdm/drivers/fsl_common.o
 .debug_frame   0x0000000000000ecc      0x418 ./debug_frdm/drivers/fsl_lpsci.o
 .debug_frame   0x00000000000012e4      0x468 ./debug_frdm/drivers/fsl_uart.o
 .debug_frame   0x000000000000174c      0x230 ./debug_frdm/utilities/fsl_debug_console.o
 .debug_frame   0x000000000000197c       0x30 ./debug_frdm/frdm_includes/allocate_words.o
 .debug_frame   0x00000000000019ac       0x30 ./debug_frdm/frdm_includes/free_words.o
 .debug_frame   0x00000000000019dc       0x30 ./debug_frdm/frdm_includes/gen_pattern.o
 .debug_frame   0x0000000000001a0c       0x30 ./debug_frdm/frdm_includes/invert_block.o
 .debug_frame   0x0000000000001a3c       0x30 ./debug_frdm/frdm_includes/verify_pattern.o
 .debug_frame   0x0000000000001a6c       0x30 ./debug_frdm/frdm_includes/write_memory.o
 .debug_frame   0x0000000000001a9c       0x30 ./debug_frdm/frdm_includes/write_pattern.o
 .debug_frame   0x0000000000001acc       0x30 ./debug_frdm/frdm_includes/get_address.o
 .debug_frame   0x0000000000001afc       0xfc ./debug_frdm/frdm_includes/ledControl.o
 .debug_frame   0x0000000000001bf8       0xc4 ./debug_frdm/frdm_includes/loggerFunctions.o
 .debug_frame   0x0000000000001cbc       0x30 ./debug_frdm/frdm_includes/unitTest.o
 .debug_frame   0x0000000000001cec       0xe0 ./debug_frdm/System.o
